[2026-10-04 20:53:49] 
[2026-10-04 20:53:49] === PLAN DE MANTENIMIENTO ===
[2026-10-04 20:53:49]   modo            : SIMULACION (0 escrituras)
[2026-10-04 20:53:49]   cola pendiente  : 53  (se procesarian hasta 10)
[2026-10-04 20:53:49]   actualizaciones : 0 (ACTUALIZADA/CORRECCION de la cola comun)
[2026-10-04 20:53:49]   pausa           : 2500 ms entre operaciones
[2026-10-04 20:53:49]     RETIRAR: 10
[2026-10-04 20:53:49] 
[2026-10-04 20:53:49] --- SIMULACION (no se escribe nada) ---
[2026-10-04 20:53:49]   RETIRAR  | 1613242035592352417 | Qué NO poner en el currículum: Guía para armar un CV exitoso
[2026-10-04 20:53:49]   RETIRAR  | 144688865620574320 | Beca para estudios en Tailandia
[2026-10-04 20:53:49]   RETIRAR  | 136720157432464816 | Cómo responder “Háblame de ti” en una entrevista de trabajo
[2026-10-04 20:53:49]   RETIRAR  | 1888204780528235376 | Cómo hacer un FODA personal para mejorar tu carrera profesional
[2026-10-04 20:53:49]   RETIRAR  | 1772644467657907377 | Becas Docentes del Grupo Romero
[2026-10-04 20:53:49]   RETIRAR  | 2395529925536716384 | Consejos psicológicos para soportar la búsqueda de trabajo
[2026-10-04 20:53:49]   RETIRAR  | 2109948841204354656 | Becas para estudios en la INDIA
[2026-10-04 20:53:49]   RETIRAR  | 2414657531077897957 | Beca Talento UPeU 2026-2027
[2026-10-04 20:53:49]   RETIRAR  | 2541756278222011520 | Qué ropa usar para una entrevista de trabajo: guía para vestir correct
[2026-10-04 20:53:49]   RETIRAR  | 2445552715905270431 | Cómo responder “¿Cuál es tu expectativa salarial?” en una entrevista d
[2026-10-04 20:53:49] 
[2026-10-04 20:53:49] SIMULACION OK: 10 operaciones preparadas, 0 escrituras reales.
[2026-10-04 20:53:51] 
[2026-10-04 20:53:51] === PLAN DE MANTENIMIENTO ===
[2026-10-04 20:53:51]   modo            : APLICAR (escrituras reales)
[2026-10-04 20:53:51]   cola pendiente  : 53  (se procesarian hasta 10)
[2026-10-04 20:53:51]   actualizaciones : 0 (ACTUALIZADA/CORRECCION de la cola comun)
[2026-10-04 20:53:51]   pausa           : 2500 ms entre operaciones
[2026-10-04 20:53:51]     RETIRAR: 10
[2026-10-04 20:53:51] CANCELADO: publicacion.activada=false en config\publicacion.json
[2026-10-04 20:53:51]   0 escrituras realizadas; la cola queda intacta.
[2026-10-04 21:00:02] 
[2026-10-04 21:00:02] === PLAN DE MANTENIMIENTO ===
[2026-10-04 21:00:02]   modo            : SIMULACION (0 escrituras)
[2026-10-04 21:00:02]   cola pendiente  : 53  (se procesarian hasta 10)
[2026-10-04 21:00:02]   actualizaciones : 0 (ACTUALIZADA/CORRECCION de la cola comun)
[2026-10-04 21:00:02]   pausa           : 2500 ms entre operaciones
[2026-10-04 21:00:02]     RETIRAR: 10
[2026-10-04 21:00:02] 
[2026-10-04 21:00:02] --- SIMULACION (no se escribe nada) ---
[2026-10-04 21:00:02]   RETIRAR  | 1613242035592352417 | Qué NO poner en el currículum: Guía para armar un CV exitoso
[2026-10-04 21:00:02]   RETIRAR  | 144688865620574320 | Beca para estudios en Tailandia
[2026-10-04 21:00:02]   RETIRAR  | 136720157432464816 | Cómo responder “Háblame de ti” en una entrevista de trabajo
[2026-10-04 21:00:02]   RETIRAR  | 1888204780528235376 | Cómo hacer un FODA personal para mejorar tu carrera profesional
[2026-10-04 21:00:02]   RETIRAR  | 1772644467657907377 | Becas Docentes del Grupo Romero
[2026-10-04 21:00:02]   RETIRAR  | 2395529925536716384 | Consejos psicológicos para soportar la búsqueda de trabajo
[2026-10-04 21:00:02]   RETIRAR  | 2109948841204354656 | Becas para estudios en la INDIA
[2026-10-04 21:00:02]   RETIRAR  | 2414657531077897957 | Beca Talento UPeU 2026-2027
[2026-10-04 21:00:02]   RETIRAR  | 2541756278222011520 | Qué ropa usar para una entrevista de trabajo: guía para vestir correct
[2026-10-04 21:00:02]   RETIRAR  | 2445552715905270431 | Cómo responder “¿Cuál es tu expectativa salarial?” en una entrevista d
[2026-10-04 21:00:02] 
[2026-10-04 21:00:02] SIMULACION OK: 10 operaciones preparadas, 0 escrituras reales.
[2026-10-04 21:01:18] 
[2026-10-04 21:01:18] === PLAN DE MANTENIMIENTO ===
[2026-10-04 21:01:18]   modo            : SIMULACION (0 escrituras)
[2026-10-04 21:01:18]   cola pendiente  : 53  (se procesarian hasta 10)
[2026-10-04 21:01:18]   actualizaciones : 0 (ACTUALIZADA/CORRECCION de la cola comun)
[2026-10-04 21:01:18]   pausa           : 2500 ms entre operaciones
[2026-10-04 21:01:18]     RETIRAR: 10
[2026-10-04 21:01:18] 
[2026-10-04 21:01:18] --- SIMULACION (no se escribe nada) ---
[2026-10-04 21:01:18]   RETIRAR  | 1613242035592352417 | Qué NO poner en el currículum: Guía para armar un CV exitoso
[2026-10-04 21:01:18]   RETIRAR  | 144688865620574320 | Beca para estudios en Tailandia
[2026-10-04 21:01:18]   RETIRAR  | 136720157432464816 | Cómo responder “Háblame de ti” en una entrevista de trabajo
[2026-10-04 21:01:18]   RETIRAR  | 1888204780528235376 | Cómo hacer un FODA personal para mejorar tu carrera profesional
[2026-10-04 21:01:18]   RETIRAR  | 1772644467657907377 | Becas Docentes del Grupo Romero
[2026-10-04 21:01:18]   RETIRAR  | 2395529925536716384 | Consejos psicológicos para soportar la búsqueda de trabajo
[2026-10-04 21:01:18]   RETIRAR  | 2109948841204354656 | Becas para estudios en la INDIA
[2026-10-04 21:01:18]   RETIRAR  | 2414657531077897957 | Beca Talento UPeU 2026-2027
[2026-10-04 21:01:18]   RETIRAR  | 2541756278222011520 | Qué ropa usar para una entrevista de trabajo: guía para vestir correct
[2026-10-04 21:01:18]   RETIRAR  | 2445552715905270431 | Cómo responder “¿Cuál es tu expectativa salarial?” en una entrevista d
[2026-10-04 21:01:18] 
[2026-10-04 21:01:18] SIMULACION OK: 10 operaciones preparadas, 0 escrituras reales.
[2026-10-04 21:03:48] 
[2026-10-04 21:03:48] === PLAN DE MANTENIMIENTO ===
[2026-10-04 21:03:48]   modo            : SIMULACION (0 escrituras)
[2026-10-04 21:03:48]   cola pendiente  : 53  (se procesarian hasta 10)
[2026-10-04 21:03:48]   actualizaciones : 0 (ACTUALIZADA/CORRECCION de la cola comun)
[2026-10-04 21:03:48]   pausa           : 2500 ms entre operaciones
[2026-10-04 21:03:48]     RETIRAR: 10
[2026-10-04 21:03:48] 
[2026-10-04 21:03:48] --- SIMULACION (no se escribe nada) ---
[2026-10-04 21:03:48]   RETIRAR  | 1613242035592352417 | Qué NO poner en el currículum: Guía para armar un CV exitoso
[2026-10-04 21:03:48]   RETIRAR  | 144688865620574320 | Beca para estudios en Tailandia
[2026-10-04 21:03:48]   RETIRAR  | 136720157432464816 | Cómo responder “Háblame de ti” en una entrevista de trabajo
[2026-10-04 21:03:48]   RETIRAR  | 1888204780528235376 | Cómo hacer un FODA personal para mejorar tu carrera profesional
[2026-10-04 21:03:48]   RETIRAR  | 1772644467657907377 | Becas Docentes del Grupo Romero
[2026-10-04 21:03:48]   RETIRAR  | 2395529925536716384 | Consejos psicológicos para soportar la búsqueda de trabajo
[2026-10-04 21:03:48]   RETIRAR  | 2109948841204354656 | Becas para estudios en la INDIA
[2026-10-04 21:03:48]   RETIRAR  | 2414657531077897957 | Beca Talento UPeU 2026-2027
[2026-10-04 21:03:48]   RETIRAR  | 2541756278222011520 | Qué ropa usar para una entrevista de trabajo: guía para vestir correct
[2026-10-04 21:03:48]   RETIRAR  | 2445552715905270431 | Cómo responder “¿Cuál es tu expectativa salarial?” en una entrevista d
[2026-10-04 21:03:48] 
[2026-10-04 21:03:48] SIMULACION OK: 10 operaciones preparadas, 0 escrituras reales.
[2026-10-04 22:14:43] 
[2026-10-04 22:14:43] === PLAN DE MANTENIMIENTO ===
[2026-10-04 22:14:43]   modo            : SIMULACION (0 escrituras)
[2026-10-04 22:14:43]   cola pendiente  : 53  (se procesarian hasta 10)
[2026-10-04 22:14:43]   actualizaciones : 0 (ACTUALIZADA/CORRECCION de la cola comun)
[2026-10-04 22:14:43]   pausa           : 2500 ms entre operaciones
[2026-10-04 22:14:43]     RETIRAR: 10
[2026-10-04 22:14:43] 
[2026-10-04 22:14:43] --- SIMULACION (no se escribe nada) ---
[2026-10-04 22:14:43]   RETIRAR  | 1613242035592352417 | Qué NO poner en el currículum: Guía para armar un CV exitoso
[2026-10-04 22:14:43]   RETIRAR  | 144688865620574320 | Beca para estudios en Tailandia
[2026-10-04 22:14:43]   RETIRAR  | 136720157432464816 | Cómo responder “Háblame de ti” en una entrevista de trabajo
[2026-10-04 22:14:43]   RETIRAR  | 1888204780528235376 | Cómo hacer un FODA personal para mejorar tu carrera profesional
[2026-10-04 22:14:43]   RETIRAR  | 1772644467657907377 | Becas Docentes del Grupo Romero
[2026-10-04 22:14:43]   RETIRAR  | 2395529925536716384 | Consejos psicológicos para soportar la búsqueda de trabajo
[2026-10-04 22:14:43]   RETIRAR  | 2109948841204354656 | Becas para estudios en la INDIA
[2026-10-04 22:14:43]   RETIRAR  | 2414657531077897957 | Beca Talento UPeU 2026-2027
[2026-10-04 22:14:43]   RETIRAR  | 2541756278222011520 | Qué ropa usar para una entrevista de trabajo: guía para vestir correct
[2026-10-04 22:14:43]   RETIRAR  | 2445552715905270431 | Cómo responder “¿Cuál es tu expectativa salarial?” en una entrevista d
[2026-10-04 22:14:43] 
[2026-10-04 22:14:43] SIMULACION OK: 10 operaciones preparadas, 0 escrituras reales.
[2026-10-05 20:29:23] 
[2026-10-05 20:29:23] === PLAN DE MANTENIMIENTO ===
[2026-10-05 20:29:23]   modo            : SIMULACION (0 escrituras)
[2026-10-05 20:29:23]   cola pendiente  : 53  (se procesarian hasta 10)
[2026-10-05 20:29:23]   actualizaciones : 0 (ACTUALIZADA/CORRECCION de la cola comun)
[2026-10-05 20:29:23]   pausa           : 2500 ms entre operaciones
[2026-10-05 20:29:23]   RETIRAR como    : BORRADOR (PATCH status=DRAFT, reversible)
[2026-10-05 20:29:23]     RETIRAR: 10
[2026-10-05 20:29:23] 
[2026-10-05 20:29:23] --- SIMULACION (no se escribe nada) ---
[2026-10-05 20:29:23]   RETIRAR  | 1613242035592352417 | Qué NO poner en el currículum: Guía para armar un CV exitoso  [Borrador]
[2026-10-05 20:29:23]   RETIRAR  | 144688865620574320 | Beca para estudios en Tailandia  [Borrador]
[2026-10-05 20:29:23]   RETIRAR  | 136720157432464816 | Cómo responder “Háblame de ti” en una entrevista de trabajo  [Borrador]
[2026-10-05 20:29:23]   RETIRAR  | 1888204780528235376 | Cómo hacer un FODA personal para mejorar tu carrera profesional  [Borrador]
[2026-10-05 20:29:23]   RETIRAR  | 1772644467657907377 | Becas Docentes del Grupo Romero  [Borrador]
[2026-10-05 20:29:23]   RETIRAR  | 2395529925536716384 | Consejos psicológicos para soportar la búsqueda de trabajo  [Borrador]
[2026-10-05 20:29:23]   RETIRAR  | 2109948841204354656 | Becas para estudios en la INDIA  [Borrador]
[2026-10-05 20:29:23]   RETIRAR  | 2414657531077897957 | Beca Talento UPeU 2026-2027  [Borrador]
[2026-10-05 20:29:23]   RETIRAR  | 2541756278222011520 | Qué ropa usar para una entrevista de trabajo: guía para vestir correct  [Borrador]
[2026-10-05 20:29:23]   RETIRAR  | 2445552715905270431 | Cómo responder “¿Cuál es tu expectativa salarial?” en una entrevista d  [Borrador]
[2026-10-05 20:29:23] 
[2026-10-05 20:29:23] SIMULACION OK: 10 operaciones preparadas, 0 escrituras reales.
[2026-10-05 20:29:38] 
[2026-10-05 20:29:38] === PLAN DE MANTENIMIENTO ===
[2026-10-05 20:29:38]   modo            : APLICAR (escrituras reales)
[2026-10-05 20:29:38]   cola pendiente  : 1  (se procesarian hasta 10)
[2026-10-05 20:29:38]   actualizaciones : 0 (ACTUALIZADA/CORRECCION de la cola comun)
[2026-10-05 20:29:38]   pausa           : 2500 ms entre operaciones
[2026-10-05 20:29:38]   RETIRAR como    : BORRADOR (PATCH status=DRAFT, reversible)
[2026-10-05 20:29:38]     RETIRAR: 1
[2026-10-05 20:29:38] 
[2026-10-05 20:29:38] === ESCRITURA ===
[2026-10-05 20:29:38]   limite efectivo: 10 operaciones, pausa 2500 ms
[2026-10-05 20:29:39]   blog: 448950430489176641
[2026-10-05 20:38:53] 
[2026-10-05 20:38:53] === PLAN DE MANTENIMIENTO ===
[2026-10-05 20:38:53]   modo            : SIMULACION (0 escrituras)
[2026-10-05 20:38:53]   cola pendiente  : 52  (se procesarian hasta 10)
[2026-10-05 20:38:53]   actualizaciones : 0 (ACTUALIZADA/CORRECCION de la cola comun)
[2026-10-05 20:38:53]   pausa           : 2500 ms entre operaciones
[2026-10-05 20:38:53]   RETIRAR como    : BORRADOR (posts.revert -> DRAFT, reversible)
[2026-10-05 20:38:53]     RETIRAR: 10
[2026-10-05 20:38:53] 
[2026-10-05 20:38:53] --- SIMULACION (no se escribe nada) ---
[2026-10-05 20:38:53]   RETIRAR  | 144688865620574320 | Beca para estudios en Tailandia  [Borrador]
[2026-10-05 20:38:53]   RETIRAR  | 136720157432464816 | Cómo responder “Háblame de ti” en una entrevista de trabajo  [Borrador]
[2026-10-05 20:38:53]   RETIRAR  | 1888204780528235376 | Cómo hacer un FODA personal para mejorar tu carrera profesional  [Borrador]
[2026-10-05 20:38:53]   RETIRAR  | 1772644467657907377 | Becas Docentes del Grupo Romero  [Borrador]
[2026-10-05 20:38:53]   RETIRAR  | 2395529925536716384 | Consejos psicológicos para soportar la búsqueda de trabajo  [Borrador]
[2026-10-05 20:38:53]   RETIRAR  | 2109948841204354656 | Becas para estudios en la INDIA  [Borrador]
[2026-10-05 20:38:53]   RETIRAR  | 2414657531077897957 | Beca Talento UPeU 2026-2027  [Borrador]
[2026-10-05 20:38:53]   RETIRAR  | 2541756278222011520 | Qué ropa usar para una entrevista de trabajo: guía para vestir correct  [Borrador]
[2026-10-05 20:38:53]   RETIRAR  | 2445552715905270431 | Cómo responder “¿Cuál es tu expectativa salarial?” en una entrevista d  [Borrador]
[2026-10-05 20:38:53]   RETIRAR  | 2988869234104233514 | Cómo responder “¿Cuáles son tus fortalezas?” en una entrevista de trab  [Borrador]
[2026-10-05 20:38:53] 
[2026-10-05 20:38:54] 
[2026-10-05 20:38:54] === PLAN DE MANTENIMIENTO ===
[2026-10-05 20:38:54]   modo            : SIMULACION (0 escrituras)
[2026-10-05 20:38:54]   cola pendiente  : 52  (se procesarian hasta 10)
[2026-10-05 20:38:54]   actualizaciones : 0 (ACTUALIZADA/CORRECCION de la cola comun)
[2026-10-05 20:38:54]   pausa           : 2500 ms entre operaciones
[2026-10-05 20:38:54]   RETIRAR como    : BORRADOR (posts.revert -> DRAFT, reversible)
[2026-10-05 20:38:54]     RETIRAR: 10
[2026-10-05 20:38:54] 
[2026-10-05 20:38:54] --- SIMULACION (no se escribe nada) ---
[2026-10-05 20:38:54]   RETIRAR  | 144688865620574320 | Beca para estudios en Tailandia  [Borrador]
[2026-10-05 20:38:54]   RETIRAR  | 136720157432464816 | Cómo responder “Háblame de ti” en una entrevista de trabajo  [Borrador]
[2026-10-05 20:38:54]   RETIRAR  | 1888204780528235376 | Cómo hacer un FODA personal para mejorar tu carrera profesional  [Borrador]
[2026-10-05 20:38:54]   RETIRAR  | 1772644467657907377 | Becas Docentes del Grupo Romero  [Borrador]
[2026-10-05 20:38:54]   RETIRAR  | 2395529925536716384 | Consejos psicológicos para soportar la búsqueda de trabajo  [Borrador]
[2026-10-05 20:38:54]   RETIRAR  | 2109948841204354656 | Becas para estudios en la INDIA  [Borrador]
[2026-10-05 20:38:54]   RETIRAR  | 2414657531077897957 | Beca Talento UPeU 2026-2027  [Borrador]
[2026-10-05 20:38:54]   RETIRAR  | 2541756278222011520 | Qué ropa usar para una entrevista de trabajo: guía para vestir correct  [Borrador]
[2026-10-05 20:38:54]   RETIRAR  | 2445552715905270431 | Cómo responder “¿Cuál es tu expectativa salarial?” en una entrevista d  [Borrador]
[2026-10-05 20:38:54]   RETIRAR  | 2988869234104233514 | Cómo responder “¿Cuáles son tus fortalezas?” en una entrevista de trab  [Borrador]
[2026-10-05 20:38:54] 
[2026-10-05 20:38:54] SIMULACION OK: 10 operaciones preparadas, 0 escrituras reales.
[2026-10-05 20:39:03] 
[2026-10-05 20:39:03] === PLAN DE MANTENIMIENTO ===
[2026-10-05 20:39:03]   modo            : APLICAR (escrituras reales)
[2026-10-05 20:39:03]   cola pendiente  : 52  (se procesarian hasta 10)
[2026-10-05 20:39:03]   actualizaciones : 0 (ACTUALIZADA/CORRECCION de la cola comun)
[2026-10-05 20:39:03]   pausa           : 2500 ms entre operaciones
[2026-10-05 20:39:03]   RETIRAR como    : BORRADOR (posts.revert -> DRAFT, reversible)
[2026-10-05 20:39:03]     RETIRAR: 10
[2026-10-05 20:39:03] 
[2026-10-05 20:39:03] === ESCRITURA ===
[2026-10-05 20:39:03]   limite efectivo: 10 operaciones, pausa 2500 ms
[2026-10-05 20:39:04]   blog: 448950430489176641
[2026-10-05 20:39:05]   [1/10] RETIRAR 144688865620574320 -> RETIRADO (BORRADOR)
[2026-10-05 20:39:10]   [2/10] RETIRAR 136720157432464816 -> RETIRADO (BORRADOR)
[2026-10-05 20:39:14]   [3/10] RETIRAR 1888204780528235376 -> RETIRADO (BORRADOR)
[2026-10-05 20:39:18]   [4/10] RETIRAR 1772644467657907377 -> RETIRADO (BORRADOR)
[2026-10-05 20:39:22]   [5/10] RETIRAR 2395529925536716384 -> RETIRADO (BORRADOR)
[2026-10-05 20:39:25]   [6/10] RETIRAR 2109948841204354656 -> RETIRADO (BORRADOR)
[2026-10-05 20:39:30]   [7/10] RETIRAR 2414657531077897957 -> RETIRADO (BORRADOR)
[2026-10-05 20:39:40]   [8/10] RETIRAR 2541756278222011520 -> RETIRADO (BORRADOR)
[2026-10-05 20:39:45]   [9/10] RETIRAR 2445552715905270431 -> RETIRADO (BORRADOR)
[2026-10-05 20:39:49]   [10/10] RETIRAR 2988869234104233514 -> RETIRADO (BORRADOR)
[2026-10-05 20:39:52] 
[2026-10-05 20:39:52] === RESUMEN MANTENIMIENTO ===
[2026-10-05 20:39:52]   CORREGIDOS : 0
[2026-10-05 20:39:52]   RETIRADOS  : 10
[2026-10-05 20:39:52]   YA AUSENTES: 0
[2026-10-05 20:39:52]   ACTUALIZ.  : 0
[2026-10-05 20:39:52]   ERRORES    : 0
[2026-10-05 20:39:52]   en cola    : 42 pendientes de 53
[2026-10-05 20:39:52]   registro   : C:\Users\Dell G3 Gaming\Documents\Default Project\datos\publicados\registro-historico.txt
[2026-10-05 20:39:52] hecho.
[2026-10-05 20:40:15] 
[2026-10-05 20:40:15] === PLAN DE MANTENIMIENTO ===
[2026-10-05 20:40:15]   modo            : APLICAR (escrituras reales)
[2026-10-05 20:40:15]   cola pendiente  : 42  (se procesarian hasta 10)
[2026-10-05 20:40:15]   actualizaciones : 0 (ACTUALIZADA/CORRECCION de la cola comun)
[2026-10-05 20:40:15]   pausa           : 2500 ms entre operaciones
[2026-10-05 20:40:15]   RETIRAR como    : BORRADOR (posts.revert -> DRAFT, reversible)
[2026-10-05 20:40:15]     RETIRAR: 10
[2026-10-05 20:40:15] 
[2026-10-05 20:40:15] === ESCRITURA ===
[2026-10-05 20:40:15]   limite efectivo: 10 operaciones, pausa 2500 ms
[2026-10-05 20:40:17]   blog: 448950430489176641
[2026-10-05 20:40:18]   [1/10] RETIRAR 2808928498950657271 -> RETIRADO (BORRADOR)
[2026-10-05 20:40:22]   [2/10] RETIRAR 273370936278935905 -> RETIRADO (BORRADOR)
[2026-10-05 20:40:26]   [3/10] RETIRAR 3214311401562922873 -> RETIRADO (BORRADOR)
[2026-10-05 20:40:30]   [4/10] RETIRAR 3077804618526817493 -> RETIRADO (BORRADOR)
[2026-10-05 20:40:35]   [5/10] RETIRAR 3254088036358861689 -> RETIRADO (BORRADOR)
[2026-10-05 20:40:39]   [6/10] RETIRAR 3791490107014313451 -> RETIRADO (BORRADOR)
[2026-10-05 20:40:43]   [7/10] RETIRAR 3468434083655180646 -> RETIRADO (BORRADOR)
[2026-10-05 20:40:47]   [8/10] RETIRAR 4281642345292090501 -> RETIRADO (BORRADOR)
[2026-10-05 20:40:58]   [9/10] RETIRAR 3965094016171733865 -> RETIRADO (BORRADOR)
[2026-10-05 20:41:02]   [10/10] RETIRAR 4633881328047294482 -> RETIRADO (BORRADOR)
[2026-10-05 20:41:05] 
[2026-10-05 20:41:05] === RESUMEN MANTENIMIENTO ===
[2026-10-05 20:41:05]   CORREGIDOS : 0
[2026-10-05 20:41:05]   RETIRADOS  : 10
[2026-10-05 20:41:05]   YA AUSENTES: 0
[2026-10-05 20:41:05]   ACTUALIZ.  : 0
[2026-10-05 20:41:05]   ERRORES    : 0
[2026-10-05 20:41:05]   en cola    : 32 pendientes de 53
[2026-10-05 20:41:05]   registro   : C:\Users\Dell G3 Gaming\Documents\Default Project\datos\publicados\registro-historico.txt
[2026-10-05 20:41:05] hecho.
[2026-10-05 20:41:18] 
[2026-10-05 20:41:18] === PLAN DE MANTENIMIENTO ===
[2026-10-05 20:41:18]   modo            : APLICAR (escrituras reales)
[2026-10-05 20:41:18]   cola pendiente  : 32  (se procesarian hasta 10)
[2026-10-05 20:41:18]   actualizaciones : 0 (ACTUALIZADA/CORRECCION de la cola comun)
[2026-10-05 20:41:18]   pausa           : 2500 ms entre operaciones
[2026-10-05 20:41:18]   RETIRAR como    : BORRADOR (posts.revert -> DRAFT, reversible)
[2026-10-05 20:41:18]     RETIRAR: 10
[2026-10-05 20:41:18] 
[2026-10-05 20:41:18] === ESCRITURA ===
[2026-10-05 20:41:18]   limite efectivo: 10 operaciones, pausa 2500 ms
[2026-10-05 20:41:19]   blog: 448950430489176641
[2026-10-05 20:41:21]   [1/10] RETIRAR 4476651376701167566 -> RETIRADO (BORRADOR)
[2026-10-05 20:41:25]   [2/10] RETIRAR 5288885620149231648 -> RETIRADO (BORRADOR)
[2026-10-05 20:41:29]   [3/10] RETIRAR 5372765967562633057 -> RETIRADO (BORRADOR)
[2026-10-05 20:41:33]   [4/10] RETIRAR 504639678929614284 -> RETIRADO (BORRADOR)
[2026-10-05 20:41:38]   [5/10] RETIRAR 5085919579988037741 -> RETIRADO (BORRADOR)
[2026-10-05 20:41:42]   [6/10] RETIRAR 5571126451708998077 -> RETIRADO (BORRADOR)
[2026-10-05 20:41:46]   [7/10] RETIRAR 547290889527094187 -> RETIRADO (BORRADOR)
[2026-10-05 20:41:50]   [8/10] RETIRAR 6116284884722701301 -> RETIRADO (BORRADOR)
[2026-10-05 20:41:54]   [9/10] RETIRAR 5967799388059341021 -> RETIRADO (BORRADOR)
[2026-10-05 20:41:58]   [10/10] RETIRAR 6464315738468322134 -> RETIRADO (BORRADOR)
[2026-10-05 20:42:01] 
[2026-10-05 20:42:01] === RESUMEN MANTENIMIENTO ===
[2026-10-05 20:42:01]   CORREGIDOS : 0
[2026-10-05 20:42:01]   RETIRADOS  : 10
[2026-10-05 20:42:01]   YA AUSENTES: 0
[2026-10-05 20:42:01]   ACTUALIZ.  : 0
[2026-10-05 20:42:01]   ERRORES    : 0
[2026-10-05 20:42:01]   en cola    : 22 pendientes de 53
[2026-10-05 20:42:01]   registro   : C:\Users\Dell G3 Gaming\Documents\Default Project\datos\publicados\registro-historico.txt
[2026-10-05 20:42:01] hecho.
[2026-10-05 20:42:14] 
[2026-10-05 20:42:14] === PLAN DE MANTENIMIENTO ===
[2026-10-05 20:42:14]   modo            : APLICAR (escrituras reales)
[2026-10-05 20:42:14]   cola pendiente  : 22  (se procesarian hasta 10)
[2026-10-05 20:42:14]   actualizaciones : 0 (ACTUALIZADA/CORRECCION de la cola comun)
[2026-10-05 20:42:14]   pausa           : 2500 ms entre operaciones
[2026-10-05 20:42:14]   RETIRAR como    : BORRADOR (posts.revert -> DRAFT, reversible)
[2026-10-05 20:42:14]     RETIRAR: 10
[2026-10-05 20:42:14] 
[2026-10-05 20:42:14] === ESCRITURA ===
[2026-10-05 20:42:14]   limite efectivo: 10 operaciones, pausa 2500 ms
[2026-10-05 20:42:15]   blog: 448950430489176641
[2026-10-05 20:42:17]   [1/10] RETIRAR 6432010943684791800 -> RETIRADO (BORRADOR)
[2026-10-05 20:42:21]   [2/10] RETIRAR 7131616352410014552 -> RETIRADO (BORRADOR)
[2026-10-05 20:42:24]   [3/10] RETIRAR 6968178560469746288 -> RETIRADO (BORRADOR)
[2026-10-05 20:42:28]   [4/10] RETIRAR 7476465586147116784 -> RETIRADO (BORRADOR)
[2026-10-05 20:42:32]   [5/10] RETIRAR 733780673930615300 -> RETIRADO (BORRADOR)
[2026-10-05 20:42:37]   [6/10] RETIRAR 7172940570977168499 -> RETIRADO (BORRADOR)
[2026-10-05 20:42:40]   [7/10] RETIRAR 8401913038681566287 -> RETIRADO (BORRADOR)
[2026-10-05 20:42:43]   [8/10] RETIRAR 7693824436567579250 -> RETIRADO (BORRADOR)
[2026-10-05 20:42:48]   [9/10] RETIRAR 8580025907264806665 -> RETIRADO (BORRADOR)
[2026-10-05 20:42:52]   [10/10] RETIRAR 8562897832762100672 -> RETIRADO (BORRADOR)
[2026-10-05 20:42:54] 
[2026-10-05 20:42:54] === RESUMEN MANTENIMIENTO ===
[2026-10-05 20:42:54]   CORREGIDOS : 0
[2026-10-05 20:42:54]   RETIRADOS  : 10
[2026-10-05 20:42:54]   YA AUSENTES: 0
[2026-10-05 20:42:54]   ACTUALIZ.  : 0
[2026-10-05 20:42:54]   ERRORES    : 0
[2026-10-05 20:42:54]   en cola    : 12 pendientes de 53
[2026-10-05 20:42:54]   registro   : C:\Users\Dell G3 Gaming\Documents\Default Project\datos\publicados\registro-historico.txt
[2026-10-05 20:42:54] hecho.
[2026-10-05 20:43:07] 
[2026-10-05 20:43:07] === PLAN DE MANTENIMIENTO ===
[2026-10-05 20:43:07]   modo            : APLICAR (escrituras reales)
[2026-10-05 20:43:07]   cola pendiente  : 12  (se procesarian hasta 10)
[2026-10-05 20:43:07]   actualizaciones : 0 (ACTUALIZADA/CORRECCION de la cola comun)
[2026-10-05 20:43:07]   pausa           : 2500 ms entre operaciones
[2026-10-05 20:43:07]   RETIRAR como    : BORRADOR (posts.revert -> DRAFT, reversible)
[2026-10-05 20:43:07]     RETIRAR: 10
[2026-10-05 20:43:07] 
[2026-10-05 20:43:07] === ESCRITURA ===
[2026-10-05 20:43:07]   limite efectivo: 10 operaciones, pausa 2500 ms
[2026-10-05 20:43:08]   blog: 448950430489176641
[2026-10-05 20:43:10]   [1/10] RETIRAR 8795049451270234843 -> RETIRADO (BORRADOR)
[2026-10-05 20:43:14]   [2/10] RETIRAR 8733915297852451579 -> RETIRADO (BORRADOR)
[2026-10-05 20:43:18]   [3/10] RETIRAR 9140558115344002397 -> RETIRADO (BORRADOR)
[2026-10-05 20:43:22]   [4/10] RETIRAR 9072234159849390910 -> RETIRADO (BORRADOR)
[2026-10-05 20:43:26]   [5/10] RETIRAR 1463549972841556067 -> RETIRADO (BORRADOR)
[2026-10-05 20:43:30]   [6/10] RETIRAR 1587560103609142190 -> RETIRADO (BORRADOR)
[2026-10-05 20:43:34]   [7/10] RETIRAR 433824245774516070 -> RETIRADO (BORRADOR)
[2026-10-05 20:43:37]   [8/10] RETIRAR 7005913111355516658 -> RETIRADO (BORRADOR)
[2026-10-05 20:43:42]   [9/10] RETIRAR 5084831292321068992 -> RETIRADO (BORRADOR)
[2026-10-05 20:43:45]   [10/10] RETIRAR 1570610277160501971 -> RETIRADO (BORRADOR)
[2026-10-05 20:43:47] 
[2026-10-05 20:43:47] === RESUMEN MANTENIMIENTO ===
[2026-10-05 20:43:47]   CORREGIDOS : 0
[2026-10-05 20:43:47]   RETIRADOS  : 10
[2026-10-05 20:43:47]   YA AUSENTES: 0
[2026-10-05 20:43:47]   ACTUALIZ.  : 0
[2026-10-05 20:43:47]   ERRORES    : 0
[2026-10-05 20:43:47]   en cola    : 2 pendientes de 53
[2026-10-05 20:43:47]   registro   : C:\Users\Dell G3 Gaming\Documents\Default Project\datos\publicados\registro-historico.txt
[2026-10-05 20:43:47] hecho.
[2026-10-05 20:44:01] 
[2026-10-05 20:44:01] === PLAN DE MANTENIMIENTO ===
[2026-10-05 20:44:01]   modo            : APLICAR (escrituras reales)
[2026-10-05 20:44:01]   cola pendiente  : 2  (se procesarian hasta 10)
[2026-10-05 20:44:01]   actualizaciones : 0 (ACTUALIZADA/CORRECCION de la cola comun)
[2026-10-05 20:44:01]   pausa           : 2500 ms entre operaciones
[2026-10-05 20:44:01]   RETIRAR como    : BORRADOR (posts.revert -> DRAFT, reversible)
[2026-10-05 20:44:01]     CORREGIR: 1
[2026-10-05 20:44:01]     RETIRAR: 1
[2026-10-05 20:44:01] 
[2026-10-05 20:44:01] === ESCRITURA ===
[2026-10-05 20:44:01]   limite efectivo: 10 operaciones, pausa 2500 ms
[2026-10-05 20:44:02]   blog: 448950430489176641
[2026-10-05 20:44:04]   [1/2] RETIRAR 1415725581511318141 -> RETIRADO (BORRADOR)
[2026-10-05 20:44:10]   [2/2] CORREGIR 8962648498940388486 -> CORREGIDO
[2026-10-05 20:44:12] 
[2026-10-05 20:44:12] === RESUMEN MANTENIMIENTO ===
[2026-10-05 20:44:12]   CORREGIDOS : 1
[2026-10-05 20:44:12]   RETIRADOS  : 1
[2026-10-05 20:44:12]   YA AUSENTES: 0
[2026-10-05 20:44:12]   ACTUALIZ.  : 0
[2026-10-05 20:44:12]   ERRORES    : 0
[2026-10-05 20:44:12]   en cola    : 0 pendientes de 53
[2026-10-05 20:44:12]   registro   : C:\Users\Dell G3 Gaming\Documents\Default Project\datos\publicados\registro-historico.txt
[2026-10-05 20:44:12] hecho.
[2026-10-05 23:13:20] 
[2026-10-05 23:13:20] === PLAN DE MANTENIMIENTO ===
[2026-10-05 23:13:20]   modo            : SIMULACION (0 escrituras)
[2026-10-05 23:13:20]   cola pendiente  : 800  (se procesarian hasta 10)
[2026-10-05 23:13:20]   actualizaciones : 0 (ACTUALIZADA/CORRECCION de la cola comun)
[2026-10-05 23:13:20]   pausa           : 2500 ms entre operaciones
[2026-10-05 23:13:20]   RETIRAR como    : BORRADOR (posts.revert -> DRAFT, reversible)
[2026-10-05 23:13:20]     RETIRAR: 10
[2026-10-05 23:13:20] 
[2026-10-05 23:13:20] --- SIMULACION (no se escribe nada) ---
[2026-10-05 23:13:20]   RETIRAR  | 7762224876029375794 | UNIVERSIDAD TECNOLOGICA LIMA SUR(UNTELS): Especialista Administrativo  [duplicado de 4630450402343295760]  [Borrador]
[2026-10-05 23:13:20]   RETIRAR  | 8096329754265164571 | UNIVERSIDAD TECNOLOGICA LIMA SUR(UNTELS): Asistente Administrativo  [duplicado de 7777720751105879676]  [Borrador]
[2026-10-05 23:13:20]   RETIRAR  | 8948203683660192681 | UNIVERSIDAD NACIONAL DE CHUPACA: Jefes, analistas y especialista  [Borrador]
[2026-10-05 23:13:20]   RETIRAR  | 230161198790239221 | UNIVERSIDAD TECNOLOGICA LIMA SUR(UNTELS): UNIVERSIDAD TECNOLOGICA LIMA  [Borrador]
[2026-10-05 23:13:20]   RETIRAR  | 8437051596078486639 | UGEL 4: UGEL 4: Solicita Coordinador de innovación Personal de Vigilan  [Borrador]
[2026-10-05 23:13:20]   RETIRAR  | 3764548627778357708 | UNIVERSIDAD HERMILIO VALDIZAN: UNIVERSIDAD HERMILIO VALDIZAN: (12) Pro  [Borrador]
[2026-10-05 23:13:20]   RETIRAR  | 3817254298326227307 | UGEL CORONEL PORTILLO: UGEL CORONEL PORTILLO: (8) Técnicos, especialis  [Borrador]
[2026-10-05 23:13:20]   RETIRAR  | 7395793271114850238 | SAT HUAMANGA: SAT HUAMANGA: Requiere Auxiliar de Tramite documentario   [Borrador]
[2026-10-05 23:13:20]   RETIRAR  | 8131661780687479012 | SEDAM HUANCAYO: Operadores de estaciones y plantas  [Borrador]
[2026-10-05 23:13:20]   RETIRAR  | 9172448288566045742 | G-REGIONAL DE EDUCACIÓN LAMBAYEQUE: Abogados, planificador y técnico  [Borrador]
[2026-10-05 23:13:20] 
[2026-10-05 23:13:20] SIMULACION OK: 10 operaciones preparadas, 0 escrituras reales.
[2026-10-05 23:15:01] 
[2026-10-05 23:15:01] === PLAN DE MANTENIMIENTO ===
[2026-10-05 23:15:01]   modo            : APLICAR (escrituras reales)
[2026-10-05 23:15:01]   cola pendiente  : 800  (se procesarian hasta 5)
[2026-10-05 23:15:01]   actualizaciones : 0 (ACTUALIZADA/CORRECCION de la cola comun)
[2026-10-05 23:15:01]   pausa           : 2500 ms entre operaciones
[2026-10-05 23:15:01]   RETIRAR como    : BORRADOR (posts.revert -> DRAFT, reversible)
[2026-10-05 23:15:01]     RETIRAR: 5
[2026-10-05 23:15:01] 
[2026-10-05 23:15:01] === ESCRITURA ===
[2026-10-05 23:15:01]   limite efectivo: 5 operaciones, pausa 2500 ms
[2026-10-05 23:15:02]   FALLO al obtener el blog: Error en el servidor remoto: (401) No autorizado.
[2026-10-05 23:17:15] 
[2026-10-05 23:17:15] === PLAN DE MANTENIMIENTO ===
[2026-10-05 23:17:15]   modo            : SIMULACION (0 escrituras)
[2026-10-05 23:17:15]   cola pendiente  : 800  (se procesarian hasta 10)
[2026-10-05 23:17:15]   actualizaciones : 0 (ACTUALIZADA/CORRECCION de la cola comun)
[2026-10-05 23:17:15]   pausa           : 2500 ms entre operaciones
[2026-10-05 23:17:15]   RETIRAR como    : BORRADOR (posts.revert -> DRAFT, reversible)
[2026-10-05 23:17:15]     RETIRAR: 10
[2026-10-05 23:17:15] 
[2026-10-05 23:17:15] --- SIMULACION (no se escribe nada) ---
[2026-10-05 23:17:15]   RETIRAR  | 7762224876029375794 | UNIVERSIDAD TECNOLOGICA LIMA SUR(UNTELS): Especialista Administrativo  [duplicado de 4630450402343295760]  [Borrador]
[2026-10-05 23:17:15]   RETIRAR  | 8096329754265164571 | UNIVERSIDAD TECNOLOGICA LIMA SUR(UNTELS): Asistente Administrativo  [duplicado de 7777720751105879676]  [Borrador]
[2026-10-05 23:17:15]   RETIRAR  | 8948203683660192681 | UNIVERSIDAD NACIONAL DE CHUPACA: Jefes, analistas y especialista  [Borrador]
[2026-10-05 23:17:15]   RETIRAR  | 230161198790239221 | UNIVERSIDAD TECNOLOGICA LIMA SUR(UNTELS): UNIVERSIDAD TECNOLOGICA LIMA  [Borrador]
[2026-10-05 23:17:15]   RETIRAR  | 8437051596078486639 | UGEL 4: UGEL 4: Solicita Coordinador de innovación Personal de Vigilan  [Borrador]
[2026-10-05 23:17:15]   RETIRAR  | 3764548627778357708 | UNIVERSIDAD HERMILIO VALDIZAN: UNIVERSIDAD HERMILIO VALDIZAN: (12) Pro  [Borrador]
[2026-10-05 23:17:15]   RETIRAR  | 3817254298326227307 | UGEL CORONEL PORTILLO: UGEL CORONEL PORTILLO: (8) Técnicos, especialis  [Borrador]
[2026-10-05 23:17:15]   RETIRAR  | 7395793271114850238 | SAT HUAMANGA: SAT HUAMANGA: Requiere Auxiliar de Tramite documentario   [Borrador]
[2026-10-05 23:17:15]   RETIRAR  | 8131661780687479012 | SEDAM HUANCAYO: Operadores de estaciones y plantas  [Borrador]
[2026-10-05 23:17:15]   RETIRAR  | 9172448288566045742 | G-REGIONAL DE EDUCACIÓN LAMBAYEQUE: Abogados, planificador y técnico  [Borrador]
[2026-10-05 23:17:15] 
[2026-10-05 23:17:15] SIMULACION OK: 10 operaciones preparadas, 0 escrituras reales.
[2026-10-05 23:17:17] 
[2026-10-05 23:17:17] === PLAN DE MANTENIMIENTO ===
[2026-10-05 23:17:17]   modo            : APLICAR (escrituras reales)
[2026-10-05 23:17:17]   cola pendiente  : 800  (se procesarian hasta 5)
[2026-10-05 23:17:17]   actualizaciones : 0 (ACTUALIZADA/CORRECCION de la cola comun)
[2026-10-05 23:17:17]   pausa           : 2500 ms entre operaciones
[2026-10-05 23:17:17]   RETIRAR como    : BORRADOR (posts.revert -> DRAFT, reversible)
[2026-10-05 23:17:17]     RETIRAR: 5
[2026-10-05 23:17:17]   AVISO: refresh fallido (Excepción al establecer "expiry_date": "La propiedad 'expiry_date' no se encuentra en este objeto. Compruebe que la propiedad existe y se puede establecer.")
[2026-10-05 23:17:17] 
[2026-10-05 23:17:17] === ESCRITURA ===
[2026-10-05 23:17:17]   limite efectivo: 5 operaciones, pausa 2500 ms
[2026-10-05 23:17:19]   blog: 448950430489176641
[2026-10-05 23:17:20]   [1/5] RETIRAR 7762224876029375794 -> RETIRADO (BORRADOR)
[2026-10-05 23:17:24]   [2/5] RETIRAR 8096329754265164571 -> RETIRADO (BORRADOR)
[2026-10-05 23:17:28]   [3/5] RETIRAR 8948203683660192681 -> RETIRADO (BORRADOR)
[2026-10-05 23:17:32]   [4/5] RETIRAR 230161198790239221 -> RETIRADO (BORRADOR)
[2026-10-05 23:17:36]   [5/5] RETIRAR 8437051596078486639 -> RETIRADO (BORRADOR)
[2026-10-05 23:17:39] 
[2026-10-05 23:17:39] === RESUMEN MANTENIMIENTO ===
[2026-10-05 23:17:39]   CORREGIDOS : 0
[2026-10-05 23:17:39]   RETIRADOS  : 5
[2026-10-05 23:17:39]   YA AUSENTES: 0
[2026-10-05 23:17:39]   ACTUALIZ.  : 0
[2026-10-05 23:17:39]   ERRORES    : 0
[2026-10-05 23:17:39]   en cola    : 795 pendientes de 853
[2026-10-05 23:17:39]   registro   : C:\Users\Dell G3 Gaming\Documents\Default Project\datos\publicados\registro-historico.txt
[2026-10-05 23:17:39] hecho.
[2026-10-05 23:18:24] 
[2026-10-05 23:18:24] === PLAN DE MANTENIMIENTO ===
[2026-10-05 23:18:24]   modo            : APLICAR (escrituras reales)
[2026-10-05 23:18:24]   cola pendiente  : 795  (se procesarian hasta 50)
[2026-10-05 23:18:24]   actualizaciones : 0 (ACTUALIZADA/CORRECCION de la cola comun)
[2026-10-05 23:18:24]   pausa           : 2500 ms entre operaciones
[2026-10-05 23:18:24]   RETIRAR como    : BORRADOR (posts.revert -> DRAFT, reversible)
[2026-10-05 23:18:24]     RETIRAR: 50
[2026-10-05 23:18:24]   access_token refrescado
[2026-10-05 23:18:24] 
[2026-10-05 23:18:24] === ESCRITURA ===
[2026-10-05 23:18:24]   limite efectivo: 50 operaciones, pausa 2500 ms
[2026-10-05 23:18:25]   blog: 448950430489176641
[2026-10-05 23:18:27]   [1/50] RETIRAR 3764548627778357708 -> RETIRADO (BORRADOR)
[2026-10-05 23:18:30]   [2/50] RETIRAR 3817254298326227307 -> RETIRADO (BORRADOR)
[2026-10-05 23:18:34]   [3/50] RETIRAR 8131661780687479012 -> RETIRADO (BORRADOR)
[2026-10-05 23:18:38]   [4/50] RETIRAR 7395793271114850238 -> RETIRADO (BORRADOR)
[2026-10-05 23:18:42]   [5/50] RETIRAR 971842013660703766 -> RETIRADO (BORRADOR)
[2026-10-05 23:18:46]   [6/50] RETIRAR 9172448288566045742 -> RETIRADO (BORRADOR)
[2026-10-05 23:18:50]   [7/50] RETIRAR 7393742002580365352 -> RETIRADO (BORRADOR)
[2026-10-05 23:18:54]   [8/50] RETIRAR 2301316832034281242 -> RETIRADO (BORRADOR)
[2026-10-05 23:18:58]   [9/50] RETIRAR 7512873650870083450 -> RETIRADO (BORRADOR)
[2026-10-05 23:19:01]   [10/50] RETIRAR 6188247705412661993 -> RETIRADO (BORRADOR)
[2026-10-05 23:19:05]   [11/50] RETIRAR 8171487468890964399 -> RETIRADO (BORRADOR)
[2026-10-05 23:19:09]   [12/50] RETIRAR 7151243270160760882 -> RETIRADO (BORRADOR)
[2026-10-05 23:19:13]   [13/50] RETIRAR 939892341769961041 -> RETIRADO (BORRADOR)
[2026-10-05 23:19:17]   [14/50] RETIRAR 8694560406888269186 -> RETIRADO (BORRADOR)
[2026-10-05 23:19:21]   [15/50] RETIRAR 6984525551713680768 -> RETIRADO (BORRADOR)
[2026-10-05 23:19:25]   [16/50] RETIRAR 369733648958579681 -> RETIRADO (BORRADOR)
[2026-10-05 23:19:29]   [17/50] RETIRAR 6384845093434917545 -> RETIRADO (BORRADOR)
[2026-10-05 23:19:33]   [18/50] RETIRAR 1601020333798503043 -> RETIRADO (BORRADOR)
[2026-10-05 23:19:37]   [19/50] RETIRAR 2028909675905548813 -> RETIRADO (BORRADOR)
[2026-10-05 23:19:41]   [20/50] RETIRAR 3160522954090985581 -> RETIRADO (BORRADOR)
[2026-10-05 23:19:45]   [21/50] RETIRAR 8565928600420309782 -> RETIRADO (BORRADOR)
[2026-10-05 23:19:49]   [22/50] RETIRAR 4350463605680616129 -> RETIRADO (BORRADOR)
[2026-10-05 23:19:53]   [23/50] RETIRAR 9138208926618958385 -> RETIRADO (BORRADOR)
[2026-10-05 23:19:57]   [24/50] RETIRAR 3818678781171896884 -> RETIRADO (BORRADOR)
[2026-10-05 23:20:01]   [25/50] RETIRAR 5882078972908863035 -> RETIRADO (BORRADOR)
[2026-10-05 23:20:04]   [26/50] RETIRAR 5055189824632735104 -> RETIRADO (BORRADOR)
[2026-10-05 23:20:08]   [27/50] RETIRAR 6777442323973823866 -> RETIRADO (BORRADOR)
[2026-10-05 23:20:12]   [28/50] RETIRAR 8543169773641846174 -> RETIRADO (BORRADOR)
[2026-10-05 23:20:20]   [29/50] RETIRAR 3710310671348376290 -> RETIRADO (BORRADOR)
[2026-10-05 23:20:23]   [30/50] RETIRAR 5126493054135491704 -> RETIRADO (BORRADOR)
[2026-10-05 23:20:27]   [31/50] RETIRAR 375538011138957913 -> RETIRADO (BORRADOR)
[2026-10-05 23:20:30]   [32/50] RETIRAR 567492409851713642 -> RETIRADO (BORRADOR)
[2026-10-05 23:20:34]   [33/50] RETIRAR 801194200515661288 -> RETIRADO (BORRADOR)
[2026-10-05 23:20:37]   [34/50] RETIRAR 1504674317443167021 -> RETIRADO (BORRADOR)
[2026-10-05 23:20:41]   [35/50] RETIRAR 2003436056711335612 -> RETIRADO (BORRADOR)
[2026-10-05 23:20:45]   [36/50] RETIRAR 3386221165896257128 -> RETIRADO (BORRADOR)
[2026-10-05 23:20:49]   [37/50] RETIRAR 3026083050708835067 -> RETIRADO (BORRADOR)
[2026-10-05 23:20:53]   [38/50] RETIRAR 5571156992837236133 -> RETIRADO (BORRADOR)
[2026-10-05 23:20:56]   [39/50] RETIRAR 5865964085932582718 -> RETIRADO (BORRADOR)
[2026-10-05 23:21:00]   [40/50] RETIRAR 5794407073647450757 -> RETIRADO (BORRADOR)
[2026-10-05 23:21:04]   [41/50] RETIRAR 5804244158634275754 -> RETIRADO (BORRADOR)
[2026-10-05 23:21:08]   [42/50] RETIRAR 5959240748084583141 -> RETIRADO (BORRADOR)
[2026-10-05 23:21:12]   [43/50] RETIRAR 6058902250659369048 -> RETIRADO (BORRADOR)
[2026-10-05 23:21:16]   [44/50] RETIRAR 6068216438297529088 -> RETIRADO (BORRADOR)
[2026-10-05 23:21:20]   [45/50] RETIRAR 6034539196147166717 -> RETIRADO (BORRADOR)
[2026-10-05 23:21:23]   [46/50] RETIRAR 6044166851884739593 -> RETIRADO (BORRADOR)
[2026-10-05 23:21:27]   [47/50] RETIRAR 6262672127184855358 -> RETIRADO (BORRADOR)
[2026-10-05 23:21:30]   [48/50] RETIRAR 6285309356071944012 -> RETIRADO (BORRADOR)
[2026-10-05 23:21:34]   [49/50] RETIRAR 6420628927150538720 -> RETIRADO (BORRADOR)
[2026-10-05 23:21:37]   [50/50] RETIRAR 6506259688543455960 -> RETIRADO (BORRADOR)
[2026-10-05 23:21:40] 
[2026-10-05 23:21:40] === RESUMEN MANTENIMIENTO ===
[2026-10-05 23:21:40]   CORREGIDOS : 0
[2026-10-05 23:21:40]   RETIRADOS  : 50
[2026-10-05 23:21:40]   YA AUSENTES: 0
[2026-10-05 23:21:40]   ACTUALIZ.  : 0
[2026-10-05 23:21:40]   ERRORES    : 0
[2026-10-05 23:21:40]   en cola    : 745 pendientes de 853
[2026-10-05 23:21:40]   registro   : C:\Users\Dell G3 Gaming\Documents\Default Project\datos\publicados\registro-historico.txt
[2026-10-05 23:21:40] hecho.
[2026-10-06 00:20:34] 
[2026-10-06 00:20:34] === PLAN DE MANTENIMIENTO ===
[2026-10-06 00:20:34]   modo            : APLICAR (escrituras reales)
[2026-10-06 00:20:34]   cola pendiente  : 745  (se procesarian hasta 1000)
[2026-10-06 00:20:34]   actualizaciones : 0 (ACTUALIZADA/CORRECCION de la cola comun)
[2026-10-06 00:20:34]   pausa           : 800 ms entre operaciones
[2026-10-06 00:20:34]   RETIRAR como    : BORRADOR (posts.revert -> DRAFT, reversible)
[2026-10-06 00:20:34]     CORREGIR: 596
[2026-10-06 00:20:34]     RETIRAR: 149
[2026-10-06 00:20:34] 
[2026-10-06 00:20:34] === ESCRITURA ===
[2026-10-06 00:20:34]   limite efectivo: 1000 operaciones, pausa 800 ms
[2026-10-06 00:20:35]   access_token refrescado
[2026-10-06 00:20:36]   blog: 448950430489176641
[2026-10-06 00:20:38]   [1/745] RETIRAR 7091668410510144108 -> RETIRADO (BORRADOR)
[2026-10-06 00:20:40]   [2/745] RETIRAR 7086918271433979050 -> RETIRADO (BORRADOR)
[2026-10-06 00:21:16]   [3/745] RETIRAR 7841579002429695560 -> RETIRADO (BORRADOR)
[2026-10-06 00:21:19]   [4/745] RETIRAR 8253152599984404325 -> RETIRADO (BORRADOR)
[2026-10-06 00:21:21]   [5/745] RETIRAR 8720902419462905946 -> RETIRADO (BORRADOR)
[2026-10-06 00:21:23]   [6/745] RETIRAR 8887469164055441384 -> RETIRADO (BORRADOR)
[2026-10-06 00:21:26]   [7/745] RETIRAR 3887607856867800988 -> RETIRADO (BORRADOR)
[2026-10-06 00:21:28]   [8/745] RETIRAR 3969854300813352046 -> RETIRADO (BORRADOR)
[2026-10-06 00:21:31]   [9/745] RETIRAR 6819104494213901711 -> RETIRADO (BORRADOR)
[2026-10-06 00:21:34]   [10/745] RETIRAR 4145675909955660600 -> RETIRADO (BORRADOR)
[2026-10-06 00:21:36]   [11/745] RETIRAR 4338817646968102948 -> RETIRADO (BORRADOR)
[2026-10-06 00:21:38]   [12/745] RETIRAR 4762906133683114796 -> RETIRADO (BORRADOR)
[2026-10-06 00:21:41]   [13/745] RETIRAR 4850073636278929907 -> RETIRADO (BORRADOR)
[2026-10-06 00:21:42]   [14/745] RETIRAR 4804995909784502464 -> RETIRADO (BORRADOR)
[2026-10-06 00:21:45]   [15/745] RETIRAR 5443327131498947744 -> RETIRADO (BORRADOR)
[2026-10-06 00:21:47]   [16/745] RETIRAR 5870638538447891792 -> RETIRADO (BORRADOR)
[2026-10-06 00:21:50]   [17/745] RETIRAR 6039800574208705795 -> RETIRADO (BORRADOR)
[2026-10-06 00:21:52]   [18/745] RETIRAR 6332645896597344834 -> RETIRADO (BORRADOR)
[2026-10-06 00:21:54]   [19/745] RETIRAR 6979256380793314741 -> RETIRADO (BORRADOR)
[2026-10-06 00:21:57]   [20/745] RETIRAR 7244357038685376982 -> RETIRADO (BORRADOR)
[2026-10-06 00:21:59]   [21/745] RETIRAR 7103463345030074909 -> RETIRADO (BORRADOR)
[2026-10-06 00:22:01]   [22/745] RETIRAR 7656784082766324466 -> RETIRADO (BORRADOR)
[2026-10-06 00:22:03]   [23/745] RETIRAR 8025642815044264510 -> RETIRADO (BORRADOR)
[2026-10-06 00:22:05]   [24/745] RETIRAR 214027486403395694 -> RETIRADO (BORRADOR)
[2026-10-06 00:22:08]   [25/745] RETIRAR 135735306498957532 -> RETIRADO (BORRADOR)
[2026-10-06 00:22:10]   [26/745] RETIRAR 566590154241393020 -> RETIRADO (BORRADOR)
[2026-10-06 00:22:12]   [27/745] RETIRAR 1092083805003518163 -> RETIRADO (BORRADOR)
[2026-10-06 00:22:14]   [28/745] RETIRAR 4119588434850823923 -> RETIRADO (BORRADOR)
[2026-10-06 00:22:15]   [29/745] RETIRAR 4137400355742100377 -> RETIRADO (BORRADOR)
[2026-10-06 00:22:18]   [30/745] RETIRAR 4147322695867442573 -> RETIRADO (BORRADOR)
[2026-10-06 00:22:20]   [31/745] RETIRAR 4159889459907039447 -> RETIRADO (BORRADOR)
[2026-10-06 00:22:22]   [32/745] RETIRAR 4178250339165028935 -> RETIRADO (BORRADOR)
[2026-10-06 00:22:24]   [33/745] RETIRAR 4218552923437793344 -> RETIRADO (BORRADOR)
[2026-10-06 00:22:26]   [34/745] RETIRAR 4193079271030498300 -> RETIRADO (BORRADOR)
[2026-10-06 00:22:29]   [35/745] RETIRAR 4218727606453438737 -> RETIRADO (BORRADOR)
[2026-10-06 00:22:31]   [36/745] RETIRAR 4250344064163845661 -> RETIRADO (BORRADOR)
[2026-10-06 00:22:34]   [37/745] RETIRAR 4228580652802224336 -> RETIRADO (BORRADOR)
[2026-10-06 00:22:35]   [38/745] RETIRAR 4231084555750734914 -> RETIRADO (BORRADOR)
[2026-10-06 00:22:37]   [39/745] RETIRAR 4281456775529147394 -> RETIRADO (BORRADOR)
[2026-10-06 00:22:38]   [40/745] RETIRAR 4282361946510268509 -> RETIRADO (BORRADOR)
[2026-10-06 00:22:40]   [41/745] RETIRAR 4252366699350610466 -> RETIRADO (BORRADOR)
[2026-10-06 00:22:42]   [42/745] RETIRAR 4286584866678041683 -> RETIRADO (BORRADOR)
[2026-10-06 00:22:44]   [43/745] RETIRAR 4315000641770420928 -> RETIRADO (BORRADOR)
[2026-10-06 00:22:46]   [44/745] RETIRAR 4307619773793016826 -> RETIRADO (BORRADOR)
[2026-10-06 00:22:48]   [45/745] RETIRAR 4336101024966806514 -> RETIRADO (BORRADOR)
[2026-10-06 00:22:49]   [46/745] RETIRAR 4413500403850420670 -> RETIRADO (BORRADOR)
[2026-10-06 00:22:52]   [47/745] RETIRAR 4516413326756069542 -> RETIRADO (BORRADOR)
[2026-10-06 00:22:54]   [48/745] RETIRAR 4539966027135437067 -> RETIRADO (BORRADOR)
[2026-10-06 00:22:56]   [49/745] RETIRAR 4561753063972450922 -> RETIRADO (BORRADOR)
[2026-10-06 00:22:57]   [50/745] RETIRAR 4570967479498611421 -> RETIRADO (BORRADOR)
[2026-10-06 00:22:59]   [51/745] RETIRAR 4598936793269287182 -> RETIRADO (BORRADOR)
[2026-10-06 00:23:01]   [52/745] RETIRAR 4574653252640013456 -> RETIRADO (BORRADOR)
[2026-10-06 00:23:02]   [53/745] RETIRAR 4674255357136937633 -> RETIRADO (BORRADOR)
[2026-10-06 00:23:05]   [54/745] RETIRAR 4723051084551632054 -> RETIRADO (BORRADOR)
[2026-10-06 00:23:07]   [55/745] RETIRAR 4827937468378104137 -> RETIRADO (BORRADOR)
[2026-10-06 00:23:09]   [56/745] RETIRAR 4815951943426692251 -> RETIRADO (BORRADOR)
[2026-10-06 00:23:11]   [57/745] RETIRAR 4862310905356003455 -> RETIRADO (BORRADOR)
[2026-10-06 00:23:13]   [58/745] RETIRAR 4942959756421797409 -> RETIRADO (BORRADOR)
[2026-10-06 00:23:16]   [59/745] RETIRAR 5003720042421750047 -> RETIRADO (BORRADOR)
[2026-10-06 00:23:18]   [60/745] RETIRAR 4995765000948326957 -> RETIRADO (BORRADOR)
[2026-10-06 00:23:21]   [61/745] RETIRAR 4970821764280194898 -> RETIRADO (BORRADOR)
[2026-10-06 00:23:23]   [62/745] RETIRAR 4963954947473026976 -> RETIRADO (BORRADOR)
[2026-10-06 00:23:25]   [63/745] RETIRAR 5015017869766640612 -> RETIRADO (BORRADOR)
[2026-10-06 00:23:27]   [64/745] RETIRAR 5071042185961548298 -> RETIRADO (BORRADOR)
[2026-10-06 00:23:29]   [65/745] RETIRAR 5100188555632408966 -> RETIRADO (BORRADOR)
[2026-10-06 00:23:32]   [66/745] RETIRAR 5161088619186733181 -> RETIRADO (BORRADOR)
[2026-10-06 00:23:33]   [67/745] RETIRAR 5149100201041478873 -> RETIRADO (BORRADOR)
[2026-10-06 00:23:35]   [68/745] RETIRAR 5169019482476937568 -> RETIRADO (BORRADOR)
[2026-10-06 00:23:36]   [69/745] RETIRAR 5320450506661966452 -> RETIRADO (BORRADOR)
[2026-10-06 00:23:39]   [70/745] RETIRAR 5326148257964477732 -> RETIRADO (BORRADOR)
[2026-10-06 00:23:40]   [71/745] RETIRAR 5339599420729047896 -> RETIRADO (BORRADOR)
[2026-10-06 00:23:42]   [72/745] RETIRAR 5389632007447413284 -> RETIRADO (BORRADOR)
[2026-10-06 00:23:44]   [73/745] RETIRAR 5373988623740402208 -> RETIRADO (BORRADOR)
[2026-10-06 00:23:47]   [74/745] RETIRAR 5457315010777306262 -> RETIRADO (BORRADOR)
[2026-10-06 00:23:48]   [75/745] RETIRAR 5513238411358357095 -> RETIRADO (BORRADOR)
[2026-10-06 00:23:50]   [76/745] RETIRAR 5529092926124801532 -> RETIRADO (BORRADOR)
[2026-10-06 00:23:52]   [77/745] RETIRAR 5532365355168717126 -> RETIRADO (BORRADOR)
[2026-10-06 00:23:54]   [78/745] RETIRAR 5574010859881714571 -> RETIRADO (BORRADOR)
[2026-10-06 00:23:57]   [79/745] RETIRAR 5693097847964956930 -> RETIRADO (BORRADOR)
[2026-10-06 00:23:58]   [80/745] RETIRAR 5781351526523934943 -> RETIRADO (BORRADOR)
[2026-10-06 00:24:01]   [81/745] RETIRAR 5944892725579215183 -> RETIRADO (BORRADOR)
[2026-10-06 00:24:02]   [82/745] RETIRAR 5859842151895693295 -> RETIRADO (BORRADOR)
[2026-10-06 00:24:05]   [83/745] RETIRAR 5857667948564494343 -> RETIRADO (BORRADOR)
[2026-10-06 00:24:06]   [84/745] RETIRAR 5966062667985887590 -> RETIRADO (BORRADOR)
[2026-10-06 00:24:08]   [85/745] RETIRAR 6114166444101948464 -> RETIRADO (BORRADOR)
[2026-10-06 00:24:10]   [86/745] RETIRAR 6110386850596102587 -> RETIRADO (BORRADOR)
[2026-10-06 00:24:12]   [87/745] RETIRAR 6050217610500656142 -> RETIRADO (BORRADOR)
[2026-10-06 00:24:15]   [88/745] RETIRAR 6186865386848623421 -> RETIRADO (BORRADOR)
[2026-10-06 00:24:17]   [89/745] RETIRAR 6237924187887233775 -> RETIRADO (BORRADOR)
[2026-10-06 00:24:19]   [90/745] RETIRAR 6247037991815013046 -> RETIRADO (BORRADOR)
[2026-10-06 00:24:20]   [91/745] RETIRAR 6253583179052274910 -> RETIRADO (BORRADOR)
[2026-10-06 00:24:22]   [92/745] RETIRAR 6271405676860662503 -> RETIRADO (BORRADOR)
[2026-10-06 00:24:24]   [93/745] RETIRAR 6277816617389725083 -> RETIRADO (BORRADOR)
[2026-10-06 00:24:25]   [94/745] RETIRAR 6278748651102780090 -> RETIRADO (BORRADOR)
[2026-10-06 00:24:27]   [95/745] RETIRAR 6398576564961619106 -> RETIRADO (BORRADOR)
[2026-10-06 00:24:28]   [96/745] RETIRAR 6433288563645426814 -> RETIRADO (BORRADOR)
[2026-10-06 00:24:30]   [97/745] RETIRAR 6508969806296703384 -> RETIRADO (BORRADOR)
[2026-10-06 00:24:32]   [98/745] RETIRAR 6723340200567827725 -> RETIRADO (BORRADOR)
[2026-10-06 00:24:33]   [99/745] RETIRAR 6720900603766880533 -> RETIRADO (BORRADOR)
[2026-10-06 00:24:35]   [100/745] RETIRAR 6727498630193465710 -> RETIRADO (BORRADOR)
[2026-10-06 00:24:36]   [101/745] RETIRAR 6824195150731553357 -> RETIRADO (BORRADOR)
[2026-10-06 00:24:38]   [102/745] RETIRAR 6770061227174735112 -> RETIRADO (BORRADOR)
[2026-10-06 00:24:39]   [103/745] RETIRAR 6800840880194452294 -> RETIRADO (BORRADOR)
[2026-10-06 00:24:41]   [104/745] RETIRAR 6835562614482279121 -> RETIRADO (BORRADOR)
[2026-10-06 00:24:43]   [105/745] RETIRAR 6940753218579048536 -> RETIRADO (BORRADOR)
[2026-10-06 00:24:44]   [106/745] RETIRAR 6938717258662129529 -> RETIRADO (BORRADOR)
[2026-10-06 00:24:46]   [107/745] RETIRAR 7100274194205160185 -> RETIRADO (BORRADOR)
[2026-10-06 00:24:47]   [108/745] RETIRAR 7126523278811776061 -> RETIRADO (BORRADOR)
[2026-10-06 00:24:50]   [109/745] RETIRAR 7354742763445192395 -> RETIRADO (BORRADOR)
[2026-10-06 00:24:52]   [110/745] RETIRAR 7305036699963496740 -> RETIRADO (BORRADOR)
[2026-10-06 00:24:54]   [111/745] RETIRAR 7267419666157874056 -> RETIRADO (BORRADOR)
[2026-10-06 00:24:56]   [112/745] RETIRAR 7441776784059563438 -> RETIRADO (BORRADOR)
[2026-10-06 00:24:58]   [113/745] RETIRAR 7651597589968946781 -> RETIRADO (BORRADOR)
[2026-10-06 00:25:00]   [114/745] RETIRAR 7460206525716703154 -> RETIRADO (BORRADOR)
[2026-10-06 00:25:02]   [115/745] RETIRAR 8045184880623715307 -> RETIRADO (BORRADOR)
[2026-10-06 00:25:04]   [116/745] RETIRAR 8094876574824160630 -> RETIRADO (BORRADOR)
[2026-10-06 00:25:05]   [117/745] RETIRAR 8247675268726480083 -> RETIRADO (BORRADOR)
[2026-10-06 00:25:07]   [118/745] RETIRAR 8233537410118386871 -> RETIRADO (BORRADOR)
[2026-10-06 00:25:08]   [119/745] RETIRAR 8221517789880523424 -> RETIRADO (BORRADOR)
[2026-10-06 00:25:11]   [120/745] RETIRAR 8273004641346258264 -> RETIRADO (BORRADOR)
[2026-10-06 00:25:13]   [121/745] RETIRAR 8351230256124977637 -> RETIRADO (BORRADOR)
[2026-10-06 00:25:14]   [122/745] RETIRAR 8392334614303597899 -> RETIRADO (BORRADOR)
[2026-10-06 00:25:16]   [123/745] RETIRAR 8503990953946855857 -> RETIRADO (BORRADOR)
[2026-10-06 00:25:18]   [124/745] RETIRAR 8649066286588542726 -> RETIRADO (BORRADOR)
[2026-10-06 00:25:19]   [125/745] RETIRAR 8561675014261282090 -> RETIRADO (BORRADOR)
[2026-10-06 00:25:22]   [126/745] RETIRAR 8764048403405613426 -> RETIRADO (BORRADOR)
[2026-10-06 00:25:24]   [127/745] RETIRAR 8839034603898484484 -> RETIRADO (BORRADOR)
[2026-10-06 00:25:25]   [128/745] RETIRAR 8775981697451156619 -> RETIRADO (BORRADOR)
[2026-10-06 00:25:27]   [129/745] RETIRAR 8681835442359403338 -> RETIRADO (BORRADOR)
[2026-10-06 00:25:29]   [130/745] RETIRAR 8935566067371686642 -> RETIRADO (BORRADOR)
[2026-10-06 00:25:30]   [131/745] RETIRAR 8875590097440811145 -> RETIRADO (BORRADOR)
[2026-10-06 00:25:32]   [132/745] RETIRAR 8939546501810227734 -> RETIRADO (BORRADOR)
[2026-10-06 00:25:33]   [133/745] RETIRAR 9068978292406759750 -> RETIRADO (BORRADOR)
[2026-10-06 00:25:36]   [134/745] RETIRAR 211125032632768309 -> RETIRADO (BORRADOR)
[2026-10-06 00:25:37]   [135/745] RETIRAR 821393731086479170 -> RETIRADO (BORRADOR)
[2026-10-06 00:25:39]   [136/745] RETIRAR 328688552774387014 -> RETIRADO (BORRADOR)
[2026-10-06 00:25:41]   [137/745] RETIRAR 834409059988492199 -> RETIRADO (BORRADOR)
[2026-10-06 00:25:43]   [138/745] RETIRAR 1380408516514506976 -> RETIRADO (BORRADOR)
[2026-10-06 00:25:45]   [139/745] RETIRAR 1404195850817142549 -> RETIRADO (BORRADOR)
[2026-10-06 00:25:48]   [140/745] RETIRAR 1792178227293011516 -> RETIRADO (BORRADOR)
[2026-10-06 00:25:49]   [141/745] RETIRAR 1871439892382623727 -> RETIRADO (BORRADOR)
[2026-10-06 00:25:51]   [142/745] RETIRAR 2383836377662211983 -> RETIRADO (BORRADOR)
[2026-10-06 00:25:52]   [143/745] RETIRAR 2376944268703958314 -> RETIRADO (BORRADOR)
[2026-10-06 00:25:54]   [144/745] RETIRAR 3206798502511429375 -> RETIRADO (BORRADOR)
[2026-10-06 00:25:55]   [145/745] RETIRAR 3371305700603229633 -> RETIRADO (BORRADOR)
[2026-10-06 00:25:58]   [146/745] RETIRAR 3971365114831731675 -> RETIRADO (BORRADOR)
[2026-10-06 00:25:59]   [147/745] RETIRAR 3786879349217298043 -> RETIRADO (BORRADOR)
[2026-10-06 00:26:01]   [148/745] RETIRAR 8142742216661171065 -> RETIRADO (BORRADOR)
[2026-10-06 00:26:03]   [149/745] RETIRAR 8243673204637624381 -> RETIRADO (BORRADOR)
[2026-10-06 00:26:06]   [150/745] CORREGIR 5738888619899935006 -> CORREGIDO
[2026-10-06 00:26:09]   [151/745] CORREGIR 6516386100742496937 -> CORREGIDO
[2026-10-06 00:26:11]   [152/745] CORREGIR 2033853027453151666 -> CORREGIDO
[2026-10-06 00:26:13]   [153/745] CORREGIR 5534403405959551104 -> CORREGIDO
[2026-10-06 00:26:15]   [154/745] CORREGIR 229922287202972068 -> CORREGIDO
[2026-10-06 00:26:18]   [155/745] CORREGIR 478872455910119957 -> CORREGIDO
[2026-10-06 00:26:21]   [156/745] CORREGIR 823049338134904394 -> CORREGIDO
[2026-10-06 00:26:24]   [157/745] CORREGIR 3852163877180261300 -> CORREGIDO
[2026-10-06 00:26:27]   [158/745] CORREGIR 5215057383996126268 -> CORREGIDO
[2026-10-06 00:26:30]   [159/745] CORREGIR 8875621275850707436 -> CORREGIDO
[2026-10-06 00:26:32]   [160/745] CORREGIR 758850104160344712 -> CORREGIDO
[2026-10-06 00:26:35]   [161/745] CORREGIR 6695093565811907038 -> CORREGIDO
[2026-10-06 00:26:37]   [162/745] CORREGIR 3237436605379501306 -> CORREGIDO
[2026-10-06 00:26:39]   [163/745] CORREGIR 2581598562306371811 -> CORREGIDO
[2026-10-06 00:26:42]   [164/745] CORREGIR 3206475073630547080 -> CORREGIDO
[2026-10-06 00:26:44]   [165/745] CORREGIR 1224333775914035092 -> CORREGIDO
[2026-10-06 00:26:47]   [166/745] CORREGIR 3801432819988002797 -> CORREGIDO
[2026-10-06 00:26:50]   [167/745] CORREGIR 8000726182695696241 -> CORREGIDO
[2026-10-06 00:26:53]   [168/745] CORREGIR 4527353302358788111 -> CORREGIDO
[2026-10-06 00:26:55]   [169/745] CORREGIR 4630450402343295760 -> CORREGIDO
[2026-10-06 00:26:57]   [170/745] CORREGIR 5084574838255675294 -> CORREGIDO
[2026-10-06 00:26:59]   [171/745] CORREGIR 59507024560239108 -> CORREGIDO
[2026-10-06 00:27:01]   [172/745] CORREGIR 8431084247035640143 -> CORREGIDO
[2026-10-06 00:27:04]   [173/745] CORREGIR 2264539967239854544 -> CORREGIDO
[2026-10-06 00:27:06]   [174/745] CORREGIR 7777720751105879676 -> CORREGIDO
[2026-10-06 00:27:08]   [175/745] CORREGIR 2498473946273694356 -> CORREGIDO
[2026-10-06 00:27:10]   [176/745] CORREGIR 1686240644944203859 -> CORREGIDO
[2026-10-06 00:27:14]   [177/745] CORREGIR 5934861592819777296 -> CORREGIDO
[2026-10-06 00:27:17]   [178/745] CORREGIR 1159707770171304935 -> CORREGIDO
[2026-10-06 00:27:19]   [179/745] CORREGIR 9167658270246512032 -> CORREGIDO
[2026-10-06 00:27:22]   [180/745] CORREGIR 5878354155096229575 -> CORREGIDO
[2026-10-06 00:27:24]   [181/745] CORREGIR 1680420012165884816 -> CORREGIDO
[2026-10-06 00:27:26]   [182/745] CORREGIR 3894220150731240956 -> CORREGIDO
[2026-10-06 00:27:28]   [183/745] CORREGIR 4756576696876597544 -> CORREGIDO
[2026-10-06 00:27:30]   [184/745] CORREGIR 8424984683824569228 -> CORREGIDO
[2026-10-06 00:27:32]   [185/745] CORREGIR 2762509478521979450 -> CORREGIDO
[2026-10-06 00:27:34]   [186/745] CORREGIR 7892173353889733475 -> CORREGIDO
[2026-10-06 00:27:37]   [187/745] CORREGIR 2418352165451106927 -> CORREGIDO
[2026-10-06 00:27:39]   [188/745] CORREGIR 5236150050406843299 -> CORREGIDO
[2026-10-06 00:27:42]   [189/745] CORREGIR 7098268237267214309 -> CORREGIDO
[2026-10-06 00:27:45]   [190/745] CORREGIR 6365830038483996845 -> CORREGIDO
[2026-10-06 00:27:47]   [191/745] CORREGIR 8217303539274983790 -> CORREGIDO
[2026-10-06 00:27:50]   [192/745] CORREGIR 3565318174437213204 -> CORREGIDO
[2026-10-06 00:27:52]   [193/745] CORREGIR 3681985232556664526 -> CORREGIDO
[2026-10-06 00:27:55]   [194/745] CORREGIR 6168150384008163127 -> CORREGIDO
[2026-10-06 00:27:58]   [195/745] CORREGIR 8859173305997789866 -> CORREGIDO
[2026-10-06 00:28:01]   [196/745] CORREGIR 3180648899172340066 -> CORREGIDO
[2026-10-06 00:28:03]   [197/745] CORREGIR 1152874990722066538 -> CORREGIDO
[2026-10-06 00:28:05]   [198/745] CORREGIR 7570506311520590951 -> CORREGIDO
[2026-10-06 00:28:07]   [199/745] CORREGIR 6818743062392658536 -> CORREGIDO
[2026-10-06 00:28:10]   [200/745] CORREGIR 5693436114782280508 -> CORREGIDO
[2026-10-06 00:28:12]   [201/745] CORREGIR 3414992587586707031 -> CORREGIDO
[2026-10-06 00:28:14]   [202/745] CORREGIR 603669205173434982 -> CORREGIDO
[2026-10-06 00:28:17]   [203/745] CORREGIR 6240508018923334013 -> CORREGIDO
[2026-10-06 00:28:20]   [204/745] CORREGIR 774931755019694272 -> CORREGIDO
[2026-10-06 00:28:23]   [205/745] CORREGIR 478386251863247391 -> CORREGIDO
[2026-10-06 00:28:25]   [206/745] CORREGIR 5344022234621284212 -> CORREGIDO
[2026-10-06 00:28:27]   [207/745] CORREGIR 8234610097457401056 -> CORREGIDO
[2026-10-06 00:28:29]   [208/745] CORREGIR 8384579472423290368 -> CORREGIDO
[2026-10-06 00:28:32]   [209/745] CORREGIR 8761116792766878564 -> CORREGIDO
[2026-10-06 00:28:34]   [210/745] CORREGIR 2841922435103739538 -> CORREGIDO
[2026-10-06 00:28:36]   [211/745] CORREGIR 111309482457327698 -> CORREGIDO
[2026-10-06 00:28:38]   [212/745] CORREGIR 7695795854520868494 -> CORREGIDO
[2026-10-06 00:28:42]   [213/745] CORREGIR 204409878629475872 -> CORREGIDO
[2026-10-06 00:28:44]   [214/745] CORREGIR 744301152536687315 -> CORREGIDO
[2026-10-06 00:28:46]   [215/745] CORREGIR 63236093527870849 -> CORREGIDO
[2026-10-06 00:28:48]   [216/745] CORREGIR 3690640181850567616 -> CORREGIDO
[2026-10-06 00:28:51]   [217/745] CORREGIR 3808812796027482036 -> CORREGIDO
[2026-10-06 00:28:54]   [218/745] CORREGIR 5967720812805836144 -> CORREGIDO
[2026-10-06 00:28:56]   [219/745] CORREGIR 5484106565924870260 -> CORREGIDO
[2026-10-06 00:28:58]   [220/745] CORREGIR 5452126199478112024 -> CORREGIDO
[2026-10-06 00:29:00]   [221/745] CORREGIR 7571908513066515916 -> CORREGIDO
[2026-10-06 00:29:02]   [222/745] CORREGIR 4321345775654490144 -> CORREGIDO
[2026-10-06 00:29:04]   [223/745] CORREGIR 1194819881844186143 -> CORREGIDO
[2026-10-06 00:29:06]   [224/745] CORREGIR 5908355092408353693 -> CORREGIDO
[2026-10-06 00:29:08]   [225/745] CORREGIR 6043104383156717181 -> CORREGIDO
[2026-10-06 00:29:11]   [226/745] CORREGIR 4275632395107642898 -> CORREGIDO
[2026-10-06 00:29:13]   [227/745] CORREGIR 4235296057644120101 -> CORREGIDO
[2026-10-06 00:29:15]   [228/745] CORREGIR 1815527873836135240 -> CORREGIDO
[2026-10-06 00:29:17]   [229/745] CORREGIR 2493028178420173174 -> CORREGIDO
[2026-10-06 00:29:26]   [230/745] CORREGIR 8772073216554946674 -> CORREGIDO
[2026-10-06 00:29:28]   [231/745] CORREGIR 2041068364304757280 -> CORREGIDO
[2026-10-06 00:29:32]   [232/745] CORREGIR 2886295601589584433 -> CORREGIDO
[2026-10-06 00:29:35]   [233/745] CORREGIR 4965920457001797268 -> CORREGIDO
[2026-10-06 00:29:37]   [234/745] CORREGIR 7226308557777373491 -> CORREGIDO
[2026-10-06 00:29:40]   [235/745] CORREGIR 954466833646357902 -> CORREGIDO
[2026-10-06 00:29:43]   [236/745] CORREGIR 7638981913374569512 -> CORREGIDO
[2026-10-06 00:29:45]   [237/745] CORREGIR 695318864827288129 -> CORREGIDO
[2026-10-06 00:29:48]   [238/745] CORREGIR 4009959380131181932 -> CORREGIDO
[2026-10-06 00:29:50]   [239/745] CORREGIR 4260652857232521220 -> CORREGIDO
[2026-10-06 00:29:52]   [240/745] CORREGIR 655885918767144128 -> CORREGIDO
[2026-10-06 00:29:54]   [241/745] CORREGIR 4843329619858793223 -> CORREGIDO
[2026-10-06 00:29:57]   [242/745] CORREGIR 1357166468409025824 -> CORREGIDO
[2026-10-06 00:29:59]   [243/745] CORREGIR 8726320091378100660 -> CORREGIDO
[2026-10-06 00:30:01]   [244/745] CORREGIR 7562783617105754380 -> CORREGIDO
[2026-10-06 00:30:03]   [245/745] CORREGIR 8595909481940396482 -> CORREGIDO
[2026-10-06 00:30:07]   [246/745] CORREGIR 8853641559690400444 -> CORREGIDO
[2026-10-06 00:30:09]   [247/745] CORREGIR 2253592929049243451 -> CORREGIDO
[2026-10-06 00:30:11]   [248/745] CORREGIR 4064436763631444024 -> CORREGIDO
[2026-10-06 00:30:13]   [249/745] CORREGIR 1204851652111838072 -> CORREGIDO
[2026-10-06 00:30:15]   [250/745] CORREGIR 3583235084099855031 -> CORREGIDO
[2026-10-06 00:30:17]   [251/745] CORREGIR 849706014062558348 -> CORREGIDO
[2026-10-06 00:30:19]   [252/745] CORREGIR 6619833730537527990 -> CORREGIDO
[2026-10-06 00:30:21]   [253/745] CORREGIR 6069553936003531273 -> CORREGIDO
[2026-10-06 00:30:24]   [254/745] CORREGIR 4490708123792479730 -> CORREGIDO
[2026-10-06 00:30:26]   [255/745] CORREGIR 298812311732482381 -> CORREGIDO
[2026-10-06 00:30:28]   [256/745] CORREGIR 5900383560605214087 -> CORREGIDO
[2026-10-06 00:30:31]   [257/745] CORREGIR 7621622013239660844 -> CORREGIDO
[2026-10-06 00:30:33]   [258/745] CORREGIR 6559763862782723349 -> CORREGIDO
[2026-10-06 00:30:35]   [259/745] CORREGIR 560778743118797788 -> CORREGIDO
[2026-10-06 00:30:37]   [260/745] CORREGIR 4950759944946372518 -> CORREGIDO
[2026-10-06 00:30:39]   [261/745] CORREGIR 2287111381358946342 -> CORREGIDO
[2026-10-06 00:30:41]   [262/745] CORREGIR 3719251158808077405 -> CORREGIDO
[2026-10-06 00:30:43]   [263/745] CORREGIR 7698008718298029392 -> CORREGIDO
[2026-10-06 00:30:45]   [264/745] CORREGIR 8648545001258092154 -> CORREGIDO
[2026-10-06 00:30:47]   [265/745] CORREGIR 7577449142392658377 -> CORREGIDO
[2026-10-06 00:30:49]   [266/745] CORREGIR 8486492548334722134 -> CORREGIDO
[2026-10-06 00:30:53]   [267/745] CORREGIR 1646012418710249283 -> CORREGIDO
[2026-10-06 00:30:55]   [268/745] CORREGIR 3391947721315838580 -> CORREGIDO
[2026-10-06 00:30:58]   [269/745] CORREGIR 1989132127154734987 -> CORREGIDO
[2026-10-06 00:31:00]   [270/745] CORREGIR 1132584317458564134 -> CORREGIDO
[2026-10-06 00:31:02]   [271/745] CORREGIR 5783141738102588903 -> CORREGIDO
[2026-10-06 00:31:04]   [272/745] CORREGIR 2623278944794664712 -> CORREGIDO
[2026-10-06 00:31:06]   [273/745] CORREGIR 3435380337195924247 -> CORREGIDO
[2026-10-06 00:31:12]   [274/745] CORREGIR 9180069787125447350 -> CORREGIDO
[2026-10-06 00:31:14]   [275/745] CORREGIR 9043149523040813447 -> CORREGIDO
[2026-10-06 00:31:16]   [276/745] CORREGIR 6229616562250400957 -> CORREGIDO
[2026-10-06 00:31:18]   [277/745] CORREGIR 3747164277718925823 -> CORREGIDO
[2026-10-06 00:31:20]   [278/745] CORREGIR 4030259022829016450 -> CORREGIDO
[2026-10-06 00:31:23]   [279/745] CORREGIR 7300550267946336313 -> CORREGIDO
[2026-10-06 00:31:25]   [280/745] CORREGIR 1214467948438869574 -> CORREGIDO
[2026-10-06 00:31:27]   [281/745] CORREGIR 3061556542264839872 -> CORREGIDO
[2026-10-06 00:31:29]   [282/745] CORREGIR 6905977419302537579 -> CORREGIDO
[2026-10-06 00:31:31]   [283/745] CORREGIR 4425977247872223819 -> CORREGIDO
[2026-10-06 00:31:33]   [284/745] CORREGIR 6790571538054802456 -> CORREGIDO
[2026-10-06 00:31:35]   [285/745] CORREGIR 949481333789175308 -> CORREGIDO
[2026-10-06 00:31:37]   [286/745] CORREGIR 8943354874553631171 -> CORREGIDO
[2026-10-06 00:31:39]   [287/745] CORREGIR 246252786933625795 -> CORREGIDO
[2026-10-06 00:31:41]   [288/745] CORREGIR 8792122456097563924 -> CORREGIDO
[2026-10-06 00:31:43]   [289/745] CORREGIR 6541637794996535675 -> CORREGIDO
[2026-10-06 00:31:45]   [290/745] CORREGIR 845294660998511120 -> CORREGIDO
[2026-10-06 00:31:47]   [291/745] CORREGIR 8956780714164400029 -> CORREGIDO
[2026-10-06 00:31:49]   [292/745] CORREGIR 8109260875442288346 -> CORREGIDO
[2026-10-06 00:31:52]   [293/745] CORREGIR 7780778922822206064 -> CORREGIDO
[2026-10-06 00:31:55]   [294/745] CORREGIR 4912809727539612997 -> CORREGIDO
[2026-10-06 00:31:57]   [295/745] CORREGIR 9166308769107678895 -> CORREGIDO
[2026-10-06 00:31:59]   [296/745] CORREGIR 5953619093799718393 -> CORREGIDO
[2026-10-06 00:32:01]   [297/745] CORREGIR 6819943434571669540 -> CORREGIDO
[2026-10-06 00:32:03]   [298/745] CORREGIR 4629848504681666745 -> CORREGIDO
[2026-10-06 00:32:05]   [299/745] CORREGIR 1882461458753423243 -> CORREGIDO
[2026-10-06 00:32:07]   [300/745] CORREGIR 1591276864818882406 -> CORREGIDO
[2026-10-06 00:32:09]   [301/745] CORREGIR 5844187680448251487 -> CORREGIDO
[2026-10-06 00:32:11]   [302/745] CORREGIR 4003058498983596505 -> CORREGIDO
[2026-10-06 00:32:13]   [303/745] CORREGIR 5577693091287400574 -> CORREGIDO
[2026-10-06 00:32:15]   [304/745] CORREGIR 7420696834486619436 -> CORREGIDO
[2026-10-06 00:32:17]   [305/745] CORREGIR 8935266676853246193 -> CORREGIDO
[2026-10-06 00:32:21]   [306/745] CORREGIR 6177840431224097544 -> CORREGIDO
[2026-10-06 00:32:23]   [307/745] CORREGIR 580750704204989625 -> CORREGIDO
[2026-10-06 00:32:27]   [308/745] CORREGIR 191003141513982787 -> CORREGIDO
[2026-10-06 00:32:33]   [309/745] CORREGIR 2976295975981038137 -> CORREGIDO
[2026-10-06 00:32:35]   [310/745] CORREGIR 323243571806312853 -> CORREGIDO
[2026-10-06 00:32:37]   [311/745] CORREGIR 378677744947565887 -> CORREGIDO
[2026-10-06 00:32:39]   [312/745] CORREGIR 395291871126578709 -> CORREGIDO
[2026-10-06 00:32:41]   [313/745] CORREGIR 471532074609474742 -> CORREGIDO
[2026-10-06 00:32:43]   [314/745] CORREGIR 664938852722790952 -> CORREGIDO
[2026-10-06 00:32:45]   [315/745] CORREGIR 973830024630381705 -> CORREGIDO
[2026-10-06 00:32:48]   [316/745] CORREGIR 812744747362268309 -> CORREGIDO
[2026-10-06 00:32:50]   [317/745] CORREGIR 1012087405635004838 -> CORREGIDO
[2026-10-06 00:32:53]   [318/745] CORREGIR 1089331342320507532 -> CORREGIDO
[2026-10-06 00:32:56]   [319/745] CORREGIR 1002771502666617033 -> CORREGIDO
[2026-10-06 00:32:58]   [320/745] CORREGIR 1227365700516459406 -> CORREGIDO
[2026-10-06 00:33:00]   [321/745] CORREGIR 1518464790216022735 -> CORREGIDO
[2026-10-06 00:33:02]   [322/745] CORREGIR 1629859879183596277 -> CORREGIDO
[2026-10-06 00:33:05]   [323/745] CORREGIR 1669118988954681372 -> CORREGIDO
[2026-10-06 00:33:07]   [324/745] CORREGIR 1625098856892882581 -> CORREGIDO
[2026-10-06 00:33:09]   [325/745] CORREGIR 1730688840922778497 -> CORREGIDO
[2026-10-06 00:33:11]   [326/745] CORREGIR 1940619012690789798 -> CORREGIDO
[2026-10-06 00:33:13]   [327/745] CORREGIR 2144147859963209951 -> CORREGIDO
[2026-10-06 00:33:15]   [328/745] CORREGIR 2014491421866564205 -> CORREGIDO
[2026-10-06 00:33:18]   [329/745] CORREGIR 2411230190279122699 -> CORREGIDO
[2026-10-06 00:33:21]   [330/745] CORREGIR 2654365348672231568 -> CORREGIDO
[2026-10-06 00:33:23]   [331/745] CORREGIR 2872549620934107150 -> CORREGIDO
[2026-10-06 00:33:28]   [332/745] CORREGIR 2868075975892773083 -> CORREGIDO
[2026-10-06 00:33:31]   [333/745] CORREGIR 2674569341348558903 -> CORREGIDO
[2026-10-06 00:33:34]   [334/745] CORREGIR 3190162405001260850 -> CORREGIDO
[2026-10-06 00:33:36]   [335/745] CORREGIR 2927178531758558239 -> CORREGIDO
[2026-10-06 00:33:38]   [336/745] CORREGIR 5124627752884527420 -> CORREGIDO
[2026-10-06 00:33:40]   [337/745] CORREGIR 3669991944652251963 -> CORREGIDO
[2026-10-06 00:33:43]   [338/745] CORREGIR 4741201102750965291 -> CORREGIDO
[2026-10-06 00:33:45]   [339/745] CORREGIR 5328934124872845818 -> CORREGIDO
[2026-10-06 00:33:47]   [340/745] CORREGIR 5281441499884760823 -> CORREGIDO
[2026-10-06 00:33:49]   [341/745] CORREGIR 5196465363893958728 -> CORREGIDO
[2026-10-06 00:33:51]   [342/745] CORREGIR 5364003139664396582 -> CORREGIDO
[2026-10-06 00:33:53]   [343/745] CORREGIR 5373991310516059354 -> CORREGIDO
[2026-10-06 00:33:55]   [344/745] CORREGIR 5447366522130128284 -> CORREGIDO
[2026-10-06 00:33:59]   [345/745] CORREGIR 5431065037935480846 -> CORREGIDO
[2026-10-06 00:34:01]   [346/745] CORREGIR 5497052827709474871 -> CORREGIDO
[2026-10-06 00:34:03]   [347/745] CORREGIR 5563859941724701386 -> CORREGIDO
[2026-10-06 00:34:05]   [348/745] CORREGIR 5503238624608112132 -> CORREGIDO
[2026-10-06 00:34:07]   [349/745] CORREGIR 5687446974250315593 -> CORREGIDO
[2026-10-06 00:34:09]   [350/745] CORREGIR 5700536501911823070 -> CORREGIDO
[2026-10-06 00:34:11]   [351/745] CORREGIR 5572277042769447231 -> CORREGIDO
[2026-10-06 00:34:13]   [352/745] CORREGIR 5751439043904521230 -> CORREGIDO
[2026-10-06 00:34:16]   [353/745] CORREGIR 5769010244371323946 -> CORREGIDO
[2026-10-06 00:34:18]   [354/745] CORREGIR 5769118579529447576 -> CORREGIDO
[2026-10-06 00:34:21]   [355/745] CORREGIR 5782086374888958384 -> CORREGIDO
[2026-10-06 00:34:23]   [356/745] CORREGIR 5909175788660094961 -> CORREGIDO
[2026-10-06 00:34:25]   [357/745] CORREGIR 5917561745647867960 -> CORREGIDO
[2026-10-06 00:34:28]   [358/745] CORREGIR 5921165718349551750 -> CORREGIDO
[2026-10-06 00:34:30]   [359/745] CORREGIR 5945446912842925693 -> CORREGIDO
[2026-10-06 00:34:32]   [360/745] CORREGIR 5970821200601325703 -> CORREGIDO
[2026-10-06 00:34:35]   [361/745] CORREGIR 6077096348871888143 -> CORREGIDO
[2026-10-06 00:34:37]   [362/745] CORREGIR 6068757279389012225 -> CORREGIDO
[2026-10-06 00:34:39]   [363/745] CORREGIR 6146680306164092816 -> CORREGIDO
[2026-10-06 00:34:41]   [364/745] CORREGIR 6165007611569155429 -> CORREGIDO
[2026-10-06 00:34:43]   [365/745] CORREGIR 6357322759783771421 -> CORREGIDO
[2026-10-06 00:34:45]   [366/745] CORREGIR 6396009429877743788 -> CORREGIDO
[2026-10-06 00:34:47]   [367/745] CORREGIR 6491467968715274995 -> CORREGIDO
[2026-10-06 00:34:49]   [368/745] CORREGIR 6419262238122901438 -> CORREGIDO
[2026-10-06 00:34:51]   [369/745] CORREGIR 6585136502572815401 -> CORREGIDO
[2026-10-06 00:34:53]   [370/745] CORREGIR 6569306467141010626 -> CORREGIDO
[2026-10-06 00:34:55]   [371/745] CORREGIR 6659501637956729762 -> CORREGIDO
[2026-10-06 00:34:57]   [372/745] CORREGIR 6696999564469004353 -> CORREGIDO
[2026-10-06 00:34:59]   [373/745] CORREGIR 6918358520659369996 -> CORREGIDO
[2026-10-06 00:35:02]   [374/745] CORREGIR 6976479457043235741 -> CORREGIDO
[2026-10-06 00:35:06]   [375/745] CORREGIR 7037143480088551442 -> CORREGIDO
[2026-10-06 00:35:08]   [376/745] CORREGIR 7064414157442951753 -> CORREGIDO
[2026-10-06 00:35:11]   [377/745] CORREGIR 7126990148015956551 -> CORREGIDO
[2026-10-06 00:35:13]   [378/745] CORREGIR 7146358853032762809 -> CORREGIDO
[2026-10-06 00:35:15]   [379/745] CORREGIR 7202974052896466079 -> CORREGIDO
[2026-10-06 00:35:17]   [380/745] CORREGIR 7202171031312871807 -> CORREGIDO
[2026-10-06 00:35:19]   [381/745] CORREGIR 7206257650416035339 -> CORREGIDO
[2026-10-06 00:35:21]   [382/745] CORREGIR 7344853966917536682 -> CORREGIDO
[2026-10-06 00:35:23]   [383/745] CORREGIR 7355260018497062870 -> CORREGIDO
[2026-10-06 00:35:25]   [384/745] CORREGIR 7377269976649195214 -> CORREGIDO
[2026-10-06 00:35:27]   [385/745] CORREGIR 7558844944169149407 -> CORREGIDO
[2026-10-06 00:35:30]   [386/745] CORREGIR 7426267796546006298 -> CORREGIDO
[2026-10-06 00:35:32]   [387/745] CORREGIR 7548435362735784017 -> CORREGIDO
[2026-10-06 00:35:34]   [388/745] CORREGIR 7563603697256635432 -> CORREGIDO
[2026-10-06 00:35:36]   [389/745] CORREGIR 7782348151541260951 -> CORREGIDO
[2026-10-06 00:35:38]   [390/745] CORREGIR 7808410717939195121 -> CORREGIDO
[2026-10-06 00:35:40]   [391/745] CORREGIR 7854180520958980622 -> CORREGIDO
[2026-10-06 00:35:42]   [392/745] CORREGIR 7810916054793745324 -> CORREGIDO
[2026-10-06 00:35:44]   [393/745] CORREGIR 8084215020212693176 -> CORREGIDO
[2026-10-06 00:35:46]   [394/745] CORREGIR 7898097995950934525 -> CORREGIDO
[2026-10-06 00:35:49]   [395/745] CORREGIR 8202356917412933073 -> CORREGIDO
[2026-10-06 00:35:51]   [396/745] CORREGIR 8263585047558216820 -> CORREGIDO
[2026-10-06 00:35:53]   [397/745] CORREGIR 8354527640890868427 -> CORREGIDO
[2026-10-06 00:35:55]   [398/745] CORREGIR 8316573694569331161 -> CORREGIDO
[2026-10-06 00:35:57]   [399/745] CORREGIR 8397744148551484617 -> CORREGIDO
[2026-10-06 00:35:59]   [400/745] CORREGIR 8428678204861176008 -> CORREGIDO
[2026-10-06 00:36:01]   [401/745] CORREGIR 8536036523234122052 -> CORREGIDO
[2026-10-06 00:36:03]   [402/745] CORREGIR 8471106406390171097 -> CORREGIDO
[2026-10-06 00:36:05]   [403/745] CORREGIR 8598545385842619038 -> CORREGIDO
[2026-10-06 00:36:07]   [404/745] CORREGIR 8579804762230809975 -> CORREGIDO
[2026-10-06 00:36:09]   [405/745] CORREGIR 8786915565071614095 -> CORREGIDO
[2026-10-06 00:36:11]   [406/745] CORREGIR 8695786427755041260 -> CORREGIDO
[2026-10-06 00:36:14]   [407/745] CORREGIR 8934384312256046003 -> CORREGIDO
[2026-10-06 00:36:16]   [408/745] CORREGIR 8803384671533468244 -> CORREGIDO
[2026-10-06 00:36:18]   [409/745] CORREGIR 9084861273378110041 -> CORREGIDO
[2026-10-06 00:36:20]   [410/745] CORREGIR 9044506138612349416 -> CORREGIDO
[2026-10-06 00:36:22]   [411/745] CORREGIR 9203382209392588726 -> CORREGIDO
[2026-10-06 00:36:24]   [412/745] CORREGIR 9100038106727195009 -> CORREGIDO
[2026-10-06 00:36:26]   [413/745] CORREGIR 4280548743927464 -> CORREGIDO
[2026-10-06 00:36:28]   [414/745] CORREGIR 9211436983321354973 -> CORREGIDO
[2026-10-06 00:36:31]   [415/745] CORREGIR 245222125995600397 -> CORREGIDO
[2026-10-06 00:36:33]   [416/745] CORREGIR 34763795773178188 -> CORREGIDO
[2026-10-06 00:36:35]   [417/745] CORREGIR 927831752947886466 -> CORREGIDO
[2026-10-06 00:36:37]   [418/745] CORREGIR 664504385801399179 -> CORREGIDO
[2026-10-06 00:36:39]   [419/745] CORREGIR 442848623418089713 -> CORREGIDO
[2026-10-06 00:36:41]   [420/745] CORREGIR 935294769574132147 -> CORREGIDO
[2026-10-06 00:36:44]   [421/745] CORREGIR 934742012257979045 -> CORREGIDO
[2026-10-06 00:36:46]   [422/745] CORREGIR 1382516200085056509 -> CORREGIDO
[2026-10-06 00:36:48]   [423/745] CORREGIR 1010747224309041485 -> CORREGIDO
[2026-10-06 00:36:50]   [424/745] CORREGIR 3736792956229525656 -> CORREGIDO
[2026-10-06 00:36:52]   [425/745] CORREGIR 2800854534709903276 -> CORREGIDO
[2026-10-06 00:36:54]   [426/745] CORREGIR 2744439768830245964 -> CORREGIDO
[2026-10-06 00:36:56]   [427/745] CORREGIR 3837696094737261861 -> CORREGIDO
[2026-10-06 00:36:58]   [428/745] CORREGIR 3760987226352062569 -> CORREGIDO
[2026-10-06 00:37:01]   [429/745] CORREGIR 3916518124434903987 -> CORREGIDO
[2026-10-06 00:37:03]   [430/745] CORREGIR 4016503477312953222 -> CORREGIDO
[2026-10-06 00:37:05]   [431/745] CORREGIR 3987233801294122527 -> CORREGIDO
[2026-10-06 00:37:07]   [432/745] CORREGIR 4121252029742938818 -> CORREGIDO
[2026-10-06 00:37:09]   [433/745] CORREGIR 4050404259146527622 -> CORREGIDO
[2026-10-06 00:37:11]   [434/745] CORREGIR 4247956193704974221 -> CORREGIDO
[2026-10-06 00:37:14]   [435/745] CORREGIR 4171099429160911977 -> CORREGIDO
[2026-10-06 00:37:16]   [436/745] CORREGIR 4213024910115287039 -> CORREGIDO
[2026-10-06 00:37:19]   [437/745] CORREGIR 4336665589923863393 -> CORREGIDO
[2026-10-06 00:37:21]   [438/745] CORREGIR 4302099100843543317 -> CORREGIDO
[2026-10-06 00:37:23]   [439/745] CORREGIR 4273307880585890957 -> CORREGIDO
[2026-10-06 00:37:26]   [440/745] CORREGIR 4478767479986537098 -> CORREGIDO
[2026-10-06 00:37:28]   [441/745] CORREGIR 4376529602876699139 -> CORREGIDO
[2026-10-06 00:37:30]   [442/745] CORREGIR 4602489547801878853 -> CORREGIDO
[2026-10-06 00:37:32]   [443/745] CORREGIR 4687202685327978659 -> CORREGIDO
[2026-10-06 00:37:34]   [444/745] CORREGIR 4637680292959877162 -> CORREGIDO
[2026-10-06 00:37:36]   [445/745] CORREGIR 4765571102018637777 -> CORREGIDO
[2026-10-06 00:37:38]   [446/745] CORREGIR 4738864728289326174 -> CORREGIDO
[2026-10-06 00:37:41]   [447/745] CORREGIR 5004649834416763611 -> CORREGIDO
[2026-10-06 00:37:43]   [448/745] CORREGIR 5281666021815443786 -> CORREGIDO
[2026-10-06 00:37:46]   [449/745] CORREGIR 5269651987508918178 -> CORREGIDO
[2026-10-06 00:37:48]   [450/745] CORREGIR 4980944820951920556 -> CORREGIDO
[2026-10-06 00:37:50]   [451/745] CORREGIR 5716074927971472180 -> CORREGIDO
[2026-10-06 00:37:52]   [452/745] CORREGIR 5336047499236861286 -> CORREGIDO
[2026-10-06 00:37:54]   [453/745] CORREGIR 5757462518914467480 -> CORREGIDO
[2026-10-06 00:37:58]   [454/745] CORREGIR 5792916326144892007 -> CORREGIDO
[2026-10-06 00:38:00]   [455/745] CORREGIR 6115693068211152242 -> CORREGIDO
[2026-10-06 00:38:02]   [456/745] CORREGIR 5720139078815952552 -> CORREGIDO
[2026-10-06 00:38:04]   [457/745] CORREGIR 6136376045278558318 -> CORREGIDO
[2026-10-06 00:38:06]   [458/745] CORREGIR 6459101418515664822 -> CORREGIDO
[2026-10-06 00:38:08]   [459/745] CORREGIR 6325272373631645008 -> CORREGIDO
[2026-10-06 00:38:10]   [460/745] CORREGIR 6699618288085599843 -> CORREGIDO
[2026-10-06 00:38:12]   [461/745] CORREGIR 6636882492678144499 -> CORREGIDO
[2026-10-06 00:38:14]   [462/745] CORREGIR 6789899948234679328 -> CORREGIDO
[2026-10-06 00:38:18]   [463/745] CORREGIR 6988356196215116569 -> CORREGIDO
[2026-10-06 00:38:20]   [464/745] CORREGIR 7098899036602297046 -> CORREGIDO
[2026-10-06 00:38:22]   [465/745] CORREGIR 6934249052283139581 -> CORREGIDO
[2026-10-06 00:38:24]   [466/745] CORREGIR 7114216057783051116 -> CORREGIDO
[2026-10-06 00:38:26]   [467/745] CORREGIR 7129096775891679908 -> CORREGIDO
[2026-10-06 00:38:28]   [468/745] CORREGIR 7191379680457550942 -> CORREGIDO
[2026-10-06 00:38:30]   [469/745] CORREGIR 7183951682207016765 -> CORREGIDO
[2026-10-06 00:38:33]   [470/745] CORREGIR 7205917495296231091 -> CORREGIDO
[2026-10-06 00:38:35]   [471/745] CORREGIR 7351433565578117236 -> CORREGIDO
[2026-10-06 00:38:37]   [472/745] CORREGIR 7318691968171655690 -> CORREGIDO
[2026-10-06 00:38:39]   [473/745] CORREGIR 7307200562975921242 -> CORREGIDO
[2026-10-06 00:38:41]   [474/745] CORREGIR 8212177659003149485 -> CORREGIDO
[2026-10-06 00:38:43]   [475/745] CORREGIR 8169282654694383237 -> CORREGIDO
[2026-10-06 00:38:46]   [476/745] CORREGIR 8129862282911638526 -> CORREGIDO
[2026-10-06 00:38:48]   [477/745] CORREGIR 8351034135473588199 -> CORREGIDO
[2026-10-06 00:38:50]   [478/745] CORREGIR 8396626583696383526 -> CORREGIDO
[2026-10-06 00:38:52]   [479/745] CORREGIR 8231413660855711319 -> CORREGIDO
[2026-10-06 00:38:54]   [480/745] CORREGIR 8241772349938227819 -> CORREGIDO
[2026-10-06 00:38:56]   [481/745] CORREGIR 9183400577433921765 -> CORREGIDO
[2026-10-06 00:38:59]   [482/745] CORREGIR 8859630736464960863 -> CORREGIDO
[2026-10-06 00:39:01]   [483/745] CORREGIR 8426526133771876248 -> CORREGIDO
[2026-10-06 00:39:04]   [484/745] CORREGIR 311730455943497432 -> CORREGIDO
[2026-10-06 00:39:07]   [485/745] CORREGIR 34362257305482375 -> CORREGIDO
[2026-10-06 00:39:09]   [486/745] CORREGIR 86718170173623 -> CORREGIDO
[2026-10-06 00:39:11]   [487/745] CORREGIR 1550905965622191930 -> CORREGIDO
[2026-10-06 00:39:13]   [488/745] CORREGIR 821583687949791133 -> CORREGIDO
[2026-10-06 00:39:15]   [489/745] CORREGIR 455843561579621783 -> CORREGIDO
[2026-10-06 00:39:18]   [490/745] CORREGIR 3879321263038405783 -> CORREGIDO
[2026-10-06 00:39:20]   [491/745] CORREGIR 3085493118766925530 -> CORREGIDO
[2026-10-06 00:39:22]   [492/745] CORREGIR 4259460372891534664 -> CORREGIDO
[2026-10-06 00:39:24]   [493/745] CORREGIR 4208213313252069952 -> CORREGIDO
[2026-10-06 00:39:26]   [494/745] CORREGIR 4046788635424332413 -> CORREGIDO
[2026-10-06 00:39:28]   [495/745] CORREGIR 4374008651875089861 -> CORREGIDO
[2026-10-06 00:39:30]   [496/745] CORREGIR 4311602280525839589 -> CORREGIDO
[2026-10-06 00:39:33]   [497/745] CORREGIR 4290881225746951312 -> CORREGIDO
[2026-10-06 00:39:36]   [498/745] CORREGIR 4647958221092306997 -> CORREGIDO
[2026-10-06 00:39:38]   [499/745] CORREGIR 4728057298220062264 -> CORREGIDO
[2026-10-06 00:39:40]   [500/745] CORREGIR 4612153278099451308 -> CORREGIDO
[2026-10-06 00:39:42]   [501/745] CORREGIR 4613792654381192308 -> CORREGIDO
[2026-10-06 00:39:44]   [502/745] CORREGIR 5054868888724687798 -> CORREGIDO
[2026-10-06 00:39:46]   [503/745] CORREGIR 5090001975361091734 -> CORREGIDO
[2026-10-06 00:39:49]   [504/745] CORREGIR 4738109350407684974 -> CORREGIDO
[2026-10-06 00:39:51]   [505/745] CORREGIR 5020749792907235414 -> CORREGIDO
[2026-10-06 00:39:53]   [506/745] CORREGIR 5227730111930579464 -> CORREGIDO
[2026-10-06 00:39:55]   [507/745] CORREGIR 5679790700415965793 -> CORREGIDO
[2026-10-06 00:39:57]   [508/745] CORREGIR 5528804465405955733 -> CORREGIDO
[2026-10-06 00:39:59]   [509/745] CORREGIR 5269585546607039837 -> CORREGIDO
[2026-10-06 00:40:01]   [510/745] CORREGIR 5903441078056402739 -> CORREGIDO
[2026-10-06 00:40:03]   [511/745] CORREGIR 5811471969835072558 -> CORREGIDO
[2026-10-06 00:40:05]   [512/745] CORREGIR 5808566527271560272 -> CORREGIDO
[2026-10-06 00:40:07]   [513/745] CORREGIR 5939265537787146658 -> CORREGIDO
[2026-10-06 00:40:09]   [514/745] CORREGIR 6017989975140912323 -> CORREGIDO
[2026-10-06 00:40:12]   [515/745] CORREGIR 5949085114813903278 -> CORREGIDO
[2026-10-06 00:40:15]   [516/745] CORREGIR 6313950545181352213 -> CORREGIDO
[2026-10-06 00:40:17]   [517/745] CORREGIR 6169917392470284412 -> CORREGIDO
[2026-10-06 00:40:19]   [518/745] CORREGIR 6680288544128142641 -> CORREGIDO
[2026-10-06 00:40:22]   [519/745] CORREGIR 6772366809887485435 -> CORREGIDO
[2026-10-06 00:40:24]   [520/745] CORREGIR 7232715277265674550 -> CORREGIDO
[2026-10-06 00:40:27]   [521/745] CORREGIR 6709494749994886602 -> CORREGIDO
[2026-10-06 00:40:29]   [522/745] CORREGIR 7486853172497835516 -> CORREGIDO
[2026-10-06 00:40:31]   [523/745] CORREGIR 7408233103356288644 -> CORREGIDO
[2026-10-06 00:40:33]   [524/745] CORREGIR 7246167016606001197 -> CORREGIDO
[2026-10-06 00:40:36]   [525/745] CORREGIR 7967198884711478363 -> CORREGIDO
[2026-10-06 00:40:38]   [526/745] CORREGIR 7596356558415143683 -> CORREGIDO
[2026-10-06 00:40:40]   [527/745] CORREGIR 8179393919883597442 -> CORREGIDO
[2026-10-06 00:40:42]   [528/745] CORREGIR 8472522919752616170 -> CORREGIDO
[2026-10-06 00:40:44]   [529/745] CORREGIR 8598540793691001127 -> CORREGIDO
[2026-10-06 00:40:46]   [530/745] CORREGIR 8863051712260310154 -> CORREGIDO
[2026-10-06 00:40:48]   [531/745] CORREGIR 39389764531201649 -> CORREGIDO
[2026-10-06 00:40:50]   [532/745] CORREGIR 119205651881671539 -> CORREGIDO
[2026-10-06 00:40:52]   [533/745] CORREGIR 907508432949301914 -> CORREGIDO
[2026-10-06 00:40:54]   [534/745] CORREGIR 337936616210732434 -> CORREGIDO
[2026-10-06 00:40:56]   [535/745] CORREGIR 192292643249761698 -> CORREGIDO
[2026-10-06 00:40:59]   [536/745] CORREGIR 1159703038525192558 -> CORREGIDO
[2026-10-06 00:41:01]   [537/745] CORREGIR 1327372344186145168 -> CORREGIDO
[2026-10-06 00:41:03]   [538/745] CORREGIR 2338314164794436003 -> CORREGIDO
[2026-10-06 00:41:05]   [539/745] CORREGIR 4185609321706859786 -> CORREGIDO
[2026-10-06 00:41:07]   [540/745] CORREGIR 2814206579961342173 -> CORREGIDO
[2026-10-06 00:41:09]   [541/745] CORREGIR 4552053723243620802 -> CORREGIDO
[2026-10-06 00:41:11]   [542/745] CORREGIR 4527822088560994241 -> CORREGIDO
[2026-10-06 00:41:13]   [543/745] CORREGIR 4592489850060081775 -> CORREGIDO
[2026-10-06 00:41:16]   [544/745] CORREGIR 4586082816447318901 -> CORREGIDO
[2026-10-06 00:41:18]   [545/745] CORREGIR 4601280029507918044 -> CORREGIDO
[2026-10-06 00:41:20]   [546/745] CORREGIR 4653499067122512651 -> CORREGIDO
[2026-10-06 00:41:22]   [547/745] CORREGIR 4634669120372668418 -> CORREGIDO
[2026-10-06 00:41:24]   [548/745] CORREGIR 5212653877053165169 -> CORREGIDO
[2026-10-06 00:41:26]   [549/745] CORREGIR 5145508582071213377 -> CORREGIDO
[2026-10-06 00:41:28]   [550/745] CORREGIR 5456850917005016171 -> CORREGIDO
[2026-10-06 00:41:31]   [551/745] CORREGIR 5263073190903787694 -> CORREGIDO
[2026-10-06 00:41:33]   [552/745] CORREGIR 5788667364622880483 -> CORREGIDO
[2026-10-06 00:41:35]   [553/745] CORREGIR 5472985463014928657 -> CORREGIDO
[2026-10-06 00:41:38]   [554/745] CORREGIR 5658044831304498805 -> CORREGIDO
[2026-10-06 00:41:40]   [555/745] CORREGIR 6163004810024428879 -> CORREGIDO
[2026-10-06 00:41:42]   [556/745] CORREGIR 6561113377564600064 -> CORREGIDO
[2026-10-06 00:41:44]   [557/745] CORREGIR 6225476900250592965 -> CORREGIDO
[2026-10-06 00:41:46]   [558/745] CORREGIR 6503845252508791392 -> CORREGIDO
[2026-10-06 00:41:48]   [559/745] CORREGIR 6886350444883337185 -> CORREGIDO
[2026-10-06 00:41:56]   [560/745] CORREGIR 6638798884063252387 -> CORREGIDO
[2026-10-06 00:41:58]   [561/745] CORREGIR 6925104168173850656 -> CORREGIDO
[2026-10-06 00:42:01]   [562/745] CORREGIR 7183630775828034612 -> CORREGIDO
[2026-10-06 00:42:03]   [563/745] CORREGIR 7541077917234358627 -> CORREGIDO
[2026-10-06 00:42:05]   [564/745] CORREGIR 7788370555827996219 -> CORREGIDO
[2026-10-06 00:42:07]   [565/745] CORREGIR 7822883322381252191 -> CORREGIDO
[2026-10-06 00:42:11]   [566/745] CORREGIR 8405780150052477940 -> CORREGIDO
[2026-10-06 00:42:13]   [567/745] CORREGIR 8131736549492094881 -> CORREGIDO
[2026-10-06 00:42:15]   [568/745] CORREGIR 8054490796396819048 -> CORREGIDO
[2026-10-06 00:42:18]   [569/745] CORREGIR 8733591214195854432 -> CORREGIDO
[2026-10-06 00:42:20]   [570/745] CORREGIR 229991573278440653 -> CORREGIDO
[2026-10-06 00:42:22]   [571/745] CORREGIR 246296154001152495 -> CORREGIDO
[2026-10-06 00:42:24]   [572/745] CORREGIR 358342261511412289 -> CORREGIDO
[2026-10-06 00:42:27]   [573/745] CORREGIR 553692137222890333 -> CORREGIDO
[2026-10-06 00:42:29]   [574/745] CORREGIR 379718038501032933 -> CORREGIDO
[2026-10-06 00:42:31]   [575/745] CORREGIR 599725685579689597 -> CORREGIDO
[2026-10-06 00:42:33]   [576/745] CORREGIR 719781298220202158 -> CORREGIDO
[2026-10-06 00:42:35]   [577/745] CORREGIR 671689616866516858 -> CORREGIDO
[2026-10-06 00:42:37]   [578/745] CORREGIR 1045110551128484373 -> CORREGIDO
[2026-10-06 00:42:39]   [579/745] CORREGIR 1111303850076340877 -> CORREGIDO
[2026-10-06 00:42:41]   [580/745] CORREGIR 1209984309345548527 -> CORREGIDO
[2026-10-06 00:42:43]   [581/745] CORREGIR 1543479518295421613 -> CORREGIDO
[2026-10-06 00:42:45]   [582/745] CORREGIR 2005667578495569627 -> CORREGIDO
[2026-10-06 00:42:47]   [583/745] CORREGIR 2026345270784104979 -> CORREGIDO
[2026-10-06 00:42:50]   [584/745] CORREGIR 2370185589366697437 -> CORREGIDO
[2026-10-06 00:42:52]   [585/745] CORREGIR 2181054076074504270 -> CORREGIDO
[2026-10-06 00:42:54]   [586/745] CORREGIR 2208271671379932101 -> CORREGIDO
[2026-10-06 00:42:56]   [587/745] CORREGIR 2500869327036211406 -> CORREGIDO
[2026-10-06 00:42:58]   [588/745] CORREGIR 2375232831351086961 -> CORREGIDO
[2026-10-06 00:43:01]   [589/745] CORREGIR 2756865614679163284 -> CORREGIDO
[2026-10-06 00:43:03]   [590/745] CORREGIR 3237305079553011739 -> CORREGIDO
[2026-10-06 00:43:05]   [591/745] CORREGIR 4136881458516455740 -> CORREGIDO
[2026-10-06 00:43:07]   [592/745] CORREGIR 4174702334710224003 -> CORREGIDO
[2026-10-06 00:43:09]   [593/745] CORREGIR 4211993318489332691 -> CORREGIDO
[2026-10-06 00:43:11]   [594/745] CORREGIR 4244050456149807930 -> CORREGIDO
[2026-10-06 00:43:14]   [595/745] CORREGIR 4506207705417120432 -> CORREGIDO
[2026-10-06 00:43:17]   [596/745] CORREGIR 4528758787990062686 -> CORREGIDO
[2026-10-06 00:43:19]   [597/745] CORREGIR 4525269577100726751 -> CORREGIDO
[2026-10-06 00:43:23]   [598/745] CORREGIR 4547056236399407009 -> CORREGIDO
[2026-10-06 00:43:25]   [599/745] CORREGIR 4551505139478930526 -> CORREGIDO
[2026-10-06 00:43:34]   [600/745] CORREGIR 4575394370469070966 -> CORREGIDO
[2026-10-06 00:43:36]   [601/745] CORREGIR 4621923441338114660 -> CORREGIDO
[2026-10-06 00:43:39]   [602/745] CORREGIR 4655567583889623250 -> CORREGIDO
[2026-10-06 00:43:41]   [603/745] CORREGIR 4692136380352195668 -> CORREGIDO
[2026-10-06 00:43:43]   [604/745] CORREGIR 4725070067332297939 -> CORREGIDO
[2026-10-06 00:43:45]   [605/745] CORREGIR 4802645744286826448 -> CORREGIDO
[2026-10-06 00:43:47]   [606/745] CORREGIR 4831376501321064930 -> CORREGIDO
[2026-10-06 00:43:49]   [607/745] CORREGIR 4867753495025994550 -> CORREGIDO
[2026-10-06 00:43:51]   [608/745] CORREGIR 5009956625114896677 -> CORREGIDO
[2026-10-06 00:43:53]   [609/745] CORREGIR 5023221663419744961 -> CORREGIDO
[2026-10-06 00:43:55]   [610/745] CORREGIR 5060601966801785277 -> CORREGIDO
[2026-10-06 00:43:58]   [611/745] CORREGIR 5023349513501789173 -> CORREGIDO
[2026-10-06 00:44:01]   [612/745] CORREGIR 5121494792594338913 -> CORREGIDO
[2026-10-06 00:44:03]   [613/745] CORREGIR 5163285781670170899 -> CORREGIDO
[2026-10-06 00:44:05]   [614/745] CORREGIR 5223686891377161767 -> CORREGIDO
[2026-10-06 00:44:07]   [615/745] CORREGIR 5177564748816766672 -> CORREGIDO
[2026-10-06 00:44:09]   [616/745] CORREGIR 5292915591865591051 -> CORREGIDO
[2026-10-06 00:44:11]   [617/745] CORREGIR 5337926219016398220 -> CORREGIDO
[2026-10-06 00:44:13]   [618/745] CORREGIR 5511450502342740719 -> CORREGIDO
[2026-10-06 00:44:15]   [619/745] CORREGIR 5519877793198712387 -> CORREGIDO
[2026-10-06 00:44:17]   [620/745] CORREGIR 5522309283081548265 -> CORREGIDO
[2026-10-06 00:44:19]   [621/745] CORREGIR 5573350108349685280 -> CORREGIDO
[2026-10-06 00:44:21]   [622/745] CORREGIR 5653708144094102598 -> CORREGIDO
[2026-10-06 00:44:23]   [623/745] CORREGIR 5739579078304868357 -> CORREGIDO
[2026-10-06 00:44:25]   [624/745] CORREGIR 5721745193465721621 -> CORREGIDO
[2026-10-06 00:44:28]   [625/745] CORREGIR 5830274012127744849 -> CORREGIDO
[2026-10-06 00:44:31]   [626/745] CORREGIR 5780677027745975340 -> CORREGIDO
[2026-10-06 00:44:33]   [627/745] CORREGIR 5847226944353013706 -> CORREGIDO
[2026-10-06 00:44:37]   [628/745] CORREGIR 5957834068943433018 -> CORREGIDO
[2026-10-06 00:44:39]   [629/745] CORREGIR 6236031908540324258 -> CORREGIDO
[2026-10-06 00:44:41]   [630/745] CORREGIR 6257201873127126318 -> CORREGIDO
[2026-10-06 00:44:43]   [631/745] CORREGIR 6326796254148332592 -> CORREGIDO
[2026-10-06 00:44:45]   [632/745] CORREGIR 6328722049474834607 -> CORREGIDO
[2026-10-06 00:44:47]   [633/745] CORREGIR 6700777278763155277 -> CORREGIDO
[2026-10-06 00:44:50]   [634/745] CORREGIR 6758916294927718903 -> CORREGIDO
[2026-10-06 00:44:52]   [635/745] CORREGIR 6910459654030826692 -> CORREGIDO
[2026-10-06 00:44:54]   [636/745] CORREGIR 6985750555722492058 -> CORREGIDO
[2026-10-06 00:44:56]   [637/745] CORREGIR 6992158738499477131 -> CORREGIDO
[2026-10-06 00:44:59]   [638/745] CORREGIR 7028255585707119610 -> CORREGIDO
[2026-10-06 00:45:01]   [639/745] CORREGIR 7108239945879680228 -> CORREGIDO
[2026-10-06 00:45:03]   [640/745] CORREGIR 7143693320872785418 -> CORREGIDO
[2026-10-06 00:45:05]   [641/745] CORREGIR 7152055665414580120 -> CORREGIDO
[2026-10-06 00:45:07]   [642/745] CORREGIR 7433754479228468576 -> CORREGIDO
[2026-10-06 00:45:09]   [643/745] CORREGIR 7508652641857185018 -> CORREGIDO
[2026-10-06 00:45:11]   [644/745] CORREGIR 7873415046177487919 -> CORREGIDO
[2026-10-06 00:45:14]   [645/745] CORREGIR 8322954173645363931 -> CORREGIDO
[2026-10-06 00:45:16]   [646/745] CORREGIR 8400065616523472781 -> CORREGIDO
[2026-10-06 00:45:18]   [647/745] CORREGIR 8419734106133423715 -> CORREGIDO
[2026-10-06 00:45:20]   [648/745] CORREGIR 8977821263013820003 -> CORREGIDO
[2026-10-06 00:45:22]   [649/745] CORREGIR 9007147659360772497 -> CORREGIDO
[2026-10-06 00:45:24]   [650/745] CORREGIR 9158588902877350400 -> CORREGIDO
[2026-10-06 00:45:26]   [651/745] CORREGIR 185196456659571752 -> CORREGIDO
[2026-10-06 00:45:28]   [652/745] CORREGIR 294672021449692818 -> CORREGIDO
[2026-10-06 00:45:31]   [653/745] CORREGIR 426233147498512827 -> CORREGIDO
[2026-10-06 00:45:33]   [654/745] CORREGIR 972174358152883087 -> CORREGIDO
[2026-10-06 00:45:35]   [655/745] CORREGIR 1035319738751252464 -> CORREGIDO
[2026-10-06 00:45:37]   [656/745] CORREGIR 1109266464202203397 -> CORREGIDO
[2026-10-06 00:45:39]   [657/745] CORREGIR 1158279000866921656 -> CORREGIDO
[2026-10-06 00:45:42]   [658/745] CORREGIR 1131494058818896794 -> CORREGIDO
[2026-10-06 00:45:47]   [659/745] CORREGIR 1694333859257041791 -> CORREGIDO
[2026-10-06 00:45:49]   [660/745] CORREGIR 1442578790391668957 -> CORREGIDO
[2026-10-06 00:45:51]   [661/745] CORREGIR 2052921351213869181 -> CORREGIDO
[2026-10-06 00:45:53]   [662/745] CORREGIR 2229135140872673809 -> CORREGIDO
[2026-10-06 00:45:55]   [663/745] CORREGIR 2990077317640705379 -> CORREGIDO
[2026-10-06 00:46:01]   [664/745] CORREGIR 3135127322858400818 -> CORREGIDO
[2026-10-06 00:46:03]   [665/745] CORREGIR 3222271969115386617 -> CORREGIDO
[2026-10-06 00:46:05]   [666/745] CORREGIR 4370838694711710188 -> CORREGIDO
[2026-10-06 00:46:08]   [667/745] CORREGIR 4643956141745986830 -> CORREGIDO
[2026-10-06 00:46:10]   [668/745] CORREGIR 4563794223046968020 -> CORREGIDO
[2026-10-06 00:46:12]   [669/745] CORREGIR 4609017555206101772 -> CORREGIDO
[2026-10-06 00:46:16]   [670/745] CORREGIR 5162841492810654930 -> CORREGIDO
[2026-10-06 00:46:18]   [671/745] CORREGIR 5376236035920626802 -> CORREGIDO
[2026-10-06 00:46:20]   [672/745] CORREGIR 6291856487994226203 -> CORREGIDO
[2026-10-06 00:46:22]   [673/745] CORREGIR 5508435768275177477 -> CORREGIDO
[2026-10-06 00:46:24]   [674/745] CORREGIR 6147623502610362036 -> CORREGIDO
[2026-10-06 00:46:27]   [675/745] CORREGIR 3119627361353582559 -> CORREGIDO
[2026-10-06 00:46:29]   [676/745] CORREGIR 4120664926335189479 -> CORREGIDO
[2026-10-06 00:46:32]   [677/745] CORREGIR 6650227000925208593 -> CORREGIDO
[2026-10-06 00:46:34]   [678/745] CORREGIR 8772587595092025904 -> CORREGIDO
[2026-10-06 00:46:36]   [679/745] CORREGIR 5142090138280693459 -> CORREGIDO
[2026-10-06 00:46:38]   [680/745] CORREGIR 6900077154657984698 -> CORREGIDO
[2026-10-06 00:46:40]   [681/745] CORREGIR 7599494066591201107 -> CORREGIDO
[2026-10-06 00:46:45]   [682/745] CORREGIR 4997404397148934735 -> CORREGIDO
[2026-10-06 00:46:48]   [683/745] CORREGIR 3763448285631438615 -> CORREGIDO
[2026-10-06 00:46:51]   [684/745] CORREGIR 7869511009882250646 -> CORREGIDO
[2026-10-06 00:46:53]   [685/745] CORREGIR 6912208219956047508 -> CORREGIDO
[2026-10-06 00:46:55]   [686/745] CORREGIR 4113348798320799996 -> CORREGIDO
[2026-10-06 00:46:57]   [687/745] CORREGIR 8708894186034416961 -> CORREGIDO
[2026-10-06 00:46:59]   [688/745] CORREGIR 6026481569392831333 -> CORREGIDO
[2026-10-06 00:47:03]   [689/745] CORREGIR 4227439483819586378 -> CORREGIDO
[2026-10-06 00:47:05]   [690/745] CORREGIR 5072090979054496372 -> CORREGIDO
[2026-10-06 00:47:07]   [691/745] CORREGIR 2772477047718062313 -> CORREGIDO
[2026-10-06 00:47:10]   [692/745] CORREGIR 3823795752003345151 -> CORREGIDO
[2026-10-06 00:47:13]   [693/745] CORREGIR 8135125272678729873 -> CORREGIDO
[2026-10-06 00:47:15]   [694/745] CORREGIR 7195413281755317114 -> CORREGIDO
[2026-10-06 00:47:17]   [695/745] CORREGIR 6185363670869214125 -> CORREGIDO
[2026-10-06 00:47:19]   [696/745] CORREGIR 1668122418751481251 -> CORREGIDO
[2026-10-06 00:47:21]   [697/745] CORREGIR 8640223651678294706 -> CORREGIDO
[2026-10-06 00:47:23]   [698/745] CORREGIR 1905449318191571746 -> CORREGIDO
[2026-10-06 00:47:25]   [699/745] CORREGIR 815676795819413431 -> CORREGIDO
[2026-10-06 00:47:28]   [700/745] CORREGIR 9094803313470261021 -> CORREGIDO
[2026-10-06 00:47:30]   [701/745] CORREGIR 2226364065984763184 -> CORREGIDO
[2026-10-06 00:47:32]   [702/745] CORREGIR 7057022376544333933 -> CORREGIDO
[2026-10-06 00:47:35]   [703/745] CORREGIR 8784714379227721102 -> CORREGIDO
[2026-10-06 00:47:37]   [704/745] CORREGIR 5796866204251379241 -> CORREGIDO
[2026-10-06 00:47:39]   [705/745] CORREGIR 7304954034138515795 -> CORREGIDO
[2026-10-06 00:47:41]   [706/745] CORREGIR 8411292400469830614 -> CORREGIDO
[2026-10-06 00:47:44]   [707/745] CORREGIR 7665000962780862574 -> CORREGIDO
[2026-10-06 00:47:46]   [708/745] CORREGIR 6249925595995000077 -> CORREGIDO
[2026-10-06 00:47:49]   [709/745] CORREGIR 4835468411595533594 -> CORREGIDO
[2026-10-06 00:47:51]   [710/745] CORREGIR 1899339178341039657 -> CORREGIDO
[2026-10-06 00:47:53]   [711/745] CORREGIR 3040320266503910378 -> CORREGIDO
[2026-10-06 00:47:55]   [712/745] CORREGIR 6169761773182813188 -> CORREGIDO
[2026-10-06 00:47:58]   [713/745] CORREGIR 5763841543036016224 -> CORREGIDO
[2026-10-06 00:48:00]   [714/745] CORREGIR 4253547369891832067 -> CORREGIDO
[2026-10-06 00:48:02]   [715/745] CORREGIR 6862166138788843069 -> CORREGIDO
[2026-10-06 00:48:09]   [716/745] CORREGIR 569685245456977446 -> CORREGIDO
[2026-10-06 00:48:11]   [717/745] CORREGIR 3054264949822301895 -> CORREGIDO
[2026-10-06 00:48:13]   [718/745] CORREGIR 5901498869419086870 -> CORREGIDO
[2026-10-06 00:48:15]   [719/745] CORREGIR 6136641529226480739 -> CORREGIDO
[2026-10-06 00:48:19]   [720/745] CORREGIR 4580972716779228016 -> CORREGIDO
[2026-10-06 00:48:21]   [721/745] CORREGIR 238408448659552289 -> CORREGIDO
[2026-10-06 00:48:23]   [722/745] CORREGIR 4206264833222635184 -> CORREGIDO
[2026-10-06 00:48:28]   [723/745] CORREGIR 5819465707850955786 -> CORREGIDO
[2026-10-06 00:48:30]   [724/745] CORREGIR 6673310337374413142 -> CORREGIDO
[2026-10-06 00:48:32]   [725/745] CORREGIR 3522165200179299402 -> CORREGIDO
[2026-10-06 00:48:34]   [726/745] CORREGIR 2153058795995268953 -> CORREGIDO
[2026-10-06 00:48:36]   [727/745] CORREGIR 2934666654914985201 -> CORREGIDO
[2026-10-06 00:48:38]   [728/745] CORREGIR 6387292909057094416 -> CORREGIDO
[2026-10-06 00:48:40]   [729/745] CORREGIR 4675251999119251591 -> CORREGIDO
[2026-10-06 00:48:42]   [730/745] CORREGIR 6144444820867068400 -> CORREGIDO
[2026-10-06 00:48:45]   [731/745] CORREGIR 3600414466972345924 -> CORREGIDO
[2026-10-06 00:48:47]   [732/745] CORREGIR 3374284434702883786 -> CORREGIDO
[2026-10-06 00:48:49]   [733/745] CORREGIR 2279395444554114784 -> CORREGIDO
[2026-10-06 00:48:52]   [734/745] CORREGIR 4131827182470137164 -> CORREGIDO
[2026-10-06 00:48:54]   [735/745] CORREGIR 4862242437065291119 -> CORREGIDO
[2026-10-06 00:48:56]   [736/745] CORREGIR 4279619069094434289 -> CORREGIDO
[2026-10-06 00:48:59]   [737/745] CORREGIR 6980326174800223732 -> CORREGIDO
[2026-10-06 00:49:01]   [738/745] CORREGIR 6436474651974135284 -> CORREGIDO
[2026-10-06 00:49:03]   [739/745] CORREGIR 4404550731489537971 -> CORREGIDO
[2026-10-06 00:49:06]   [740/745] CORREGIR 2249727106890610184 -> CORREGIDO
[2026-10-06 00:49:08]   [741/745] CORREGIR 6790169993417119217 -> CORREGIDO
[2026-10-06 00:49:11]   [742/745] CORREGIR 6755205695078798766 -> CORREGIDO
[2026-10-06 00:49:13]   [743/745] CORREGIR 2583465947567007235 -> CORREGIDO
[2026-10-06 00:49:15]   [744/745] CORREGIR 7370841422257245373 -> CORREGIDO
[2026-10-06 00:49:18]   [745/745] CORREGIR 9023297888160123527 -> CORREGIDO
[2026-10-06 00:49:19] 
[2026-10-06 00:49:19] === RESUMEN MANTENIMIENTO ===
[2026-10-06 00:49:19]   CORREGIDOS : 596
[2026-10-06 00:49:19]   RETIRADOS  : 149
[2026-10-06 00:49:19]   YA AUSENTES: 0
[2026-10-06 00:49:19]   ACTUALIZ.  : 0
[2026-10-06 00:49:19]   ERRORES    : 0
[2026-10-06 00:49:19]   en cola    : 0 pendientes de 853
[2026-10-06 00:49:19]   registro   : C:\Users\Dell G3 Gaming\Documents\Default Project\datos\publicados\registro-historico.txt
[2026-10-06 00:49:19] hecho.
