[correcciones] 
[correcciones] === PLAN DE MANTENIMIENTO ===
[correcciones]   modo            : APLICAR (escrituras reales)
[correcciones]   cola pendiente  : 745  (se procesarian hasta 1000)
[correcciones]   actualizaciones : 0 (ACTUALIZADA/CORRECCION de la cola comun)
[correcciones]   pausa           : 800 ms entre operaciones
[correcciones]   RETIRAR como    : BORRADOR (posts.revert -> DRAFT, reversible)
[correcciones]     CORREGIR: 596
[correcciones]     RETIRAR: 149
[correcciones] 
[correcciones] === ESCRITURA ===
[correcciones]   limite efectivo: 1000 operaciones, pausa 800 ms
[correcciones]   access_token refrescado
[correcciones]   blog: 448950430489176641
[correcciones]   [1/745] RETIRAR 7091668410510144108 -> RETIRADO (BORRADOR)
[correcciones]   [2/745] RETIRAR 7086918271433979050 -> RETIRADO (BORRADOR)
[correcciones]   [3/745] RETIRAR 7841579002429695560 -> RETIRADO (BORRADOR)
[correcciones]   [4/745] RETIRAR 8253152599984404325 -> RETIRADO (BORRADOR)
[correcciones]   [5/745] RETIRAR 8720902419462905946 -> RETIRADO (BORRADOR)
[correcciones]   [6/745] RETIRAR 8887469164055441384 -> RETIRADO (BORRADOR)
[correcciones]   [7/745] RETIRAR 3887607856867800988 -> RETIRADO (BORRADOR)
[correcciones]   [8/745] RETIRAR 3969854300813352046 -> RETIRADO (BORRADOR)
[correcciones]   [9/745] RETIRAR 6819104494213901711 -> RETIRADO (BORRADOR)
[correcciones]   [10/745] RETIRAR 4145675909955660600 -> RETIRADO (BORRADOR)
[correcciones]   [11/745] RETIRAR 4338817646968102948 -> RETIRADO (BORRADOR)
[correcciones]   [12/745] RETIRAR 4762906133683114796 -> RETIRADO (BORRADOR)
[correcciones]   [13/745] RETIRAR 4850073636278929907 -> RETIRADO (BORRADOR)
[correcciones]   [14/745] RETIRAR 4804995909784502464 -> RETIRADO (BORRADOR)
[correcciones]   [15/745] RETIRAR 5443327131498947744 -> RETIRADO (BORRADOR)
[correcciones]   [16/745] RETIRAR 5870638538447891792 -> RETIRADO (BORRADOR)
[correcciones]   [17/745] RETIRAR 6039800574208705795 -> RETIRADO (BORRADOR)
[correcciones]   [18/745] RETIRAR 6332645896597344834 -> RETIRADO (BORRADOR)
[correcciones]   [19/745] RETIRAR 6979256380793314741 -> RETIRADO (BORRADOR)
[correcciones]   [20/745] RETIRAR 7244357038685376982 -> RETIRADO (BORRADOR)
[correcciones]   [21/745] RETIRAR 7103463345030074909 -> RETIRADO (BORRADOR)
[correcciones]   [22/745] RETIRAR 7656784082766324466 -> RETIRADO (BORRADOR)
[correcciones]   [23/745] RETIRAR 8025642815044264510 -> RETIRADO (BORRADOR)
[correcciones]   [24/745] RETIRAR 214027486403395694 -> RETIRADO (BORRADOR)
[correcciones]   [25/745] RETIRAR 135735306498957532 -> RETIRADO (BORRADOR)
[correcciones]   [26/745] RETIRAR 566590154241393020 -> RETIRADO (BORRADOR)
[correcciones]   [27/745] RETIRAR 1092083805003518163 -> RETIRADO (BORRADOR)
[correcciones]   [28/745] RETIRAR 4119588434850823923 -> RETIRADO (BORRADOR)
[correcciones]   [29/745] RETIRAR 4137400355742100377 -> RETIRADO (BORRADOR)
[correcciones]   [30/745] RETIRAR 4147322695867442573 -> RETIRADO (BORRADOR)
[correcciones]   [31/745] RETIRAR 4159889459907039447 -> RETIRADO (BORRADOR)
[correcciones]   [32/745] RETIRAR 4178250339165028935 -> RETIRADO (BORRADOR)
[correcciones]   [33/745] RETIRAR 4218552923437793344 -> RETIRADO (BORRADOR)
[correcciones]   [34/745] RETIRAR 4193079271030498300 -> RETIRADO (BORRADOR)
[correcciones]   [35/745] RETIRAR 4218727606453438737 -> RETIRADO (BORRADOR)
[correcciones]   [36/745] RETIRAR 4250344064163845661 -> RETIRADO (BORRADOR)
[correcciones]   [37/745] RETIRAR 4228580652802224336 -> RETIRADO (BORRADOR)
[correcciones]   [38/745] RETIRAR 4231084555750734914 -> RETIRADO (BORRADOR)
[correcciones]   [39/745] RETIRAR 4281456775529147394 -> RETIRADO (BORRADOR)
[correcciones]   [40/745] RETIRAR 4282361946510268509 -> RETIRADO (BORRADOR)
[correcciones]   [41/745] RETIRAR 4252366699350610466 -> RETIRADO (BORRADOR)
[correcciones]   [42/745] RETIRAR 4286584866678041683 -> RETIRADO (BORRADOR)
[correcciones]   [43/745] RETIRAR 4315000641770420928 -> RETIRADO (BORRADOR)
[correcciones]   [44/745] RETIRAR 4307619773793016826 -> RETIRADO (BORRADOR)
[correcciones]   [45/745] RETIRAR 4336101024966806514 -> RETIRADO (BORRADOR)
[correcciones]   [46/745] RETIRAR 4413500403850420670 -> RETIRADO (BORRADOR)
[correcciones]   [47/745] RETIRAR 4516413326756069542 -> RETIRADO (BORRADOR)
[correcciones]   [48/745] RETIRAR 4539966027135437067 -> RETIRADO (BORRADOR)
[correcciones]   [49/745] RETIRAR 4561753063972450922 -> RETIRADO (BORRADOR)
[correcciones]   [50/745] RETIRAR 4570967479498611421 -> RETIRADO (BORRADOR)
[correcciones]   [51/745] RETIRAR 4598936793269287182 -> RETIRADO (BORRADOR)
[correcciones]   [52/745] RETIRAR 4574653252640013456 -> RETIRADO (BORRADOR)
[correcciones]   [53/745] RETIRAR 4674255357136937633 -> RETIRADO (BORRADOR)
[correcciones]   [54/745] RETIRAR 4723051084551632054 -> RETIRADO (BORRADOR)
[correcciones]   [55/745] RETIRAR 4827937468378104137 -> RETIRADO (BORRADOR)
[correcciones]   [56/745] RETIRAR 4815951943426692251 -> RETIRADO (BORRADOR)
[correcciones]   [57/745] RETIRAR 4862310905356003455 -> RETIRADO (BORRADOR)
[correcciones]   [58/745] RETIRAR 4942959756421797409 -> RETIRADO (BORRADOR)
[correcciones]   [59/745] RETIRAR 5003720042421750047 -> RETIRADO (BORRADOR)
[correcciones]   [60/745] RETIRAR 4995765000948326957 -> RETIRADO (BORRADOR)
[correcciones]   [61/745] RETIRAR 4970821764280194898 -> RETIRADO (BORRADOR)
[correcciones]   [62/745] RETIRAR 4963954947473026976 -> RETIRADO (BORRADOR)
[correcciones]   [63/745] RETIRAR 5015017869766640612 -> RETIRADO (BORRADOR)
[correcciones]   [64/745] RETIRAR 5071042185961548298 -> RETIRADO (BORRADOR)
[correcciones]   [65/745] RETIRAR 5100188555632408966 -> RETIRADO (BORRADOR)
[correcciones]   [66/745] RETIRAR 5161088619186733181 -> RETIRADO (BORRADOR)
[correcciones]   [67/745] RETIRAR 5149100201041478873 -> RETIRADO (BORRADOR)
[correcciones]   [68/745] RETIRAR 5169019482476937568 -> RETIRADO (BORRADOR)
[correcciones]   [69/745] RETIRAR 5320450506661966452 -> RETIRADO (BORRADOR)
[correcciones]   [70/745] RETIRAR 5326148257964477732 -> RETIRADO (BORRADOR)
[correcciones]   [71/745] RETIRAR 5339599420729047896 -> RETIRADO (BORRADOR)
[correcciones]   [72/745] RETIRAR 5389632007447413284 -> RETIRADO (BORRADOR)
[correcciones]   [73/745] RETIRAR 5373988623740402208 -> RETIRADO (BORRADOR)
[correcciones]   [74/745] RETIRAR 5457315010777306262 -> RETIRADO (BORRADOR)
[correcciones]   [75/745] RETIRAR 5513238411358357095 -> RETIRADO (BORRADOR)
[correcciones]   [76/745] RETIRAR 5529092926124801532 -> RETIRADO (BORRADOR)
[correcciones]   [77/745] RETIRAR 5532365355168717126 -> RETIRADO (BORRADOR)
[correcciones]   [78/745] RETIRAR 5574010859881714571 -> RETIRADO (BORRADOR)
[correcciones]   [79/745] RETIRAR 5693097847964956930 -> RETIRADO (BORRADOR)
[correcciones]   [80/745] RETIRAR 5781351526523934943 -> RETIRADO (BORRADOR)
[correcciones]   [81/745] RETIRAR 5944892725579215183 -> RETIRADO (BORRADOR)
[correcciones]   [82/745] RETIRAR 5859842151895693295 -> RETIRADO (BORRADOR)
[correcciones]   [83/745] RETIRAR 5857667948564494343 -> RETIRADO (BORRADOR)
[correcciones]   [84/745] RETIRAR 5966062667985887590 -> RETIRADO (BORRADOR)
[correcciones]   [85/745] RETIRAR 6114166444101948464 -> RETIRADO (BORRADOR)
[correcciones]   [86/745] RETIRAR 6110386850596102587 -> RETIRADO (BORRADOR)
[correcciones]   [87/745] RETIRAR 6050217610500656142 -> RETIRADO (BORRADOR)
[correcciones]   [88/745] RETIRAR 6186865386848623421 -> RETIRADO (BORRADOR)
[correcciones]   [89/745] RETIRAR 6237924187887233775 -> RETIRADO (BORRADOR)
[correcciones]   [90/745] RETIRAR 6247037991815013046 -> RETIRADO (BORRADOR)
[correcciones]   [91/745] RETIRAR 6253583179052274910 -> RETIRADO (BORRADOR)
[correcciones]   [92/745] RETIRAR 6271405676860662503 -> RETIRADO (BORRADOR)
[correcciones]   [93/745] RETIRAR 6277816617389725083 -> RETIRADO (BORRADOR)
[correcciones]   [94/745] RETIRAR 6278748651102780090 -> RETIRADO (BORRADOR)
[correcciones]   [95/745] RETIRAR 6398576564961619106 -> RETIRADO (BORRADOR)
[correcciones]   [96/745] RETIRAR 6433288563645426814 -> RETIRADO (BORRADOR)
[correcciones]   [97/745] RETIRAR 6508969806296703384 -> RETIRADO (BORRADOR)
[correcciones]   [98/745] RETIRAR 6723340200567827725 -> RETIRADO (BORRADOR)
[correcciones]   [99/745] RETIRAR 6720900603766880533 -> RETIRADO (BORRADOR)
[correcciones]   [100/745] RETIRAR 6727498630193465710 -> RETIRADO (BORRADOR)
[correcciones]   [101/745] RETIRAR 6824195150731553357 -> RETIRADO (BORRADOR)
[correcciones]   [102/745] RETIRAR 6770061227174735112 -> RETIRADO (BORRADOR)
[correcciones]   [103/745] RETIRAR 6800840880194452294 -> RETIRADO (BORRADOR)
[correcciones]   [104/745] RETIRAR 6835562614482279121 -> RETIRADO (BORRADOR)
[correcciones]   [105/745] RETIRAR 6940753218579048536 -> RETIRADO (BORRADOR)
[correcciones]   [106/745] RETIRAR 6938717258662129529 -> RETIRADO (BORRADOR)
[correcciones]   [107/745] RETIRAR 7100274194205160185 -> RETIRADO (BORRADOR)
[correcciones]   [108/745] RETIRAR 7126523278811776061 -> RETIRADO (BORRADOR)
[correcciones]   [109/745] RETIRAR 7354742763445192395 -> RETIRADO (BORRADOR)
[correcciones]   [110/745] RETIRAR 7305036699963496740 -> RETIRADO (BORRADOR)
[correcciones]   [111/745] RETIRAR 7267419666157874056 -> RETIRADO (BORRADOR)
[correcciones]   [112/745] RETIRAR 7441776784059563438 -> RETIRADO (BORRADOR)
[correcciones]   [113/745] RETIRAR 7651597589968946781 -> RETIRADO (BORRADOR)
[correcciones]   [114/745] RETIRAR 7460206525716703154 -> RETIRADO (BORRADOR)
[correcciones]   [115/745] RETIRAR 8045184880623715307 -> RETIRADO (BORRADOR)
[correcciones]   [116/745] RETIRAR 8094876574824160630 -> RETIRADO (BORRADOR)
[correcciones]   [117/745] RETIRAR 8247675268726480083 -> RETIRADO (BORRADOR)
[correcciones]   [118/745] RETIRAR 8233537410118386871 -> RETIRADO (BORRADOR)
[correcciones]   [119/745] RETIRAR 8221517789880523424 -> RETIRADO (BORRADOR)
[correcciones]   [120/745] RETIRAR 8273004641346258264 -> RETIRADO (BORRADOR)
[correcciones]   [121/745] RETIRAR 8351230256124977637 -> RETIRADO (BORRADOR)
[correcciones]   [122/745] RETIRAR 8392334614303597899 -> RETIRADO (BORRADOR)
[correcciones]   [123/745] RETIRAR 8503990953946855857 -> RETIRADO (BORRADOR)
[correcciones]   [124/745] RETIRAR 8649066286588542726 -> RETIRADO (BORRADOR)
[correcciones]   [125/745] RETIRAR 8561675014261282090 -> RETIRADO (BORRADOR)
[correcciones]   [126/745] RETIRAR 8764048403405613426 -> RETIRADO (BORRADOR)
[correcciones]   [127/745] RETIRAR 8839034603898484484 -> RETIRADO (BORRADOR)
[correcciones]   [128/745] RETIRAR 8775981697451156619 -> RETIRADO (BORRADOR)
[correcciones]   [129/745] RETIRAR 8681835442359403338 -> RETIRADO (BORRADOR)
[correcciones]   [130/745] RETIRAR 8935566067371686642 -> RETIRADO (BORRADOR)
[correcciones]   [131/745] RETIRAR 8875590097440811145 -> RETIRADO (BORRADOR)
[correcciones]   [132/745] RETIRAR 8939546501810227734 -> RETIRADO (BORRADOR)
[correcciones]   [133/745] RETIRAR 9068978292406759750 -> RETIRADO (BORRADOR)
[correcciones]   [134/745] RETIRAR 211125032632768309 -> RETIRADO (BORRADOR)
[correcciones]   [135/745] RETIRAR 821393731086479170 -> RETIRADO (BORRADOR)
[correcciones]   [136/745] RETIRAR 328688552774387014 -> RETIRADO (BORRADOR)
[correcciones]   [137/745] RETIRAR 834409059988492199 -> RETIRADO (BORRADOR)
[correcciones]   [138/745] RETIRAR 1380408516514506976 -> RETIRADO (BORRADOR)
[correcciones]   [139/745] RETIRAR 1404195850817142549 -> RETIRADO (BORRADOR)
[correcciones]   [140/745] RETIRAR 1792178227293011516 -> RETIRADO (BORRADOR)
[correcciones]   [141/745] RETIRAR 1871439892382623727 -> RETIRADO (BORRADOR)
[correcciones]   [142/745] RETIRAR 2383836377662211983 -> RETIRADO (BORRADOR)
[correcciones]   [143/745] RETIRAR 2376944268703958314 -> RETIRADO (BORRADOR)
[correcciones]   [144/745] RETIRAR 3206798502511429375 -> RETIRADO (BORRADOR)
[correcciones]   [145/745] RETIRAR 3371305700603229633 -> RETIRADO (BORRADOR)
[correcciones]   [146/745] RETIRAR 3971365114831731675 -> RETIRADO (BORRADOR)
[correcciones]   [147/745] RETIRAR 3786879349217298043 -> RETIRADO (BORRADOR)
[correcciones]   [148/745] RETIRAR 8142742216661171065 -> RETIRADO (BORRADOR)
[correcciones]   [149/745] RETIRAR 8243673204637624381 -> RETIRADO (BORRADOR)
[correcciones]   [150/745] CORREGIR 5738888619899935006 -> CORREGIDO
[correcciones]   [151/745] CORREGIR 6516386100742496937 -> CORREGIDO
[correcciones]   [152/745] CORREGIR 2033853027453151666 -> CORREGIDO
[correcciones]   [153/745] CORREGIR 5534403405959551104 -> CORREGIDO
[correcciones]   [154/745] CORREGIR 229922287202972068 -> CORREGIDO
[correcciones]   [155/745] CORREGIR 478872455910119957 -> CORREGIDO
[correcciones]   [156/745] CORREGIR 823049338134904394 -> CORREGIDO
[correcciones]   [157/745] CORREGIR 3852163877180261300 -> CORREGIDO
[correcciones]   [158/745] CORREGIR 5215057383996126268 -> CORREGIDO
[correcciones]   [159/745] CORREGIR 8875621275850707436 -> CORREGIDO
[correcciones]   [160/745] CORREGIR 758850104160344712 -> CORREGIDO
[correcciones]   [161/745] CORREGIR 6695093565811907038 -> CORREGIDO
[correcciones]   [162/745] CORREGIR 3237436605379501306 -> CORREGIDO
[correcciones]   [163/745] CORREGIR 2581598562306371811 -> CORREGIDO
[correcciones]   [164/745] CORREGIR 3206475073630547080 -> CORREGIDO
[correcciones]   [165/745] CORREGIR 1224333775914035092 -> CORREGIDO
[correcciones]   [166/745] CORREGIR 3801432819988002797 -> CORREGIDO
[correcciones]   [167/745] CORREGIR 8000726182695696241 -> CORREGIDO
[correcciones]   [168/745] CORREGIR 4527353302358788111 -> CORREGIDO
[correcciones]   [169/745] CORREGIR 4630450402343295760 -> CORREGIDO
[correcciones]   [170/745] CORREGIR 5084574838255675294 -> CORREGIDO
[correcciones]   [171/745] CORREGIR 59507024560239108 -> CORREGIDO
[correcciones]   [172/745] CORREGIR 8431084247035640143 -> CORREGIDO
[correcciones]   [173/745] CORREGIR 2264539967239854544 -> CORREGIDO
[correcciones]   [174/745] CORREGIR 7777720751105879676 -> CORREGIDO
[correcciones]   [175/745] CORREGIR 2498473946273694356 -> CORREGIDO
[correcciones]   [176/745] CORREGIR 1686240644944203859 -> CORREGIDO
[correcciones]   [177/745] CORREGIR 5934861592819777296 -> CORREGIDO
[correcciones]   [178/745] CORREGIR 1159707770171304935 -> CORREGIDO
[correcciones]   [179/745] CORREGIR 9167658270246512032 -> CORREGIDO
[correcciones]   [180/745] CORREGIR 5878354155096229575 -> CORREGIDO
[correcciones]   [181/745] CORREGIR 1680420012165884816 -> CORREGIDO
[correcciones]   [182/745] CORREGIR 3894220150731240956 -> CORREGIDO
[correcciones]   [183/745] CORREGIR 4756576696876597544 -> CORREGIDO
[correcciones]   [184/745] CORREGIR 8424984683824569228 -> CORREGIDO
[correcciones]   [185/745] CORREGIR 2762509478521979450 -> CORREGIDO
[correcciones]   [186/745] CORREGIR 7892173353889733475 -> CORREGIDO
[correcciones]   [187/745] CORREGIR 2418352165451106927 -> CORREGIDO
[correcciones]   [188/745] CORREGIR 5236150050406843299 -> CORREGIDO
[correcciones]   [189/745] CORREGIR 7098268237267214309 -> CORREGIDO
[correcciones]   [190/745] CORREGIR 6365830038483996845 -> CORREGIDO
[correcciones]   [191/745] CORREGIR 8217303539274983790 -> CORREGIDO
[correcciones]   [192/745] CORREGIR 3565318174437213204 -> CORREGIDO
[correcciones]   [193/745] CORREGIR 3681985232556664526 -> CORREGIDO
[correcciones]   [194/745] CORREGIR 6168150384008163127 -> CORREGIDO
[correcciones]   [195/745] CORREGIR 8859173305997789866 -> CORREGIDO
[correcciones]   [196/745] CORREGIR 3180648899172340066 -> CORREGIDO
[correcciones]   [197/745] CORREGIR 1152874990722066538 -> CORREGIDO
[correcciones]   [198/745] CORREGIR 7570506311520590951 -> CORREGIDO
[correcciones]   [199/745] CORREGIR 6818743062392658536 -> CORREGIDO
[correcciones]   [200/745] CORREGIR 5693436114782280508 -> CORREGIDO
[correcciones]   [201/745] CORREGIR 3414992587586707031 -> CORREGIDO
[correcciones]   [202/745] CORREGIR 603669205173434982 -> CORREGIDO
[correcciones]   [203/745] CORREGIR 6240508018923334013 -> CORREGIDO
[correcciones]   [204/745] CORREGIR 774931755019694272 -> CORREGIDO
[correcciones]   [205/745] CORREGIR 478386251863247391 -> CORREGIDO
[correcciones]   [206/745] CORREGIR 5344022234621284212 -> CORREGIDO
[correcciones]   [207/745] CORREGIR 8234610097457401056 -> CORREGIDO
[correcciones]   [208/745] CORREGIR 8384579472423290368 -> CORREGIDO
[correcciones]   [209/745] CORREGIR 8761116792766878564 -> CORREGIDO
[correcciones]   [210/745] CORREGIR 2841922435103739538 -> CORREGIDO
[correcciones]   [211/745] CORREGIR 111309482457327698 -> CORREGIDO
[correcciones]   [212/745] CORREGIR 7695795854520868494 -> CORREGIDO
[correcciones]   [213/745] CORREGIR 204409878629475872 -> CORREGIDO
[correcciones]   [214/745] CORREGIR 744301152536687315 -> CORREGIDO
[correcciones]   [215/745] CORREGIR 63236093527870849 -> CORREGIDO
[correcciones]   [216/745] CORREGIR 3690640181850567616 -> CORREGIDO
[correcciones]   [217/745] CORREGIR 3808812796027482036 -> CORREGIDO
[correcciones]   [218/745] CORREGIR 5967720812805836144 -> CORREGIDO
[correcciones]   [219/745] CORREGIR 5484106565924870260 -> CORREGIDO
[correcciones]   [220/745] CORREGIR 5452126199478112024 -> CORREGIDO
[correcciones]   [221/745] CORREGIR 7571908513066515916 -> CORREGIDO
[correcciones]   [222/745] CORREGIR 4321345775654490144 -> CORREGIDO
[correcciones]   [223/745] CORREGIR 1194819881844186143 -> CORREGIDO
[correcciones]   [224/745] CORREGIR 5908355092408353693 -> CORREGIDO
[correcciones]   [225/745] CORREGIR 6043104383156717181 -> CORREGIDO
[correcciones]   [226/745] CORREGIR 4275632395107642898 -> CORREGIDO
[correcciones]   [227/745] CORREGIR 4235296057644120101 -> CORREGIDO
[correcciones]   [228/745] CORREGIR 1815527873836135240 -> CORREGIDO
[correcciones]   [229/745] CORREGIR 2493028178420173174 -> CORREGIDO
[correcciones]   [230/745] CORREGIR 8772073216554946674 -> CORREGIDO
[correcciones]   [231/745] CORREGIR 2041068364304757280 -> CORREGIDO
[correcciones]   [232/745] CORREGIR 2886295601589584433 -> CORREGIDO
[correcciones]   [233/745] CORREGIR 4965920457001797268 -> CORREGIDO
[correcciones]   [234/745] CORREGIR 7226308557777373491 -> CORREGIDO
[correcciones]   [235/745] CORREGIR 954466833646357902 -> CORREGIDO
[correcciones]   [236/745] CORREGIR 7638981913374569512 -> CORREGIDO
[correcciones]   [237/745] CORREGIR 695318864827288129 -> CORREGIDO
[correcciones]   [238/745] CORREGIR 4009959380131181932 -> CORREGIDO
[correcciones]   [239/745] CORREGIR 4260652857232521220 -> CORREGIDO
[correcciones]   [240/745] CORREGIR 655885918767144128 -> CORREGIDO
[correcciones]   [241/745] CORREGIR 4843329619858793223 -> CORREGIDO
[correcciones]   [242/745] CORREGIR 1357166468409025824 -> CORREGIDO
[correcciones]   [243/745] CORREGIR 8726320091378100660 -> CORREGIDO
[correcciones]   [244/745] CORREGIR 7562783617105754380 -> CORREGIDO
[correcciones]   [245/745] CORREGIR 8595909481940396482 -> CORREGIDO
[correcciones]   [246/745] CORREGIR 8853641559690400444 -> CORREGIDO
[correcciones]   [247/745] CORREGIR 2253592929049243451 -> CORREGIDO
[correcciones]   [248/745] CORREGIR 4064436763631444024 -> CORREGIDO
[correcciones]   [249/745] CORREGIR 1204851652111838072 -> CORREGIDO
[correcciones]   [250/745] CORREGIR 3583235084099855031 -> CORREGIDO
[correcciones]   [251/745] CORREGIR 849706014062558348 -> CORREGIDO
[correcciones]   [252/745] CORREGIR 6619833730537527990 -> CORREGIDO
[correcciones]   [253/745] CORREGIR 6069553936003531273 -> CORREGIDO
[correcciones]   [254/745] CORREGIR 4490708123792479730 -> CORREGIDO
[correcciones]   [255/745] CORREGIR 298812311732482381 -> CORREGIDO
[correcciones]   [256/745] CORREGIR 5900383560605214087 -> CORREGIDO
[correcciones]   [257/745] CORREGIR 7621622013239660844 -> CORREGIDO
[correcciones]   [258/745] CORREGIR 6559763862782723349 -> CORREGIDO
[correcciones]   [259/745] CORREGIR 560778743118797788 -> CORREGIDO
[correcciones]   [260/745] CORREGIR 4950759944946372518 -> CORREGIDO
[correcciones]   [261/745] CORREGIR 2287111381358946342 -> CORREGIDO
[correcciones]   [262/745] CORREGIR 3719251158808077405 -> CORREGIDO
[correcciones]   [263/745] CORREGIR 7698008718298029392 -> CORREGIDO
[correcciones]   [264/745] CORREGIR 8648545001258092154 -> CORREGIDO
[correcciones]   [265/745] CORREGIR 7577449142392658377 -> CORREGIDO
[correcciones]   [266/745] CORREGIR 8486492548334722134 -> CORREGIDO
[correcciones]   [267/745] CORREGIR 1646012418710249283 -> CORREGIDO
[correcciones]   [268/745] CORREGIR 3391947721315838580 -> CORREGIDO
[correcciones]   [269/745] CORREGIR 1989132127154734987 -> CORREGIDO
[correcciones]   [270/745] CORREGIR 1132584317458564134 -> CORREGIDO
[correcciones]   [271/745] CORREGIR 5783141738102588903 -> CORREGIDO
[correcciones]   [272/745] CORREGIR 2623278944794664712 -> CORREGIDO
[correcciones]   [273/745] CORREGIR 3435380337195924247 -> CORREGIDO
[correcciones]   [274/745] CORREGIR 9180069787125447350 -> CORREGIDO
[correcciones]   [275/745] CORREGIR 9043149523040813447 -> CORREGIDO
[correcciones]   [276/745] CORREGIR 6229616562250400957 -> CORREGIDO
[correcciones]   [277/745] CORREGIR 3747164277718925823 -> CORREGIDO
[correcciones]   [278/745] CORREGIR 4030259022829016450 -> CORREGIDO
[correcciones]   [279/745] CORREGIR 7300550267946336313 -> CORREGIDO
[correcciones]   [280/745] CORREGIR 1214467948438869574 -> CORREGIDO
[correcciones]   [281/745] CORREGIR 3061556542264839872 -> CORREGIDO
[correcciones]   [282/745] CORREGIR 6905977419302537579 -> CORREGIDO
[correcciones]   [283/745] CORREGIR 4425977247872223819 -> CORREGIDO
[correcciones]   [284/745] CORREGIR 6790571538054802456 -> CORREGIDO
[correcciones]   [285/745] CORREGIR 949481333789175308 -> CORREGIDO
[correcciones]   [286/745] CORREGIR 8943354874553631171 -> CORREGIDO
[correcciones]   [287/745] CORREGIR 246252786933625795 -> CORREGIDO
[correcciones]   [288/745] CORREGIR 8792122456097563924 -> CORREGIDO
[correcciones]   [289/745] CORREGIR 6541637794996535675 -> CORREGIDO
[correcciones]   [290/745] CORREGIR 845294660998511120 -> CORREGIDO
[correcciones]   [291/745] CORREGIR 8956780714164400029 -> CORREGIDO
[correcciones]   [292/745] CORREGIR 8109260875442288346 -> CORREGIDO
[correcciones]   [293/745] CORREGIR 7780778922822206064 -> CORREGIDO
[correcciones]   [294/745] CORREGIR 4912809727539612997 -> CORREGIDO
[correcciones]   [295/745] CORREGIR 9166308769107678895 -> CORREGIDO
[correcciones]   [296/745] CORREGIR 5953619093799718393 -> CORREGIDO
[correcciones]   [297/745] CORREGIR 6819943434571669540 -> CORREGIDO
[correcciones]   [298/745] CORREGIR 4629848504681666745 -> CORREGIDO
[correcciones]   [299/745] CORREGIR 1882461458753423243 -> CORREGIDO
[correcciones]   [300/745] CORREGIR 1591276864818882406 -> CORREGIDO
[correcciones]   [301/745] CORREGIR 5844187680448251487 -> CORREGIDO
[correcciones]   [302/745] CORREGIR 4003058498983596505 -> CORREGIDO
[correcciones]   [303/745] CORREGIR 5577693091287400574 -> CORREGIDO
[correcciones]   [304/745] CORREGIR 7420696834486619436 -> CORREGIDO
[correcciones]   [305/745] CORREGIR 8935266676853246193 -> CORREGIDO
[correcciones]   [306/745] CORREGIR 6177840431224097544 -> CORREGIDO
[correcciones]   [307/745] CORREGIR 580750704204989625 -> CORREGIDO
[correcciones]   [308/745] CORREGIR 191003141513982787 -> CORREGIDO
[correcciones]   [309/745] CORREGIR 2976295975981038137 -> CORREGIDO
[correcciones]   [310/745] CORREGIR 323243571806312853 -> CORREGIDO
[correcciones]   [311/745] CORREGIR 378677744947565887 -> CORREGIDO
[correcciones]   [312/745] CORREGIR 395291871126578709 -> CORREGIDO
[correcciones]   [313/745] CORREGIR 471532074609474742 -> CORREGIDO
[correcciones]   [314/745] CORREGIR 664938852722790952 -> CORREGIDO
[correcciones]   [315/745] CORREGIR 973830024630381705 -> CORREGIDO
[correcciones]   [316/745] CORREGIR 812744747362268309 -> CORREGIDO
[correcciones]   [317/745] CORREGIR 1012087405635004838 -> CORREGIDO
[correcciones]   [318/745] CORREGIR 1089331342320507532 -> CORREGIDO
[correcciones]   [319/745] CORREGIR 1002771502666617033 -> CORREGIDO
[correcciones]   [320/745] CORREGIR 1227365700516459406 -> CORREGIDO
[correcciones]   [321/745] CORREGIR 1518464790216022735 -> CORREGIDO
[correcciones]   [322/745] CORREGIR 1629859879183596277 -> CORREGIDO
[correcciones]   [323/745] CORREGIR 1669118988954681372 -> CORREGIDO
[correcciones]   [324/745] CORREGIR 1625098856892882581 -> CORREGIDO
[correcciones]   [325/745] CORREGIR 1730688840922778497 -> CORREGIDO
[correcciones]   [326/745] CORREGIR 1940619012690789798 -> CORREGIDO
[correcciones]   [327/745] CORREGIR 2144147859963209951 -> CORREGIDO
[correcciones]   [328/745] CORREGIR 2014491421866564205 -> CORREGIDO
[correcciones]   [329/745] CORREGIR 2411230190279122699 -> CORREGIDO
[correcciones]   [330/745] CORREGIR 2654365348672231568 -> CORREGIDO
[correcciones]   [331/745] CORREGIR 2872549620934107150 -> CORREGIDO
[correcciones]   [332/745] CORREGIR 2868075975892773083 -> CORREGIDO
[correcciones]   [333/745] CORREGIR 2674569341348558903 -> CORREGIDO
[correcciones]   [334/745] CORREGIR 3190162405001260850 -> CORREGIDO
[correcciones]   [335/745] CORREGIR 2927178531758558239 -> CORREGIDO
[correcciones]   [336/745] CORREGIR 5124627752884527420 -> CORREGIDO
[correcciones]   [337/745] CORREGIR 3669991944652251963 -> CORREGIDO
[correcciones]   [338/745] CORREGIR 4741201102750965291 -> CORREGIDO
[correcciones]   [339/745] CORREGIR 5328934124872845818 -> CORREGIDO
[correcciones]   [340/745] CORREGIR 5281441499884760823 -> CORREGIDO
[correcciones]   [341/745] CORREGIR 5196465363893958728 -> CORREGIDO
[correcciones]   [342/745] CORREGIR 5364003139664396582 -> CORREGIDO
[correcciones]   [343/745] CORREGIR 5373991310516059354 -> CORREGIDO
[correcciones]   [344/745] CORREGIR 5447366522130128284 -> CORREGIDO
[correcciones]   [345/745] CORREGIR 5431065037935480846 -> CORREGIDO
[correcciones]   [346/745] CORREGIR 5497052827709474871 -> CORREGIDO
[correcciones]   [347/745] CORREGIR 5563859941724701386 -> CORREGIDO
[correcciones]   [348/745] CORREGIR 5503238624608112132 -> CORREGIDO
[correcciones]   [349/745] CORREGIR 5687446974250315593 -> CORREGIDO
[correcciones]   [350/745] CORREGIR 5700536501911823070 -> CORREGIDO
[correcciones]   [351/745] CORREGIR 5572277042769447231 -> CORREGIDO
[correcciones]   [352/745] CORREGIR 5751439043904521230 -> CORREGIDO
[correcciones]   [353/745] CORREGIR 5769010244371323946 -> CORREGIDO
[correcciones]   [354/745] CORREGIR 5769118579529447576 -> CORREGIDO
[correcciones]   [355/745] CORREGIR 5782086374888958384 -> CORREGIDO
[correcciones]   [356/745] CORREGIR 5909175788660094961 -> CORREGIDO
[correcciones]   [357/745] CORREGIR 5917561745647867960 -> CORREGIDO
[correcciones]   [358/745] CORREGIR 5921165718349551750 -> CORREGIDO
[correcciones]   [359/745] CORREGIR 5945446912842925693 -> CORREGIDO
[correcciones]   [360/745] CORREGIR 5970821200601325703 -> CORREGIDO
[correcciones]   [361/745] CORREGIR 6077096348871888143 -> CORREGIDO
[correcciones]   [362/745] CORREGIR 6068757279389012225 -> CORREGIDO
[correcciones]   [363/745] CORREGIR 6146680306164092816 -> CORREGIDO
[correcciones]   [364/745] CORREGIR 6165007611569155429 -> CORREGIDO
[correcciones]   [365/745] CORREGIR 6357322759783771421 -> CORREGIDO
[correcciones]   [366/745] CORREGIR 6396009429877743788 -> CORREGIDO
[correcciones]   [367/745] CORREGIR 6491467968715274995 -> CORREGIDO
[correcciones]   [368/745] CORREGIR 6419262238122901438 -> CORREGIDO
[correcciones]   [369/745] CORREGIR 6585136502572815401 -> CORREGIDO
[correcciones]   [370/745] CORREGIR 6569306467141010626 -> CORREGIDO
[correcciones]   [371/745] CORREGIR 6659501637956729762 -> CORREGIDO
[correcciones]   [372/745] CORREGIR 6696999564469004353 -> CORREGIDO
[correcciones]   [373/745] CORREGIR 6918358520659369996 -> CORREGIDO
[correcciones]   [374/745] CORREGIR 6976479457043235741 -> CORREGIDO
[correcciones]   [375/745] CORREGIR 7037143480088551442 -> CORREGIDO
[correcciones]   [376/745] CORREGIR 7064414157442951753 -> CORREGIDO
[correcciones]   [377/745] CORREGIR 7126990148015956551 -> CORREGIDO
[correcciones]   [378/745] CORREGIR 7146358853032762809 -> CORREGIDO
[correcciones]   [379/745] CORREGIR 7202974052896466079 -> CORREGIDO
[correcciones]   [380/745] CORREGIR 7202171031312871807 -> CORREGIDO
[correcciones]   [381/745] CORREGIR 7206257650416035339 -> CORREGIDO
[correcciones]   [382/745] CORREGIR 7344853966917536682 -> CORREGIDO
[correcciones]   [383/745] CORREGIR 7355260018497062870 -> CORREGIDO
[correcciones]   [384/745] CORREGIR 7377269976649195214 -> CORREGIDO
[correcciones]   [385/745] CORREGIR 7558844944169149407 -> CORREGIDO
[correcciones]   [386/745] CORREGIR 7426267796546006298 -> CORREGIDO
[correcciones]   [387/745] CORREGIR 7548435362735784017 -> CORREGIDO
[correcciones]   [388/745] CORREGIR 7563603697256635432 -> CORREGIDO
[correcciones]   [389/745] CORREGIR 7782348151541260951 -> CORREGIDO
[correcciones]   [390/745] CORREGIR 7808410717939195121 -> CORREGIDO
[correcciones]   [391/745] CORREGIR 7854180520958980622 -> CORREGIDO
[correcciones]   [392/745] CORREGIR 7810916054793745324 -> CORREGIDO
[correcciones]   [393/745] CORREGIR 8084215020212693176 -> CORREGIDO
[correcciones]   [394/745] CORREGIR 7898097995950934525 -> CORREGIDO
[correcciones]   [395/745] CORREGIR 8202356917412933073 -> CORREGIDO
[correcciones]   [396/745] CORREGIR 8263585047558216820 -> CORREGIDO
[correcciones]   [397/745] CORREGIR 8354527640890868427 -> CORREGIDO
[correcciones]   [398/745] CORREGIR 8316573694569331161 -> CORREGIDO
[correcciones]   [399/745] CORREGIR 8397744148551484617 -> CORREGIDO
[correcciones]   [400/745] CORREGIR 8428678204861176008 -> CORREGIDO
[correcciones]   [401/745] CORREGIR 8536036523234122052 -> CORREGIDO
[correcciones]   [402/745] CORREGIR 8471106406390171097 -> CORREGIDO
[correcciones]   [403/745] CORREGIR 8598545385842619038 -> CORREGIDO
[correcciones]   [404/745] CORREGIR 8579804762230809975 -> CORREGIDO
[correcciones]   [405/745] CORREGIR 8786915565071614095 -> CORREGIDO
[correcciones]   [406/745] CORREGIR 8695786427755041260 -> CORREGIDO
[correcciones]   [407/745] CORREGIR 8934384312256046003 -> CORREGIDO
[correcciones]   [408/745] CORREGIR 8803384671533468244 -> CORREGIDO
[correcciones]   [409/745] CORREGIR 9084861273378110041 -> CORREGIDO
[correcciones]   [410/745] CORREGIR 9044506138612349416 -> CORREGIDO
[correcciones]   [411/745] CORREGIR 9203382209392588726 -> CORREGIDO
[correcciones]   [412/745] CORREGIR 9100038106727195009 -> CORREGIDO
[correcciones]   [413/745] CORREGIR 4280548743927464 -> CORREGIDO
[correcciones]   [414/745] CORREGIR 9211436983321354973 -> CORREGIDO
[correcciones]   [415/745] CORREGIR 245222125995600397 -> CORREGIDO
[correcciones]   [416/745] CORREGIR 34763795773178188 -> CORREGIDO
[correcciones]   [417/745] CORREGIR 927831752947886466 -> CORREGIDO
[correcciones]   [418/745] CORREGIR 664504385801399179 -> CORREGIDO
[correcciones]   [419/745] CORREGIR 442848623418089713 -> CORREGIDO
[correcciones]   [420/745] CORREGIR 935294769574132147 -> CORREGIDO
[correcciones]   [421/745] CORREGIR 934742012257979045 -> CORREGIDO
[correcciones]   [422/745] CORREGIR 1382516200085056509 -> CORREGIDO
[correcciones]   [423/745] CORREGIR 1010747224309041485 -> CORREGIDO
[correcciones]   [424/745] CORREGIR 3736792956229525656 -> CORREGIDO
[correcciones]   [425/745] CORREGIR 2800854534709903276 -> CORREGIDO
[correcciones]   [426/745] CORREGIR 2744439768830245964 -> CORREGIDO
[correcciones]   [427/745] CORREGIR 3837696094737261861 -> CORREGIDO
[correcciones]   [428/745] CORREGIR 3760987226352062569 -> CORREGIDO
[correcciones]   [429/745] CORREGIR 3916518124434903987 -> CORREGIDO
[correcciones]   [430/745] CORREGIR 4016503477312953222 -> CORREGIDO
[correcciones]   [431/745] CORREGIR 3987233801294122527 -> CORREGIDO
[correcciones]   [432/745] CORREGIR 4121252029742938818 -> CORREGIDO
[correcciones]   [433/745] CORREGIR 4050404259146527622 -> CORREGIDO
[correcciones]   [434/745] CORREGIR 4247956193704974221 -> CORREGIDO
[correcciones]   [435/745] CORREGIR 4171099429160911977 -> CORREGIDO
[correcciones]   [436/745] CORREGIR 4213024910115287039 -> CORREGIDO
[correcciones]   [437/745] CORREGIR 4336665589923863393 -> CORREGIDO
[correcciones]   [438/745] CORREGIR 4302099100843543317 -> CORREGIDO
[correcciones]   [439/745] CORREGIR 4273307880585890957 -> CORREGIDO
[correcciones]   [440/745] CORREGIR 4478767479986537098 -> CORREGIDO
[correcciones]   [441/745] CORREGIR 4376529602876699139 -> CORREGIDO
[correcciones]   [442/745] CORREGIR 4602489547801878853 -> CORREGIDO
[correcciones]   [443/745] CORREGIR 4687202685327978659 -> CORREGIDO
[correcciones]   [444/745] CORREGIR 4637680292959877162 -> CORREGIDO
[correcciones]   [445/745] CORREGIR 4765571102018637777 -> CORREGIDO
[correcciones]   [446/745] CORREGIR 4738864728289326174 -> CORREGIDO
[correcciones]   [447/745] CORREGIR 5004649834416763611 -> CORREGIDO
[correcciones]   [448/745] CORREGIR 5281666021815443786 -> CORREGIDO
[correcciones]   [449/745] CORREGIR 5269651987508918178 -> CORREGIDO
[correcciones]   [450/745] CORREGIR 4980944820951920556 -> CORREGIDO
[correcciones]   [451/745] CORREGIR 5716074927971472180 -> CORREGIDO
[correcciones]   [452/745] CORREGIR 5336047499236861286 -> CORREGIDO
[correcciones]   [453/745] CORREGIR 5757462518914467480 -> CORREGIDO
[correcciones]   [454/745] CORREGIR 5792916326144892007 -> CORREGIDO
[correcciones]   [455/745] CORREGIR 6115693068211152242 -> CORREGIDO
[correcciones]   [456/745] CORREGIR 5720139078815952552 -> CORREGIDO
[correcciones]   [457/745] CORREGIR 6136376045278558318 -> CORREGIDO
[correcciones]   [458/745] CORREGIR 6459101418515664822 -> CORREGIDO
[correcciones]   [459/745] CORREGIR 6325272373631645008 -> CORREGIDO
[correcciones]   [460/745] CORREGIR 6699618288085599843 -> CORREGIDO
[correcciones]   [461/745] CORREGIR 6636882492678144499 -> CORREGIDO
[correcciones]   [462/745] CORREGIR 6789899948234679328 -> CORREGIDO
[correcciones]   [463/745] CORREGIR 6988356196215116569 -> CORREGIDO
[correcciones]   [464/745] CORREGIR 7098899036602297046 -> CORREGIDO
[correcciones]   [465/745] CORREGIR 6934249052283139581 -> CORREGIDO
[correcciones]   [466/745] CORREGIR 7114216057783051116 -> CORREGIDO
[correcciones]   [467/745] CORREGIR 7129096775891679908 -> CORREGIDO
[correcciones]   [468/745] CORREGIR 7191379680457550942 -> CORREGIDO
[correcciones]   [469/745] CORREGIR 7183951682207016765 -> CORREGIDO
[correcciones]   [470/745] CORREGIR 7205917495296231091 -> CORREGIDO
[correcciones]   [471/745] CORREGIR 7351433565578117236 -> CORREGIDO
[correcciones]   [472/745] CORREGIR 7318691968171655690 -> CORREGIDO
[correcciones]   [473/745] CORREGIR 7307200562975921242 -> CORREGIDO
[correcciones]   [474/745] CORREGIR 8212177659003149485 -> CORREGIDO
[correcciones]   [475/745] CORREGIR 8169282654694383237 -> CORREGIDO
[correcciones]   [476/745] CORREGIR 8129862282911638526 -> CORREGIDO
[correcciones]   [477/745] CORREGIR 8351034135473588199 -> CORREGIDO
[correcciones]   [478/745] CORREGIR 8396626583696383526 -> CORREGIDO
[correcciones]   [479/745] CORREGIR 8231413660855711319 -> CORREGIDO
[correcciones]   [480/745] CORREGIR 8241772349938227819 -> CORREGIDO
[correcciones]   [481/745] CORREGIR 9183400577433921765 -> CORREGIDO
[correcciones]   [482/745] CORREGIR 8859630736464960863 -> CORREGIDO
[correcciones]   [483/745] CORREGIR 8426526133771876248 -> CORREGIDO
[correcciones]   [484/745] CORREGIR 311730455943497432 -> CORREGIDO
[correcciones]   [485/745] CORREGIR 34362257305482375 -> CORREGIDO
[correcciones]   [486/745] CORREGIR 86718170173623 -> CORREGIDO
[correcciones]   [487/745] CORREGIR 1550905965622191930 -> CORREGIDO
[correcciones]   [488/745] CORREGIR 821583687949791133 -> CORREGIDO
[correcciones]   [489/745] CORREGIR 455843561579621783 -> CORREGIDO
[correcciones]   [490/745] CORREGIR 3879321263038405783 -> CORREGIDO
[correcciones]   [491/745] CORREGIR 3085493118766925530 -> CORREGIDO
[correcciones]   [492/745] CORREGIR 4259460372891534664 -> CORREGIDO
[correcciones]   [493/745] CORREGIR 4208213313252069952 -> CORREGIDO
[correcciones]   [494/745] CORREGIR 4046788635424332413 -> CORREGIDO
[correcciones]   [495/745] CORREGIR 4374008651875089861 -> CORREGIDO
[correcciones]   [496/745] CORREGIR 4311602280525839589 -> CORREGIDO
[correcciones]   [497/745] CORREGIR 4290881225746951312 -> CORREGIDO
[correcciones]   [498/745] CORREGIR 4647958221092306997 -> CORREGIDO
[correcciones]   [499/745] CORREGIR 4728057298220062264 -> CORREGIDO
[correcciones]   [500/745] CORREGIR 4612153278099451308 -> CORREGIDO
[correcciones]   [501/745] CORREGIR 4613792654381192308 -> CORREGIDO
[correcciones]   [502/745] CORREGIR 5054868888724687798 -> CORREGIDO
[correcciones]   [503/745] CORREGIR 5090001975361091734 -> CORREGIDO
[correcciones]   [504/745] CORREGIR 4738109350407684974 -> CORREGIDO
[correcciones]   [505/745] CORREGIR 5020749792907235414 -> CORREGIDO
[correcciones]   [506/745] CORREGIR 5227730111930579464 -> CORREGIDO
[correcciones]   [507/745] CORREGIR 5679790700415965793 -> CORREGIDO
[correcciones]   [508/745] CORREGIR 5528804465405955733 -> CORREGIDO
[correcciones]   [509/745] CORREGIR 5269585546607039837 -> CORREGIDO
[correcciones]   [510/745] CORREGIR 5903441078056402739 -> CORREGIDO
[correcciones]   [511/745] CORREGIR 5811471969835072558 -> CORREGIDO
[correcciones]   [512/745] CORREGIR 5808566527271560272 -> CORREGIDO
[correcciones]   [513/745] CORREGIR 5939265537787146658 -> CORREGIDO
[correcciones]   [514/745] CORREGIR 6017989975140912323 -> CORREGIDO
[correcciones]   [515/745] CORREGIR 5949085114813903278 -> CORREGIDO
[correcciones]   [516/745] CORREGIR 6313950545181352213 -> CORREGIDO
[correcciones]   [517/745] CORREGIR 6169917392470284412 -> CORREGIDO
[correcciones]   [518/745] CORREGIR 6680288544128142641 -> CORREGIDO
[correcciones]   [519/745] CORREGIR 6772366809887485435 -> CORREGIDO
[correcciones]   [520/745] CORREGIR 7232715277265674550 -> CORREGIDO
[correcciones]   [521/745] CORREGIR 6709494749994886602 -> CORREGIDO
[correcciones]   [522/745] CORREGIR 7486853172497835516 -> CORREGIDO
[correcciones]   [523/745] CORREGIR 7408233103356288644 -> CORREGIDO
[correcciones]   [524/745] CORREGIR 7246167016606001197 -> CORREGIDO
[correcciones]   [525/745] CORREGIR 7967198884711478363 -> CORREGIDO
[correcciones]   [526/745] CORREGIR 7596356558415143683 -> CORREGIDO
[correcciones]   [527/745] CORREGIR 8179393919883597442 -> CORREGIDO
[correcciones]   [528/745] CORREGIR 8472522919752616170 -> CORREGIDO
[correcciones]   [529/745] CORREGIR 8598540793691001127 -> CORREGIDO
[correcciones]   [530/745] CORREGIR 8863051712260310154 -> CORREGIDO
[correcciones]   [531/745] CORREGIR 39389764531201649 -> CORREGIDO
[correcciones]   [532/745] CORREGIR 119205651881671539 -> CORREGIDO
[correcciones]   [533/745] CORREGIR 907508432949301914 -> CORREGIDO
[correcciones]   [534/745] CORREGIR 337936616210732434 -> CORREGIDO
[correcciones]   [535/745] CORREGIR 192292643249761698 -> CORREGIDO
[correcciones]   [536/745] CORREGIR 1159703038525192558 -> CORREGIDO
[correcciones]   [537/745] CORREGIR 1327372344186145168 -> CORREGIDO
[correcciones]   [538/745] CORREGIR 2338314164794436003 -> CORREGIDO
[correcciones]   [539/745] CORREGIR 4185609321706859786 -> CORREGIDO
[correcciones]   [540/745] CORREGIR 2814206579961342173 -> CORREGIDO
[correcciones]   [541/745] CORREGIR 4552053723243620802 -> CORREGIDO
[correcciones]   [542/745] CORREGIR 4527822088560994241 -> CORREGIDO
[correcciones]   [543/745] CORREGIR 4592489850060081775 -> CORREGIDO
[correcciones]   [544/745] CORREGIR 4586082816447318901 -> CORREGIDO
[correcciones]   [545/745] CORREGIR 4601280029507918044 -> CORREGIDO
[correcciones]   [546/745] CORREGIR 4653499067122512651 -> CORREGIDO
[correcciones]   [547/745] CORREGIR 4634669120372668418 -> CORREGIDO
[correcciones]   [548/745] CORREGIR 5212653877053165169 -> CORREGIDO
[correcciones]   [549/745] CORREGIR 5145508582071213377 -> CORREGIDO
[correcciones]   [550/745] CORREGIR 5456850917005016171 -> CORREGIDO
[correcciones]   [551/745] CORREGIR 5263073190903787694 -> CORREGIDO
[correcciones]   [552/745] CORREGIR 5788667364622880483 -> CORREGIDO
[correcciones]   [553/745] CORREGIR 5472985463014928657 -> CORREGIDO
[correcciones]   [554/745] CORREGIR 5658044831304498805 -> CORREGIDO
[correcciones]   [555/745] CORREGIR 6163004810024428879 -> CORREGIDO
[correcciones]   [556/745] CORREGIR 6561113377564600064 -> CORREGIDO
[correcciones]   [557/745] CORREGIR 6225476900250592965 -> CORREGIDO
[correcciones]   [558/745] CORREGIR 6503845252508791392 -> CORREGIDO
[correcciones]   [559/745] CORREGIR 6886350444883337185 -> CORREGIDO
[correcciones]   [560/745] CORREGIR 6638798884063252387 -> CORREGIDO
[correcciones]   [561/745] CORREGIR 6925104168173850656 -> CORREGIDO
[correcciones]   [562/745] CORREGIR 7183630775828034612 -> CORREGIDO
[correcciones]   [563/745] CORREGIR 7541077917234358627 -> CORREGIDO
[correcciones]   [564/745] CORREGIR 7788370555827996219 -> CORREGIDO
[correcciones]   [565/745] CORREGIR 7822883322381252191 -> CORREGIDO
[correcciones]   [566/745] CORREGIR 8405780150052477940 -> CORREGIDO
[correcciones]   [567/745] CORREGIR 8131736549492094881 -> CORREGIDO
[correcciones]   [568/745] CORREGIR 8054490796396819048 -> CORREGIDO
[correcciones]   [569/745] CORREGIR 8733591214195854432 -> CORREGIDO
[correcciones]   [570/745] CORREGIR 229991573278440653 -> CORREGIDO
[correcciones]   [571/745] CORREGIR 246296154001152495 -> CORREGIDO
[correcciones]   [572/745] CORREGIR 358342261511412289 -> CORREGIDO
[correcciones]   [573/745] CORREGIR 553692137222890333 -> CORREGIDO
[correcciones]   [574/745] CORREGIR 379718038501032933 -> CORREGIDO
[correcciones]   [575/745] CORREGIR 599725685579689597 -> CORREGIDO
[correcciones]   [576/745] CORREGIR 719781298220202158 -> CORREGIDO
[correcciones]   [577/745] CORREGIR 671689616866516858 -> CORREGIDO
[correcciones]   [578/745] CORREGIR 1045110551128484373 -> CORREGIDO
[correcciones]   [579/745] CORREGIR 1111303850076340877 -> CORREGIDO
[correcciones]   [580/745] CORREGIR 1209984309345548527 -> CORREGIDO
[correcciones]   [581/745] CORREGIR 1543479518295421613 -> CORREGIDO
[correcciones]   [582/745] CORREGIR 2005667578495569627 -> CORREGIDO
[correcciones]   [583/745] CORREGIR 2026345270784104979 -> CORREGIDO
[correcciones]   [584/745] CORREGIR 2370185589366697437 -> CORREGIDO
[correcciones]   [585/745] CORREGIR 2181054076074504270 -> CORREGIDO
[correcciones]   [586/745] CORREGIR 2208271671379932101 -> CORREGIDO
[correcciones]   [587/745] CORREGIR 2500869327036211406 -> CORREGIDO
[correcciones]   [588/745] CORREGIR 2375232831351086961 -> CORREGIDO
[correcciones]   [589/745] CORREGIR 2756865614679163284 -> CORREGIDO
[correcciones]   [590/745] CORREGIR 3237305079553011739 -> CORREGIDO
[correcciones]   [591/745] CORREGIR 4136881458516455740 -> CORREGIDO
[correcciones]   [592/745] CORREGIR 4174702334710224003 -> CORREGIDO
[correcciones]   [593/745] CORREGIR 4211993318489332691 -> CORREGIDO
[correcciones]   [594/745] CORREGIR 4244050456149807930 -> CORREGIDO
[correcciones]   [595/745] CORREGIR 4506207705417120432 -> CORREGIDO
[correcciones]   [596/745] CORREGIR 4528758787990062686 -> CORREGIDO
[correcciones]   [597/745] CORREGIR 4525269577100726751 -> CORREGIDO
[correcciones]   [598/745] CORREGIR 4547056236399407009 -> CORREGIDO
[correcciones]   [599/745] CORREGIR 4551505139478930526 -> CORREGIDO
[correcciones]   [600/745] CORREGIR 4575394370469070966 -> CORREGIDO
[correcciones]   [601/745] CORREGIR 4621923441338114660 -> CORREGIDO
[correcciones]   [602/745] CORREGIR 4655567583889623250 -> CORREGIDO
[correcciones]   [603/745] CORREGIR 4692136380352195668 -> CORREGIDO
[correcciones]   [604/745] CORREGIR 4725070067332297939 -> CORREGIDO
[correcciones]   [605/745] CORREGIR 4802645744286826448 -> CORREGIDO
[correcciones]   [606/745] CORREGIR 4831376501321064930 -> CORREGIDO
[correcciones]   [607/745] CORREGIR 4867753495025994550 -> CORREGIDO
[correcciones]   [608/745] CORREGIR 5009956625114896677 -> CORREGIDO
[correcciones]   [609/745] CORREGIR 5023221663419744961 -> CORREGIDO
[correcciones]   [610/745] CORREGIR 5060601966801785277 -> CORREGIDO
[correcciones]   [611/745] CORREGIR 5023349513501789173 -> CORREGIDO
[correcciones]   [612/745] CORREGIR 5121494792594338913 -> CORREGIDO
[correcciones]   [613/745] CORREGIR 5163285781670170899 -> CORREGIDO
[correcciones]   [614/745] CORREGIR 5223686891377161767 -> CORREGIDO
[correcciones]   [615/745] CORREGIR 5177564748816766672 -> CORREGIDO
[correcciones]   [616/745] CORREGIR 5292915591865591051 -> CORREGIDO
[correcciones]   [617/745] CORREGIR 5337926219016398220 -> CORREGIDO
[correcciones]   [618/745] CORREGIR 5511450502342740719 -> CORREGIDO
[correcciones]   [619/745] CORREGIR 5519877793198712387 -> CORREGIDO
[correcciones]   [620/745] CORREGIR 5522309283081548265 -> CORREGIDO
[correcciones]   [621/745] CORREGIR 5573350108349685280 -> CORREGIDO
[correcciones]   [622/745] CORREGIR 5653708144094102598 -> CORREGIDO
[correcciones]   [623/745] CORREGIR 5739579078304868357 -> CORREGIDO
[correcciones]   [624/745] CORREGIR 5721745193465721621 -> CORREGIDO
[correcciones]   [625/745] CORREGIR 5830274012127744849 -> CORREGIDO
[correcciones]   [626/745] CORREGIR 5780677027745975340 -> CORREGIDO
[correcciones]   [627/745] CORREGIR 5847226944353013706 -> CORREGIDO
[correcciones]   [628/745] CORREGIR 5957834068943433018 -> CORREGIDO
[correcciones]   [629/745] CORREGIR 6236031908540324258 -> CORREGIDO
[correcciones]   [630/745] CORREGIR 6257201873127126318 -> CORREGIDO
[correcciones]   [631/745] CORREGIR 6326796254148332592 -> CORREGIDO
[correcciones]   [632/745] CORREGIR 6328722049474834607 -> CORREGIDO
[correcciones]   [633/745] CORREGIR 6700777278763155277 -> CORREGIDO
[correcciones]   [634/745] CORREGIR 6758916294927718903 -> CORREGIDO
[correcciones]   [635/745] CORREGIR 6910459654030826692 -> CORREGIDO
[correcciones]   [636/745] CORREGIR 6985750555722492058 -> CORREGIDO
[correcciones]   [637/745] CORREGIR 6992158738499477131 -> CORREGIDO
[correcciones]   [638/745] CORREGIR 7028255585707119610 -> CORREGIDO
[correcciones]   [639/745] CORREGIR 7108239945879680228 -> CORREGIDO
[correcciones]   [640/745] CORREGIR 7143693320872785418 -> CORREGIDO
[correcciones]   [641/745] CORREGIR 7152055665414580120 -> CORREGIDO
[correcciones]   [642/745] CORREGIR 7433754479228468576 -> CORREGIDO
[correcciones]   [643/745] CORREGIR 7508652641857185018 -> CORREGIDO
[correcciones]   [644/745] CORREGIR 7873415046177487919 -> CORREGIDO
[correcciones]   [645/745] CORREGIR 8322954173645363931 -> CORREGIDO
[correcciones]   [646/745] CORREGIR 8400065616523472781 -> CORREGIDO
[correcciones]   [647/745] CORREGIR 8419734106133423715 -> CORREGIDO
[correcciones]   [648/745] CORREGIR 8977821263013820003 -> CORREGIDO
[correcciones]   [649/745] CORREGIR 9007147659360772497 -> CORREGIDO
[correcciones]   [650/745] CORREGIR 9158588902877350400 -> CORREGIDO
[correcciones]   [651/745] CORREGIR 185196456659571752 -> CORREGIDO
[correcciones]   [652/745] CORREGIR 294672021449692818 -> CORREGIDO
[correcciones]   [653/745] CORREGIR 426233147498512827 -> CORREGIDO
[correcciones]   [654/745] CORREGIR 972174358152883087 -> CORREGIDO
[correcciones]   [655/745] CORREGIR 1035319738751252464 -> CORREGIDO
[correcciones]   [656/745] CORREGIR 1109266464202203397 -> CORREGIDO
[correcciones]   [657/745] CORREGIR 1158279000866921656 -> CORREGIDO
[correcciones]   [658/745] CORREGIR 1131494058818896794 -> CORREGIDO
[correcciones]   [659/745] CORREGIR 1694333859257041791 -> CORREGIDO
[correcciones]   [660/745] CORREGIR 1442578790391668957 -> CORREGIDO
[correcciones]   [661/745] CORREGIR 2052921351213869181 -> CORREGIDO
[correcciones]   [662/745] CORREGIR 2229135140872673809 -> CORREGIDO
[correcciones]   [663/745] CORREGIR 2990077317640705379 -> CORREGIDO
[correcciones]   [664/745] CORREGIR 3135127322858400818 -> CORREGIDO
[correcciones]   [665/745] CORREGIR 3222271969115386617 -> CORREGIDO
[correcciones]   [666/745] CORREGIR 4370838694711710188 -> CORREGIDO
[correcciones]   [667/745] CORREGIR 4643956141745986830 -> CORREGIDO
[correcciones]   [668/745] CORREGIR 4563794223046968020 -> CORREGIDO
[correcciones]   [669/745] CORREGIR 4609017555206101772 -> CORREGIDO
[correcciones]   [670/745] CORREGIR 5162841492810654930 -> CORREGIDO
[correcciones]   [671/745] CORREGIR 5376236035920626802 -> CORREGIDO
[correcciones]   [672/745] CORREGIR 6291856487994226203 -> CORREGIDO
[correcciones]   [673/745] CORREGIR 5508435768275177477 -> CORREGIDO
[correcciones]   [674/745] CORREGIR 6147623502610362036 -> CORREGIDO
[correcciones]   [675/745] CORREGIR 3119627361353582559 -> CORREGIDO
[correcciones]   [676/745] CORREGIR 4120664926335189479 -> CORREGIDO
[correcciones]   [677/745] CORREGIR 6650227000925208593 -> CORREGIDO
[correcciones]   [678/745] CORREGIR 8772587595092025904 -> CORREGIDO
[correcciones]   [679/745] CORREGIR 5142090138280693459 -> CORREGIDO
[correcciones]   [680/745] CORREGIR 6900077154657984698 -> CORREGIDO
[correcciones]   [681/745] CORREGIR 7599494066591201107 -> CORREGIDO
[correcciones]   [682/745] CORREGIR 4997404397148934735 -> CORREGIDO
[correcciones]   [683/745] CORREGIR 3763448285631438615 -> CORREGIDO
[correcciones]   [684/745] CORREGIR 7869511009882250646 -> CORREGIDO
[correcciones]   [685/745] CORREGIR 6912208219956047508 -> CORREGIDO
[correcciones]   [686/745] CORREGIR 4113348798320799996 -> CORREGIDO
[correcciones]   [687/745] CORREGIR 8708894186034416961 -> CORREGIDO
[correcciones]   [688/745] CORREGIR 6026481569392831333 -> CORREGIDO
[correcciones]   [689/745] CORREGIR 4227439483819586378 -> CORREGIDO
[correcciones]   [690/745] CORREGIR 5072090979054496372 -> CORREGIDO
[correcciones]   [691/745] CORREGIR 2772477047718062313 -> CORREGIDO
[correcciones]   [692/745] CORREGIR 3823795752003345151 -> CORREGIDO
[correcciones]   [693/745] CORREGIR 8135125272678729873 -> CORREGIDO
[correcciones]   [694/745] CORREGIR 7195413281755317114 -> CORREGIDO
[correcciones]   [695/745] CORREGIR 6185363670869214125 -> CORREGIDO
[correcciones]   [696/745] CORREGIR 1668122418751481251 -> CORREGIDO
[correcciones]   [697/745] CORREGIR 8640223651678294706 -> CORREGIDO
[correcciones]   [698/745] CORREGIR 1905449318191571746 -> CORREGIDO
[correcciones]   [699/745] CORREGIR 815676795819413431 -> CORREGIDO
[correcciones]   [700/745] CORREGIR 9094803313470261021 -> CORREGIDO
[correcciones]   [701/745] CORREGIR 2226364065984763184 -> CORREGIDO
[correcciones]   [702/745] CORREGIR 7057022376544333933 -> CORREGIDO
[correcciones]   [703/745] CORREGIR 8784714379227721102 -> CORREGIDO
[correcciones]   [704/745] CORREGIR 5796866204251379241 -> CORREGIDO
[correcciones]   [705/745] CORREGIR 7304954034138515795 -> CORREGIDO
[correcciones]   [706/745] CORREGIR 8411292400469830614 -> CORREGIDO
[correcciones]   [707/745] CORREGIR 7665000962780862574 -> CORREGIDO
[correcciones]   [708/745] CORREGIR 6249925595995000077 -> CORREGIDO
[correcciones]   [709/745] CORREGIR 4835468411595533594 -> CORREGIDO
[correcciones]   [710/745] CORREGIR 1899339178341039657 -> CORREGIDO
[correcciones]   [711/745] CORREGIR 3040320266503910378 -> CORREGIDO
[correcciones]   [712/745] CORREGIR 6169761773182813188 -> CORREGIDO
[correcciones]   [713/745] CORREGIR 5763841543036016224 -> CORREGIDO
[correcciones]   [714/745] CORREGIR 4253547369891832067 -> CORREGIDO
[correcciones]   [715/745] CORREGIR 6862166138788843069 -> CORREGIDO
[correcciones]   [716/745] CORREGIR 569685245456977446 -> CORREGIDO
[correcciones]   [717/745] CORREGIR 3054264949822301895 -> CORREGIDO
[correcciones]   [718/745] CORREGIR 5901498869419086870 -> CORREGIDO
[correcciones]   [719/745] CORREGIR 6136641529226480739 -> CORREGIDO
[correcciones]   [720/745] CORREGIR 4580972716779228016 -> CORREGIDO
[correcciones]   [721/745] CORREGIR 238408448659552289 -> CORREGIDO
[correcciones]   [722/745] CORREGIR 4206264833222635184 -> CORREGIDO
[correcciones]   [723/745] CORREGIR 5819465707850955786 -> CORREGIDO
[correcciones]   [724/745] CORREGIR 6673310337374413142 -> CORREGIDO
[correcciones]   [725/745] CORREGIR 3522165200179299402 -> CORREGIDO
[correcciones]   [726/745] CORREGIR 2153058795995268953 -> CORREGIDO
[correcciones]   [727/745] CORREGIR 2934666654914985201 -> CORREGIDO
[correcciones]   [728/745] CORREGIR 6387292909057094416 -> CORREGIDO
[correcciones]   [729/745] CORREGIR 4675251999119251591 -> CORREGIDO
[correcciones]   [730/745] CORREGIR 6144444820867068400 -> CORREGIDO
[correcciones]   [731/745] CORREGIR 3600414466972345924 -> CORREGIDO
[correcciones]   [732/745] CORREGIR 3374284434702883786 -> CORREGIDO
[correcciones]   [733/745] CORREGIR 2279395444554114784 -> CORREGIDO
[correcciones]   [734/745] CORREGIR 4131827182470137164 -> CORREGIDO
[correcciones]   [735/745] CORREGIR 4862242437065291119 -> CORREGIDO
[correcciones]   [736/745] CORREGIR 4279619069094434289 -> CORREGIDO
[correcciones]   [737/745] CORREGIR 6980326174800223732 -> CORREGIDO
[correcciones]   [738/745] CORREGIR 6436474651974135284 -> CORREGIDO
[correcciones]   [739/745] CORREGIR 4404550731489537971 -> CORREGIDO
[correcciones]   [740/745] CORREGIR 2249727106890610184 -> CORREGIDO
[correcciones]   [741/745] CORREGIR 6790169993417119217 -> CORREGIDO
[correcciones]   [742/745] CORREGIR 6755205695078798766 -> CORREGIDO
[correcciones]   [743/745] CORREGIR 2583465947567007235 -> CORREGIDO
[correcciones]   [744/745] CORREGIR 7370841422257245373 -> CORREGIDO
[correcciones]   [745/745] CORREGIR 9023297888160123527 -> CORREGIDO
[correcciones] 
[correcciones] === RESUMEN MANTENIMIENTO ===
[correcciones]   CORREGIDOS : 596
[correcciones]   RETIRADOS  : 149
[correcciones]   YA AUSENTES: 0
[correcciones]   ACTUALIZ.  : 0
[correcciones]   ERRORES    : 0
[correcciones]   en cola    : 0 pendientes de 853
[correcciones]   registro   : C:\Users\Dell G3 Gaming\Documents\Default Project\datos\publicados\registro-historico.txt
[correcciones] hecho.
